Component: ARM Compiler 6.16 Tool: armlink [5dfeaa00]

==============================================================================

Section Cross References

    main.o(.text.main) refers to core.o(.text.Core_Init) for Core_Init
    main.o(.text.main) refers to core.o(.text.Core_Run) for Core_Run
    main.o(.text.main) refers to sensor.o(.text.SensorManager_Run) for SensorManager_Run
    main.o(.text.main) refers to estimator.o(.text.Estimator_Run) for Estimator_Run
    main.o(.text.main) refers to message.o(.text.MessageManager_Run) for MessageManager_Run
    main.o(.ARM.exidx.text.main) refers to main.o(.text.main) for [Anonymous Symbol]
    core.o(.text.Core_Init) refers to core.o(.text.RCC_Configuration) for RCC_Configuration
    core.o(.text.Core_Init) refers to core.o(.text.NVIC_Configuration) for NVIC_Configuration
    core.o(.text.Core_Init) refers to core.o(.text.GPIO_Configuration) for GPIO_Configuration
    core.o(.text.Core_Init) refers to timer.o(.text.TIMER2_BASE_Configuration) for TIMER2_BASE_Configuration
    core.o(.text.Core_Init) refers to usart.o(.text.USART_Configuration) for USART_Configuration
    core.o(.text.Core_Init) refers to timer.o(.text.TIMER3_BASE_Configuration) for TIMER3_BASE_Configuration
    core.o(.ARM.exidx.text.Core_Init) refers to core.o(.text.Core_Init) for [Anonymous Symbol]
    core.o(.text.RCC_Configuration) refers to stm32f10x_rcc.o(.text.RCC_PCLK1Config) for RCC_PCLK1Config
    core.o(.text.RCC_Configuration) refers to stm32f10x_rcc.o(.text.RCC_APB1PeriphClockCmd) for RCC_APB1PeriphClockCmd
    core.o(.text.RCC_Configuration) refers to stm32f10x_rcc.o(.text.RCC_APB2PeriphClockCmd) for RCC_APB2PeriphClockCmd
    core.o(.ARM.exidx.text.RCC_Configuration) refers to core.o(.text.RCC_Configuration) for [Anonymous Symbol]
    core.o(.text.NVIC_Configuration) refers to misc.o(.text.NVIC_PriorityGroupConfig) for NVIC_PriorityGroupConfig
    core.o(.text.NVIC_Configuration) refers to misc.o(.text.NVIC_Init) for NVIC_Init
    core.o(.ARM.exidx.text.NVIC_Configuration) refers to core.o(.text.NVIC_Configuration) for [Anonymous Symbol]
    core.o(.text.GPIO_Configuration) refers to stm32f10x_gpio.o(.text.GPIO_Init) for GPIO_Init
    core.o(.text.GPIO_Configuration) refers to stm32f10x_gpio.o(.text.GPIO_PinRemapConfig) for GPIO_PinRemapConfig
    core.o(.ARM.exidx.text.GPIO_Configuration) refers to core.o(.text.GPIO_Configuration) for [Anonymous Symbol]
    core.o(.text.Core_Run) refers to core.o(.bss.isHeartbeatRequired) for isHeartbeatRequired
    core.o(.text.Core_Run) refers to timer.o(.text.updateSecond) for updateSecond
    core.o(.text.Core_Run) refers to timer.o(.text.updateSecondClear) for updateSecondClear
    core.o(.ARM.exidx.text.Core_Run) refers to core.o(.text.Core_Run) for [Anonymous Symbol]
    core.o(.text.updateHeartbeatSend) refers to core.o(.bss.isHeartbeatRequired) for isHeartbeatRequired
    core.o(.ARM.exidx.text.updateHeartbeatSend) refers to core.o(.text.updateHeartbeatSend) for [Anonymous Symbol]
    timer.o(.text.updateSecond) refers to timer.o(.bss.heartBeat) for heartBeat
    timer.o(.ARM.exidx.text.updateSecond) refers to timer.o(.text.updateSecond) for [Anonymous Symbol]
    timer.o(.text.updateSecondClear) refers to timer.o(.bss.heartBeat) for heartBeat
    timer.o(.ARM.exidx.text.updateSecondClear) refers to timer.o(.text.updateSecondClear) for [Anonymous Symbol]
    timer.o(.text.GetBootTimeMs) refers to timer.o(.bss.boot_time) for boot_time
    timer.o(.ARM.exidx.text.GetBootTimeMs) refers to timer.o(.text.GetBootTimeMs) for [Anonymous Symbol]
    timer.o(.text.TIMER2_BASE_Configuration) refers to system_stm32f10x.o(.data.SystemCoreClock) for SystemCoreClock
    timer.o(.text.TIMER2_BASE_Configuration) refers to timer.o(.bss.PrescalerValue) for PrescalerValue
    timer.o(.text.TIMER2_BASE_Configuration) refers to stm32f10x_tim.o(.text.TIM_TimeBaseInit) for TIM_TimeBaseInit
    timer.o(.text.TIMER2_BASE_Configuration) refers to stm32f10x_tim.o(.text.TIM_PrescalerConfig) for TIM_PrescalerConfig
    timer.o(.text.TIMER2_BASE_Configuration) refers to timer.o(.data.CCR1_Val) for CCR1_Val
    timer.o(.text.TIMER2_BASE_Configuration) refers to stm32f10x_tim.o(.text.TIM_OC1Init) for TIM_OC1Init
    timer.o(.text.TIMER2_BASE_Configuration) refers to stm32f10x_tim.o(.text.TIM_OC1PreloadConfig) for TIM_OC1PreloadConfig
    timer.o(.text.TIMER2_BASE_Configuration) refers to timer.o(.data.CCR2_Val) for CCR2_Val
    timer.o(.text.TIMER2_BASE_Configuration) refers to stm32f10x_tim.o(.text.TIM_OC2Init) for TIM_OC2Init
    timer.o(.text.TIMER2_BASE_Configuration) refers to stm32f10x_tim.o(.text.TIM_OC2PreloadConfig) for TIM_OC2PreloadConfig
    timer.o(.text.TIMER2_BASE_Configuration) refers to timer.o(.data.CCR3_Val) for CCR3_Val
    timer.o(.text.TIMER2_BASE_Configuration) refers to stm32f10x_tim.o(.text.TIM_OC3Init) for TIM_OC3Init
[...]
    CCR4_Val                                 0x20000006   Data           2  timer.o(.data.CCR4_Val)
    [Anonymous Symbol]                       0x20000006   Section        0  timer.o(.data.CCR4_Val)
    NbrOfDataToTransfer1                     0x20000008   Data           1  usart.o(.data.NbrOfDataToTransfer1)
    [Anonymous Symbol]                       0x20000008   Section        0  usart.o(.data.NbrOfDataToTransfer1)
    NbrOfDataToTransfer2                     0x20000009   Data           1  usart.o(.data.NbrOfDataToTransfer2)
    [Anonymous Symbol]                       0x20000009   Section        0  usart.o(.data.NbrOfDataToTransfer2)
    TxBuffer1                                0x20000010   Data         255  usart.o(.data.TxBuffer1)
    [Anonymous Symbol]                       0x20000010   Section        0  usart.o(.data.TxBuffer1)
    TxBuffer2                                0x2000010f   Data         255  usart.o(.data.TxBuffer2)
    [Anonymous Symbol]                       0x2000010f   Section        0  usart.o(.data.TxBuffer2)
    global                                   0x2000020e   Data           1  message_system.o(.data.global)
    [Anonymous Symbol]                       0x2000020e   Section        0  message_system.o(.data.global)
    .bss                                     0x20000210   Section       96  libspace.o(.bss)
    NbrOfDataToRead1                         0x20000270   Data           1  usart.o(.bss.NbrOfDataToRead1)
    [Anonymous Symbol]                       0x20000270   Section        0  usart.o(.bss.NbrOfDataToRead1)
    NbrOfDataToRead2                         0x20000271   Data           1  usart.o(.bss.NbrOfDataToRead2)
    [Anonymous Symbol]                       0x20000271   Section        0  usart.o(.bss.NbrOfDataToRead2)
    P                                        0x20000274   Data           4  estimator.o(.bss.P)
    [Anonymous Symbol]                       0x20000274   Section        0  estimator.o(.bss.P)
    P_pre                                    0x20000278   Data           4  estimator.o(.bss.P_pre)
    [Anonymous Symbol]                       0x20000278   Section        0  estimator.o(.bss.P_pre)
    PrescalerValue                           0x2000027c   Data           2  timer.o(.bss.PrescalerValue)
    [Anonymous Symbol]                       0x2000027c   Section        0  timer.o(.bss.PrescalerValue)
    RxBuffer1                                0x2000027e   Data         254  usart.o(.bss.RxBuffer1)
    [Anonymous Symbol]                       0x2000027e   Section        0  usart.o(.bss.RxBuffer1)
    RxBuffer2                                0x2000037c   Data         254  usart.o(.bss.RxBuffer2)
    [Anonymous Symbol]                       0x2000037c   Section        0  usart.o(.bss.RxBuffer2)
    RxCounter1                               0x2000047a   Data           1  usart.o(.bss.RxCounter1)
    [Anonymous Symbol]                       0x2000047a   Section        0  usart.o(.bss.RxCounter1)
    RxCounter2                               0x2000047b   Data           1  usart.o(.bss.RxCounter2)
    [Anonymous Symbol]                       0x2000047b   Section        0  usart.o(.bss.RxCounter2)
    SensorManager_Run.ucRxBuffer             0x2000047c   Data          16  sensor.o(.bss.SensorManager_Run.ucRxBuffer)
    [Anonymous Symbol]                       0x2000047c   Section        0  sensor.o(.bss.SensorManager_Run.ucRxBuffer)
    SensorManager_Run.ucRxCnt                0x2000048c   Data           1  sensor.o(.bss.SensorManager_Run.ucRxCnt)
    [Anonymous Symbol]                       0x2000048c   Section        0  sensor.o(.bss.SensorManager_Run.ucRxCnt)
    TIM2CC4_Count                            0x20000490   Data           4  timer.o(.bss.TIM2CC4_Count)
    [Anonymous Symbol]                       0x20000490   Section        0  timer.o(.bss.TIM2CC4_Count)
    TxCounter1                               0x20000494   Data           1  usart.o(.bss.TxCounter1)
    [Anonymous Symbol]                       0x20000494   Section        0  usart.o(.bss.TxCounter1)
    TxCounter2                               0x20000495   Data           1  usart.o(.bss.TxCounter2)
    [Anonymous Symbol]                       0x20000495   Section        0  usart.o(.bss.TxCounter2)
    boot_time                                0x20000498   Data           4  timer.o(.bss.boot_time)
    [Anonymous Symbol]                       0x20000498   Section        0  timer.o(.bss.boot_time)
    count                                    0x2000049c   Data           2  message_estimator.o(.bss.count)
    [Anonymous Symbol]                       0x2000049c   Section        0  message_estimator.o(.bss.count)
    heartBeat                                0x2000049e   Data           1  timer.o(.bss.heartBeat)
    [Anonymous Symbol]                       0x2000049e   Section        0  timer.o(.bss.heartBeat)
    initlized                                0x2000049f   Data          11  sensor_status.o(.bss.initlized)
    [Anonymous Symbol]                       0x2000049f   Section        0  sensor_status.o(.bss.initlized)
    isAccInit                                0x200004aa   Data           1  estimator.o(.bss.isAccInit)
    [Anonymous Symbol]                       0x200004aa   Section        0  estimator.o(.bss.isAccInit)
    isHeartbeatRequired                      0x200004ab   Data           1  core.o(.bss.isHeartbeatRequired)
    [Anonymous Symbol]                       0x200004ab   Section        0  core.o(.bss.isHeartbeatRequired)
    isHeightInit                             0x200004ac   Data           1  estimator.o(.bss.isHeightInit)
    [Anonymous Symbol]                       0x200004ac   Section        0  estimator.o(.bss.isHeightInit)
    isInitlized                              0x200004ad   Data           1  estimator.o(.bss.isInitlized)
    [Anonymous Symbol]                       0x200004ad   Section        0  estimator.o(.bss.isInitlized)
    isLonLatInit                             0x200004ae   Data           1  estimator.o(.bss.isLonLatInit)
    [Anonymous Symbol]                       0x200004ae   Section        0  estimator.o(.bss.isLonLatInit)
    isUpdate                                 0x200004af   Data           1  estimator.o(.bss.isUpdate)
    [Anonymous Symbol]                       0x200004af   Section        0  estimator.o(.bss.isUpdate)
    lastAccTime                              0x200004b0   Data           4  estimator.o(.bss.lastAccTime)
    [Anonymous Symbol]                       0x200004b0   Section        0  estimator.o(.bss.lastAccTime)
    mavlink_get_channel_buffer.m_mavlink_buffer 0x200004b4   Data        1164  message.o(.bss.mavlink_get_channel_buffer.m_mavlink_buffer)
    [Anonymous Symbol]                       0x200004b4   Section        0  message.o(.bss.mavlink_get_channel_buffer.m_mavlink_buffer)
    mavlink_get_channel_status.m_mavlink_status 0x20000940   Data          96  message.o(.bss.mavlink_get_channel_status.m_mavlink_status)
    [Anonymous Symbol]                       0x20000940   Section        0  message.o(.bss.mavlink_get_channel_status.m_mavlink_status)
    mavlink_get_channel_status.m_mavlink_status.0.6 0x200009a0   Data           1  message_sensor.o(.bss.mavlink_get_channel_status.m_mavlink_status.0.6)
    [Anonymous Symbol]                       0x200009a0   Section        0  message_sensor.o(.bss.mavlink_get_channel_status.m_mavlink_status.0.6)
    mavlink_get_channel_status.m_mavlink_status.0.6 0x200009a2   Data           1  message_estimator.o(.bss.mavlink_get_channel_status.m_mavlink_status.0.6)
    [Anonymous Symbol]                       0x200009a2   Section        0  message_estimator.o(.bss.mavlink_get_channel_status.m_mavlink_status.0.6)
    ori.0                                    0x200009a4   Data           4  estimator.o(.bss.ori.0)
    [Anonymous Symbol]                       0x200009a4   Section        0  estimator.o(.bss.ori.0)
    ori.1                                    0x200009a8   Data           4  estimator.o(.bss.ori.1)
    [Anonymous Symbol]                       0x200009a8   Section        0  estimator.o(.bss.ori.1)
    ori.2                                    0x200009ac   Data           4  estimator.o(.bss.ori.2)
    [Anonymous Symbol]                       0x200009ac   Section        0  estimator.o(.bss.ori.2)
    oriPressure                              0x200009b0   Data           4  sensor_status.o(.bss.oriPressure)
    [Anonymous Symbol]                       0x200009b0   Section        0  sensor_status.o(.bss.oriPressure)
    pos_loc                                  0x200009b8   Data          48  estimator.o(.bss.pos_loc)
    [Anonymous Symbol]                       0x200009b8   Section        0  estimator.o(.bss.pos_loc)
    rawSensorStatus                          0x200009e8   Data          88  sensor_status.o(.bss.rawSensorStatus)
    [Anonymous Symbol]                       0x200009e8   Section        0  sensor_status.o(.bss.rawSensorStatus)
    scaledSensorStatus                       0x20000a40   Data         120  sensor_status.o(.bss.scaledSensorStatus)
    [Anonymous Symbol]                       0x20000a40   Section        0  sensor_status.o(.bss.scaledSensorStatus)
    sensorRefreshed                          0x20000ab8   Data           1  sensor_status.o(.bss.sensorRefreshed)
    [Anonymous Symbol]                       0x20000ab8   Section        0  sensor_status.o(.bss.sensorRefreshed)
    x                                        0x20000abc   Data           4  estimator.o(.bss.x)
    [Anonymous Symbol]                       0x20000abc   Section        0  estimator.o(.bss.x)
    x_pre                                    0x20000ac0   Data           4  estimator.o(.bss.x_pre)
    [Anonymous Symbol]                       0x20000ac0   Section        0  estimator.o(.bss.x_pre)
    Heap_Mem                                 0x20000ac8   Data         512  startup_stm32f10x_ld.o(HEAP)
    HEAP                                     0x20000ac8   Section      512  startup_stm32f10x_ld.o(HEAP)
    Stack_Mem                                0x20000cc8   Data        1024  startup_stm32f10x_ld.o(STACK)
    STACK                                    0x20000cc8   Section     1024  startup_stm32f10x_ld.o(STACK)
    __initial_sp                             0x200010c8   Data           0  startup_stm32f10x_ld.o(STACK)

    Global Symbols

    Symbol Name                              Value     Ov Type        Size  Object(Section)

    BuildAttributes$$THM_ISAv4$P$D$K$B$S$PE$A:L22UL41UL21$X:L11$S22US41US21$IEEE1$IW$~IW$USESV6$~STKCKD$USESV7$~SHL$OTIME$ROPI$EBA8$UX$STANDARDLIB$REQ8$PRES8$EABIv2 0x00000000   Number         0  anon$$obj.o ABSOLUTE
    __fp_init_empty                          0x00000000   Number         0  fpinit_empty.o ABSOLUTE
    __ARM_exceptions_init                     - Undefined Weak Reference
    __alloca_initialize                       - Undefined Weak Reference
    __arm_preinit_                            - Undefined Weak Reference
    __cpp_initialize__aeabi_                  - Undefined Weak Reference
    __cxa_finalize                            - Undefined Weak Reference
    __rt_locale                               - Undefined Weak Reference
    __sigvec_lookup                           - Undefined Weak Reference
    __user_heap_extent                        - Undefined Weak Reference
    _atexit_init                              - Undefined Weak Reference
    _call_atexit_fns                          - Undefined Weak Reference
    _clock_init                               - Undefined Weak Reference
    _fp_trap_init                             - Undefined Weak Reference
    _fp_trap_shutdown                         - Undefined Weak Reference
    _get_lc_collate                           - Undefined Weak Reference
    _get_lc_ctype                             - Undefined Weak Reference
    _get_lc_monetary                          - Undefined Weak Reference
    _get_lc_numeric                           - Undefined Weak Reference
    _get_lc_time                              - Undefined Weak Reference
    _getenv_init                              - Undefined Weak Reference
    _handle_redirection                       - Undefined Weak Reference
    _initio                                   - Undefined Weak Reference
    _mutex_acquire                            - Undefined Weak Reference
    _mutex_free                               - Undefined Weak Reference
    _mutex_release                            - Undefined Weak Reference
    _rand_init                                - Undefined Weak Reference
    _signal_finish                            - Undefined Weak Reference
    _signal_init                              - Undefined Weak Reference
    _terminateio                              - Undefined Weak Reference
    __Vectors_Size                           0x000000ec   Number         0  startup_stm32f10x_ld.o ABSOLUTE
    __Vectors                                0x08000000   Data           4  startup_stm32f10x_ld.o(RESET)
    __Vectors_End                            0x080000ec   Data           0  startup_stm32f10x_ld.o(RESET)
    __main                                   0x080000ed   Thumb Code     8  __main.o(!!!main)
    __scatterload                            0x080000f5   Thumb Code     0  __scatter.o(!!!scatter)
    __scatterload_rt2                        0x080000f5   Thumb Code    44  __scatter.o(!!!scatter)
    __scatterload_rt2_thumb_only             0x080000f5   Thumb Code     0  __scatter.o(!!!scatter)
    __scatterload_null                       0x08000103   Thumb Code     0  __scatter.o(!!!scatter)
    __decompress                             0x08000129   Thumb Code    58  __dczerorl.o(!!dczerorl)
    __decompress0                            0x08000129   Thumb Code     0  __dczerorl.o(!!dczerorl)
    __scatterload_zeroinit                   0x08000165   Thumb Code    28  __scatter_zi.o(!!handler_zi)
    __rt_lib_init                            0x08000181   Thumb Code     0  libinit.o(.ARM.Collect$$libinit$$00000000)
    __rt_lib_init_fp_1                       0x08000183   Thumb Code     0  libinit2.o(.ARM.Collect$$libinit$$00000002)
    __rt_lib_init_heap_2                     0x08000183   Thumb Code     0  libinit2.o(.ARM.Collect$$libinit$$00000005)
    __rt_lib_init_preinit_1                  0x08000183   Thumb Code     0  libinit2.o(.ARM.Collect$$libinit$$00000004)
    __rt_lib_init_alloca_1                   0x0800018b   Thumb Code     0  libinit2.o(.ARM.Collect$$libinit$$0000002E)
    __rt_lib_init_argv_1                     0x0800018b   Thumb Code     0  libinit2.o(.ARM.Collect$$libinit$$0000002C)
    __rt_lib_init_atexit_1                   0x0800018b   Thumb Code     0  libinit2.o(.ARM.Collect$$libinit$$0000001B)
    __rt_lib_init_clock_1                    0x0800018b   Thumb Code     0  libinit2.o(.ARM.Collect$$libinit$$00000021)
    __rt_lib_init_cpp_1                      0x0800018b   Thumb Code     0  libinit2.o(.ARM.Collect$$libinit$$00000032)
    __rt_lib_init_exceptions_1               0x0800018b   Thumb Code     0  libinit2.o(.ARM.Collect$$libinit$$00000030)
    __rt_lib_init_fp_trap_1                  0x0800018b   Thumb Code     0  libinit2.o(.ARM.Collect$$libinit$$0000001F)
    __rt_lib_init_getenv_1                   0x0800018b   Thumb Code     0  libinit2.o(.ARM.Collect$$libinit$$00000023)
    __rt_lib_init_heap_1                     0x0800018b   Thumb Code     0  libinit2.o(.ARM.Collect$$libinit$$0000000A)
    __rt_lib_init_lc_collate_1               0x0800018b   Thumb Code     0  libinit2.o(.ARM.Collect$$libinit$$00000011)
    __rt_lib_init_lc_ctype_1                 0x0800018b   Thumb Code     0  libinit2.o(.ARM.Collect$$libinit$$00000013)
    __rt_lib_init_lc_monetary_1              0x0800018b   Thumb Code     0  libinit2.o(.ARM.Collect$$libinit$$00000015)
    __rt_lib_init_lc_numeric_1               0x0800018b   Thumb Code     0  libinit2.o(.ARM.Collect$$libinit$$00000017)
    __rt_lib_init_lc_time_1                  0x0800018b   Thumb Code     0  libinit2.o(.ARM.Collect$$libinit$$00000019)
    __rt_lib_init_rand_1                     0x0800018b   Thumb Code     0  libinit2.o(.ARM.Collect$$libinit$$0000000E)
    __rt_lib_init_return                     0x0800018b   Thumb Code     0  libinit2.o(.ARM.Collect$$libinit$$00000033)
    __rt_lib_init_signal_1                   0x0800018b   Thumb Code     0  libinit2.o(.ARM.Collect$$libinit$$0000001D)
    __rt_lib_init_stdio_1                    0x0800018b   Thumb Code     0  libinit2.o(.ARM.Collect$$libinit$$00000025)
    __rt_lib_init_user_alloc_1               0x0800018b   Thumb Code     0  libinit2.o(.ARM.Collect$$libinit$$0000000C)
    __rt_lib_shutdown                        0x0800018d   Thumb Code     0  libshutdown.o(.ARM.Collect$$libshutdown$$00000000)
    __rt_lib_shutdown_cpp_1                  0x0800018f   Thumb Code     0  libshutdown2.o(.ARM.Collect$$libshutdown$$00000002)
    __rt_lib_shutdown_fp_trap_1              0x0800018f   Thumb Code     0  libshutdown2.o(.ARM.Collect$$libshutdown$$00000007)
    __rt_lib_shutdown_heap_1                 0x0800018f   Thumb Code     0  libshutdown2.o(.ARM.Collect$$libshutdown$$0000000F)
    __rt_lib_shutdown_return                 0x0800018f   Thumb Code     0  libshutdown2.o(.ARM.Collect$$libshutdown$$00000010)
    __rt_lib_shutdown_signal_1               0x0800018f   Thumb Code     0  libshutdown2.o(.ARM.Collect$$libshutdown$$0000000A)
    __rt_lib_shutdown_stdio_1                0x0800018f   Thumb Code     0  libshutdown2.o(.ARM.Collect$$libshutdown$$00000004)
    __rt_lib_shutdown_user_alloc_1           0x0800018f   Thumb Code     0  libshutdown2.o(.ARM.Collect$$libshutdown$$0000000C)
    __rt_entry                               0x08000191   Thumb Code     0  __rtentry.o(.ARM.Collect$$rtentry$$00000000)
    __rt_entry_presh_1                       0x08000191   Thumb Code     0  __rtentry2.o(.ARM.Collect$$rtentry$$00000002)
    __rt_entry_sh                            0x08000191   Thumb Code     0  __rtentry4.o(.ARM.Collect$$rtentry$$00000004)
    __rt_entry_li                            0x08000197   Thumb Code     0  __rtentry2.o(.ARM.Collect$$rtentry$$0000000A)
    __rt_entry_postsh_1                      0x08000197   Thumb Code     0  __rtentry2.o(.ARM.Collect$$rtentry$$00000009)
    __rt_entry_main                          0x0800019b   Thumb Code     0  __rtentry2.o(.ARM.Collect$$rtentry$$0000000D)
    __rt_entry_postli_1                      0x0800019b   Thumb Code     0  __rtentry2.o(.ARM.Collect$$rtentry$$0000000C)
    __rt_exit                                0x080001a3   Thumb Code     0  rtexit.o(.ARM.Collect$$rtexit$$00000000)
    __rt_exit_ls                             0x080001a5   Thumb Code     0  rtexit2.o(.ARM.Collect$$rtexit$$00000003)
    __rt_exit_prels_1                        0x080001a5   Thumb Code     0  rtexit2.o(.ARM.Collect$$rtexit$$00000002)
    __rt_exit_exit                           0x080001a9   Thumb Code     0  rtexit2.o(.ARM.Collect$$rtexit$$00000004)
    Reset_Handler                            0x080001b1   Thumb Code     8  startup_stm32f10x_ld.o(.text)
    NMI_Handler                              0x080001b9   Thumb Code     2  startup_stm32f10x_ld.o(.text)
    HardFault_Handler                        0x080001bb   Thumb Code     2  startup_stm32f10x_ld.o(.text)
    MemManage_Handler                        0x080001bd   Thumb Code     2  startup_stm32f10x_ld.o(.text)
    BusFault_Handler                         0x080001bf   Thumb Code     2  startup_stm32f10x_ld.o(.text)
    UsageFault_Handler                       0x080001c1   Thumb Code     2  startup_stm32f10x_ld.o(.text)
    SVC_Handler                              0x080001c3   Thumb Code     2  startup_stm32f10x_ld.o(.text)
    DebugMon_Handler                         0x080001c5   Thumb Code     2  startup_stm32f10x_ld.o(.text)
    PendSV_Handler                           0x080001c7   Thumb Code     2  startup_stm32f10x_ld.o(.text)
    SysTick_Handler                          0x080001c9   Thumb Code     2  startup_stm32f10x_ld.o(.text)
    ADC1_2_IRQHandler                        0x080001cb   Thumb Code     0  startup_stm32f10x_ld.o(.text)
    CAN1_RX1_IRQHandler                      0x080001cb   Thumb Code     0  startup_stm32f10x_ld.o(.text)
    CAN1_SCE_IRQHandler                      0x080001cb   Thumb Code     0  startup_stm32f10x_ld.o(.text)
    DMA1_Channel1_IRQHandler                 0x080001cb   Thumb Code     0  startup_stm32f10x_ld.o(.text)
    DMA1_Channel2_IRQHandler                 0x080001cb   Thumb Code     0  startup_stm32f10x_ld.o(.text)
    DMA1_Channel3_IRQHandler                 0x080001cb   Thumb Code     0  startup_stm32f10x_ld.o(.text)
    DMA1_Channel4_IRQHandler                 0x080001cb   Thumb Code     0  startup_stm32f10x_ld.o(.text)
    DMA1_Channel5_IRQHandler                 0x080001cb   Thumb Code     0  startup_stm32f10x_ld.o(.text)
    DMA1_Channel6_IRQHandler                 0x080001cb   Thumb Code     0  startup_stm32f10x_ld.o(.text)
    DMA1_Channel7_IRQHandler                 0x080001cb   Thumb Code     0  startup_stm32f10x_ld.o(.text)
    EXTI0_IRQHandler                         0x080001cb   Thumb Code     0  startup_stm32f10x_ld.o(.text)
    EXTI15_10_IRQHandler                     0x080001cb   Thumb Code     0  startup_stm32f10x_ld.o(.text)
    EXTI1_IRQHandler                         0x080001cb   Thumb Code     0  startup_stm32f10x_ld.o(.text)
    EXTI2_IRQHandler                         0x080001cb   Thumb Code     0  startup_stm32f10x_ld.o(.text)
    EXTI3_IRQHandler                         0x080001cb   Thumb Code     0  startup_stm32f10x_ld.o(.text)
    EXTI4_IRQHandler                         0x080001cb   Thumb Code     0  startup_stm32f10x_ld.o(.text)
    EXTI9_5_IRQHandler                       0x080001cb   Thumb Code     0  startup_stm32f10x_ld.o(.text)
    FLASH_IRQHandler                         0x080001cb   Thumb Code     0  startup_stm32f10x_ld.o(.text)
    I2C1_ER_IRQHandler                       0x080001cb   Thumb Code     0  startup_stm32f10x_ld.o(.text)
    I2C1_EV_IRQHandler                       0x080001cb   Thumb Code     0  startup_stm32f10x_ld.o(.text)
    PVD_IRQHandler                           0x080001cb   Thumb Code     0  startup_stm32f10x_ld.o(.text)
    RCC_IRQHandler                           0x080001cb   Thumb Code     0  startup_stm32f10x_ld.o(.text)
    RTCAlarm_IRQHandler                      0x080001cb   Thumb Code     0  startup_stm32f10x_ld.o(.text)
    RTC_IRQHandler                           0x080001cb   Thumb Code     0  startup_stm32f10x_ld.o(.text)
    SPI1_IRQHandler                          0x080001cb   Thumb Code     0  startup_stm32f10x_ld.o(.text)
    TAMPER_IRQHandler                        0x080001cb   Thumb Code     0  startup_stm32f10x_ld.o(.text)
    TIM1_BRK_IRQHandler                      0x080001cb   Thumb Code     0  startup_stm32f10x_ld.o(.text)
    TIM1_CC_IRQHandler                       0x080001cb   Thumb Code     0  startup_stm32f10x_ld.o(.text)
    TIM1_TRG_COM_IRQHandler                  0x080001cb   Thumb Code     0  startup_stm32f10x_ld.o(.text)
    TIM1_UP_IRQHandler                       0x080001cb   Thumb Code     0  startup_stm32f10x_ld.o(.text)
    TIM3_IRQHandler                          0x080001cb   Thumb Code     0  startup_stm32f10x_ld.o(.text)
    USBWakeUp_IRQHandler                     0x080001cb   Thumb Code     0  startup_stm32f10x_ld.o(.text)
    USB_HP_CAN1_TX_IRQHandler                0x080001cb   Thumb Code     0  startup_stm32f10x_ld.o(.text)
    USB_LP_CAN1_RX0_IRQHandler               0x080001cb   Thumb Code     0  startup_stm32f10x_ld.o(.text)
    WWDG_IRQHandler                          0x080001cb   Thumb Code     0  startup_stm32f10x_ld.o(.text)
    __user_initial_stackheap                 0x080001cd   Thumb Code     0  startup_stm32f10x_ld.o(.text)
    malloc                                   0x080001f1   Thumb Code    94  h1_alloc.o(.text)
    free                                     0x0800024f   Thumb Code    78  h1_free.o(.text)
    memcmp                                   0x0800029d   Thumb Code    88  memcmp.o(.text)
    __aeabi_memcpy                           0x080002f5   Thumb Code     0  rt_memcpy_v6.o(.text)
    __rt_memcpy                              0x080002f5   Thumb Code   138  rt_memcpy_v6.o(.text)
    _memcpy_lastbytes                        0x0800035b   Thumb Code     0  rt_memcpy_v6.o(.text)
    __aeabi_memcpy4                          0x0800037f   Thumb Code     0  rt_memcpy_w.o(.text)
    __aeabi_memcpy8                          0x0800037f   Thumb Code     0  rt_memcpy_w.o(.text)
    __rt_memcpy_w                            0x0800037f   Thumb Code   100  rt_memcpy_w.o(.text)
    _memcpy_lastbytes_aligned                0x080003c7   Thumb Code     0  rt_memcpy_w.o(.text)
    __aeabi_memclr                           0x080003e3   Thumb Code     0  rt_memclr.o(.text)
    __rt_memclr                              0x080003e3   Thumb Code     0  rt_memclr.o(.text)
    _memset                                  0x080003e7   Thumb Code    64  rt_memclr.o(.text)
    __aeabi_memclr4                          0x08000427   Thumb Code     0  rt_memclr_w.o(.text)
    __aeabi_memclr8                          0x08000427   Thumb Code     0  rt_memclr_w.o(.text)
    __rt_memclr_w                            0x08000427   Thumb Code     0  rt_memclr_w.o(.text)
    _memset_w                                0x0800042b   Thumb Code    74  rt_memclr_w.o(.text)
    __use_two_region_memory                  0x08000475   Thumb Code     2  heapauxi.o(.text)
    __rt_heap_escrow                         0x08000477   Thumb Code     2  heapauxi.o(.text)
    __rt_heap_expand                         0x08000479   Thumb Code     2  heapauxi.o(.text)
    __rt_heap_descriptor                     0x0800047d   Thumb Code     8  rt_heap_descriptor_intlibspace.o(.text)
    __use_no_heap                            0x08000485   Thumb Code     2  hguard.o(.text)
    __heap$guard                             0x08000487   Thumb Code     2  hguard.o(.text)
    _terminate_user_alloc                    0x08000489   Thumb Code     2  init_alloc.o(.text)
    _init_user_alloc                         0x0800048b   Thumb Code     2  init_alloc.o(.text)
    __Heap_Full                              0x0800048d   Thumb Code    34  init_alloc.o(.text)
    __Heap_Broken                            0x080004af   Thumb Code     6  init_alloc.o(.text)
    _init_alloc                              0x080004b5   Thumb Code    94  init_alloc.o(.text)
    __Heap_Initialize                        0x08000513   Thumb Code    10  h1_init.o(.text)
    __Heap_DescSize                          0x0800051d   Thumb Code     4  h1_init.o(.text)
    __user_libspace                          0x08000521   Thumb Code     8  libspace.o(.text)
    __user_perproc_libspace                  0x08000521   Thumb Code     0  libspace.o(.text)
    __user_perthread_libspace                0x08000521   Thumb Code     0  libspace.o(.text)
    __Heap_ProvideMemory                     0x08000529   Thumb Code    52  h1_extend.o(.text)
    _maybe_terminate_alloc                   0x08000529   Thumb Code     0  maybetermalloc1.o(.text)
    __rt_SIGRTMEM                            0x0800055d   Thumb Code    14  defsig_rtmem_outer.o(.text)
    __I$use$semihosting                      0x0800056b   Thumb Code     0  use_no_semi.o(.text)
    __use_no_semihosting_swi                 0x0800056b   Thumb Code     2  use_no_semi.o(.text)
    __semihosting_library_function           0x0800056d   Thumb Code     0  indicate_semi.o(.text)
    __user_setup_stackheap                   0x0800056d   Thumb Code    74  sys_stackheap_outer.o(.text)
    exit                                     0x080005b7   Thumb Code    18  exit.o(.text)
    __sig_exit                               0x080005c9   Thumb Code    10  defsig_exit.o(.text)
    __rt_SIGRTMEM_inner                      0x080005d5   Thumb Code    22  defsig_rtmem_inner.o(.text)
    _sys_exit                                0x08000625   Thumb Code     8  sys_exit.o(.text)
    __default_signal_display                 0x08000631   Thumb Code    50  defsig_general.o(.text)
    _ttywrch                                 0x08000663   Thumb Code    14  sys_wrch.o(.text)
    Core_Init                                0x08000ad5   Thumb Code    28  core.o(.text.Core_Init)
    Core_Run                                 0x08000af1   Thumb Code    34  core.o(.text.Core_Run)
    EstimatorGet                             0x08000b15   Thumb Code    60  estimator.o(.text.EstimatorGet)
    Estimator_Run                            0x08001239   Thumb Code    78  estimator.o(.text.Estimator_Run)
    GPIO_Init                                0x08001319   Thumb Code   176  stm32f10x_gpio.o(.text.GPIO_Init)
    GPIO_PinRemapConfig                      0x080013c9   Thumb Code   122  stm32f10x_gpio.o(.text.GPIO_PinRemapConfig)
    GPIO_WriteBit                            0x08001445   Thumb Code    12  stm32f10x_gpio.o(.text.GPIO_WriteBit)
    GetBootTimeMs                            0x08001451   Thumb Code    12  timer.o(.text.GetBootTimeMs)
    GetSystemStatus                          0x0800145d   Thumb Code    12  message_system.o(.text.GetSystemStatus)
    MatrixAdd                                0x080015d1   Thumb Code   174  matrix.o(.text.MatrixAdd)
    MatrixBuildFromArray                     0x08001681   Thumb Code    54  matrix.o(.text.MatrixBuildFromArray)
    MatrixCheck                              0x080016b9   Thumb Code    32  matrix.o(.text.MatrixCheck)
    MatrixCofactor                           0x080016d9   Thumb Code   216  matrix.o(.text.MatrixCofactor)
    MatrixCreate                             0x080017b1   Thumb Code   100  matrix.o(.text.MatrixCreate)
    MatrixCreateEye                          0x08001815   Thumb Code   144  matrix.o(.text.MatrixCreateEye)
    MatrixCrossProduct                       0x080018a5   Thumb Code   334  matrix.o(.text.MatrixCrossProduct)
    MatrixDelete                             0x080019f5   Thumb Code    34  matrix.o(.text.MatrixDelete)
    MatrixDet                                0x08001a19   Thumb Code   216  matrix.o(.text.MatrixDet)
    MatrixGetValue                           0x08001af1   Thumb Code    76  matrix.o(.text.MatrixGetValue)
    MatrixInv                                0x08001b3d   Thumb Code   278  matrix.o(.text.MatrixInv)
    MatrixMinus                              0x08001c55   Thumb Code   174  matrix.o(.text.MatrixMinus)
    MatrixMultiply                           0x08001d05   Thumb Code   270  matrix.o(.text.MatrixMultiply)
    MatrixPrintError                         0x08001e15   Thumb Code     2  matrix_err.o(.text.MatrixPrintError)
    MatrixSetValue                           0x08001e19   Thumb Code    66  matrix.o(.text.MatrixSetValue)
    MatrixSetZeros                           0x08001e5d   Thumb Code    16  matrix.o(.text.MatrixSetZeros)
    MatrixTransfer                           0x08001e6d   Thumb Code   130  matrix.o(.text.MatrixTransfer)
    MessageEstimatorSender                   0x08001f5d   Thumb Code   182  message_estimator.o(.text.MessageEstimatorSender)
    MessageManager_Run                       0x08002149   Thumb Code    20  message.o(.text.MessageManager_Run)
    MessageSensorSender                      0x08002241   Thumb Code    98  message_sensor.o(.text.MessageSensorSender)
    NVIC_Init                                0x080022f5   Thumb Code    94  misc.o(.text.NVIC_Init)
    NVIC_PriorityGroupConfig                 0x08002355   Thumb Code    20  misc.o(.text.NVIC_PriorityGroupConfig)
    RCC_APB1PeriphClockCmd                   0x08002369   Thumb Code    24  stm32f10x_rcc.o(.text.RCC_APB1PeriphClockCmd)
    RCC_APB2PeriphClockCmd                   0x08002381   Thumb Code    24  stm32f10x_rcc.o(.text.RCC_APB2PeriphClockCmd)
    RCC_GetClocksFreq                        0x080023d9   Thumb Code   160  stm32f10x_rcc.o(.text.RCC_GetClocksFreq)
    RCC_PCLK1Config                          0x08002479   Thumb Code    20  stm32f10x_rcc.o(.text.RCC_PCLK1Config)
    SensorManager_Run                        0x0800248d   Thumb Code    78  sensor.o(.text.SensorManager_Run)
    SensorScaledGet                          0x080024dd   Thumb Code    18  sensor_status.o(.text.SensorScaledGet)
    SensorSetFromBuffer                      0x080024f1   Thumb Code  1302  sensor_status.o(.text.SensorSetFromBuffer)
    SetSystemStatus                          0x08002ad1   Thumb Code    12  message_system.o(.text.SetSystemStatus)
    SystemInit                               0x08002add   Thumb Code    86  system_stm32f10x.o(.text.SystemInit)
    TIM2_IRQHandler                          0x08002b69   Thumb Code   210  timer.o(.text.TIM2_IRQHandler)
    TIMER2_BASE_Configuration                0x08002c3d   Thumb Code   264  timer.o(.text.TIMER2_BASE_Configuration)
    TIMER3_BASE_Configuration                0x08002d45   Thumb Code   204  timer.o(.text.TIMER3_BASE_Configuration)
    TIM_ARRPreloadConfig                     0x08002e11   Thumb Code    20  stm32f10x_tim.o(.text.TIM_ARRPreloadConfig)
    TIM_ClearITPendingBit                    0x08002e25   Thumb Code     6  stm32f10x_tim.o(.text.TIM_ClearITPendingBit)
    TIM_Cmd                                  0x08002e2d   Thumb Code    18  stm32f10x_tim.o(.text.TIM_Cmd)
    TIM_GetCapture1                          0x08002e41   Thumb Code     4  stm32f10x_tim.o(.text.TIM_GetCapture1)
    TIM_GetCapture2                          0x08002e45   Thumb Code     4  stm32f10x_tim.o(.text.TIM_GetCapture2)
    TIM_GetCapture3                          0x08002e49   Thumb Code     4  stm32f10x_tim.o(.text.TIM_GetCapture3)
    TIM_GetCapture4                          0x08002e4d   Thumb Code     6  stm32f10x_tim.o(.text.TIM_GetCapture4)
    TIM_GetITStatus                          0x08002e55   Thumb Code    20  stm32f10x_tim.o(.text.TIM_GetITStatus)
    TIM_ITConfig                             0x08002e69   Thumb Code    16  stm32f10x_tim.o(.text.TIM_ITConfig)
    TIM_OC1Init                              0x08002e79   Thumb Code   112  stm32f10x_tim.o(.text.TIM_OC1Init)
    TIM_OC1PreloadConfig                     0x08002ee9   Thumb Code    12  stm32f10x_tim.o(.text.TIM_OC1PreloadConfig)
    TIM_OC2Init                              0x08002ef5   Thumb Code   120  stm32f10x_tim.o(.text.TIM_OC2Init)
    TIM_OC2PreloadConfig                     0x08002f6d   Thumb Code    14  stm32f10x_tim.o(.text.TIM_OC2PreloadConfig)
    TIM_OC3Init                              0x08002f7d   Thumb Code   120  stm32f10x_tim.o(.text.TIM_OC3Init)
    TIM_OC3PreloadConfig                     0x08002ff5   Thumb Code    12  stm32f10x_tim.o(.text.TIM_OC3PreloadConfig)
    TIM_OC4Init                              0x08003001   Thumb Code    94  stm32f10x_tim.o(.text.TIM_OC4Init)
    TIM_OC4PreloadConfig                     0x08003061   Thumb Code    14  stm32f10x_tim.o(.text.TIM_OC4PreloadConfig)
    TIM_PrescalerConfig                      0x08003071   Thumb Code     6  stm32f10x_tim.o(.text.TIM_PrescalerConfig)
    TIM_SetCompare1                          0x08003079   Thumb Code     4  stm32f10x_tim.o(.text.TIM_SetCompare1)
    TIM_SetCompare2                          0x0800307d   Thumb Code     4  stm32f10x_tim.o(.text.TIM_SetCompare2)
    TIM_SetCompare3                          0x08003081   Thumb Code     4  stm32f10x_tim.o(.text.TIM_SetCompare3)
    TIM_SetCompare4                          0x08003085   Thumb Code     6  stm32f10x_tim.o(.text.TIM_SetCompare4)
    TIM_TimeBaseInit                         0x0800308d   Thumb Code   170  stm32f10x_tim.o(.text.TIM_TimeBaseInit)
    USART1_IRQHandler                        0x08003139   Thumb Code   136  usart.o(.text.USART1_IRQHandler)
    USART2_IRQHandler                        0x080031c1   Thumb Code   136  usart.o(.text.USART2_IRQHandler)
    USART_Cmd                                0x08003249   Thumb Code    20  stm32f10x_usart.o(.text.USART_Cmd)
    USART_Configuration                      0x0800325d   Thumb Code   142  usart.o(.text.USART_Configuration)
    USART_GetITStatus                        0x080032ed   Thumb Code    48  stm32f10x_usart.o(.text.USART_GetITStatus)
    USART_ITConfig                           0x0800331d   Thumb Code    46  stm32f10x_usart.o(.text.USART_ITConfig)
    USART_Init                               0x0800334d   Thumb Code   182  stm32f10x_usart.o(.text.USART_Init)
    USART_ReceiveData                        0x08003405   Thumb Code     8  stm32f10x_usart.o(.text.USART_ReceiveData)
    USART_SendData                           0x0800340d   Thumb Code     8  stm32f10x_usart.o(.text.USART_SendData)
    USARTc_Available                         0x08003415   Thumb Code    28  usart.o(.text.USARTc_Available)
    USARTc_ReadByte                          0x08003431   Thumb Code    62  usart.o(.text.USARTc_ReadByte)
    USARTc_SendBuffer                        0x08003471   Thumb Code    88  usart.o(.text.USARTc_SendBuffer)
    USARTs_Available                         0x080034c9   Thumb Code    28  usart.o(.text.USARTs_Available)
    USARTs_ReadByte                          0x080034e5   Thumb Code    62  usart.o(.text.USARTs_ReadByte)
    isEstimatorInitlized                     0x080036f1   Thumb Code    12  estimator.o(.text.isEstimatorInitlized)
    isSensorAllInitlized                     0x080036fd   Thumb Code     4  sensor_status.o(.text.isSensorAllInitlized)
    isSensorInitlized                        0x08003701   Thumb Code    34  sensor_status.o(.text.isSensorInitlized)
    main                                     0x08003725   Thumb Code    22  main.o(.text.main)
    updateEstimator                          0x080048d1   Thumb Code    12  estimator.o(.text.updateEstimator)
    updateHeartbeatSend                      0x080048dd   Thumb Code    12  core.o(.text.updateHeartbeatSend)
    updateSecond                             0x080048e9   Thumb Code    12  timer.o(.text.updateSecond)
    updateSecondClear                        0x080048f5   Thumb Code    14  timer.o(.text.updateSecondClear)
    updateSensor                             0x08004905   Thumb Code    12  sensor_status.o(.text.updateSensor)
    updateSensorClear                        0x08004911   Thumb Code    14  sensor_status.o(.text.updateSensorClear)
    __aeabi_d2f                              0x08004921   Thumb Code     0  d2f.o(x$fpl$d2f)
    _d2f                                     0x08004921   Thumb Code    98  d2f.o(x$fpl$d2f)
    __aeabi_dadd                             0x08004985   Thumb Code     0  daddsub_clz.o(x$fpl$dadd)
    _dadd                                    0x08004985   Thumb Code   332  daddsub_clz.o(x$fpl$dadd)
    __fpl_dcmp_Inf                           0x08004ad5   Thumb Code    24  dcmpi.o(x$fpl$dcmpinf)
    __aeabi_ddiv                             0x08004aed   Thumb Code     0  ddiv.o(x$fpl$ddiv)
    _ddiv                                    0x08004aed   Thumb Code   556  ddiv.o(x$fpl$ddiv)
    __aeabi_cdcmpeq                          0x08004da1   Thumb Code     0  deqf.o(x$fpl$deqf)
    _dcmpeq                                  0x08004da1   Thumb Code   120  deqf.o(x$fpl$deqf)
    __aeabi_d2iz                             0x08004e19   Thumb Code     0  dfix.o(x$fpl$dfix)
    _dfix                                    0x08004e19   Thumb Code    94  dfix.o(x$fpl$dfix)
    __aeabi_i2d                              0x08004e77   Thumb Code     0  dflt_clz.o(x$fpl$dflt)
    _dflt                                    0x08004e77   Thumb Code    46  dflt_clz.o(x$fpl$dflt)
    __aeabi_ui2d                             0x08004ea5   Thumb Code     0  dflt_clz.o(x$fpl$dfltu)
    _dfltu                                   0x08004ea5   Thumb Code    38  dflt_clz.o(x$fpl$dfltu)
    __aeabi_cdcmpge                          0x08004ecd   Thumb Code     0  dgeqf.o(x$fpl$dgeqf)
    _dcmpge                                  0x08004ecd   Thumb Code   120  dgeqf.o(x$fpl$dgeqf)
    __aeabi_cdcmple                          0x08004f45   Thumb Code     0  dleqf.o(x$fpl$dleqf)
    _dcmple                                  0x08004f45   Thumb Code   120  dleqf.o(x$fpl$dleqf)
    __fpl_dcmple_InfNaN                      0x08004fa7   Thumb Code     0  dleqf.o(x$fpl$dleqf)
    __aeabi_dmul                             0x08004fbd   Thumb Code     0  dmul.o(x$fpl$dmul)
    _dmul                                    0x08004fbd   Thumb Code   332  dmul.o(x$fpl$dmul)
    __fpl_dnaninf                            0x08005111   Thumb Code   156  dnaninf.o(x$fpl$dnaninf)
    __fpl_dretinf                            0x080051ad   Thumb Code    12  dretinf.o(x$fpl$dretinf)
    __aeabi_dsub                             0x080051b9   Thumb Code     0  daddsub_clz.o(x$fpl$dsub)
    _dsub                                    0x080051b9   Thumb Code   472  daddsub_clz.o(x$fpl$dsub)
    __aeabi_f2d                              0x08005395   Thumb Code     0  f2d.o(x$fpl$f2d)
    _f2d                                     0x08005395   Thumb Code    86  f2d.o(x$fpl$f2d)
    __aeabi_fadd                             0x080053ed   Thumb Code     0  faddsub_clz.o(x$fpl$fadd)
    _fadd                                    0x080053ed   Thumb Code   196  faddsub_clz.o(x$fpl$fadd)
    __aeabi_dcmpeq                           0x080054b1   Thumb Code     0  dcmp.o(x$fpl$fcmp)
    _deq                                     0x080054b1   Thumb Code    14  dcmp.o(x$fpl$fcmp)
    _dneq                                    0x080054bf   Thumb Code    14  dcmp.o(x$fpl$fcmp)
    __aeabi_dcmpgt                           0x080054cd   Thumb Code     0  dcmp.o(x$fpl$fcmp)
    _dgr                                     0x080054cd   Thumb Code    14  dcmp.o(x$fpl$fcmp)
    __aeabi_dcmpge                           0x080054db   Thumb Code     0  dcmp.o(x$fpl$fcmp)
    _dgeq                                    0x080054db   Thumb Code    14  dcmp.o(x$fpl$fcmp)
    __aeabi_dcmple                           0x080054e9   Thumb Code     0  dcmp.o(x$fpl$fcmp)
    _dleq                                    0x080054e9   Thumb Code    14  dcmp.o(x$fpl$fcmp)
    __aeabi_dcmplt                           0x080054f7   Thumb Code     0  dcmp.o(x$fpl$fcmp)
    _dls                                     0x080054f7   Thumb Code    14  dcmp.o(x$fpl$fcmp)
    __aeabi_fdiv                             0x08005505   Thumb Code     0  fdiv.o(x$fpl$fdiv)
    _fdiv                                    0x08005505   Thumb Code   384  fdiv.o(x$fpl$fdiv)
    __aeabi_i2f                              0x08005689   Thumb Code     0  fflt_clz.o(x$fpl$fflt)
    _fflt                                    0x08005689   Thumb Code    48  fflt_clz.o(x$fpl$fflt)
    __aeabi_fmul                             0x080056b9   Thumb Code     0  fmul.o(x$fpl$fmul)
    _fmul                                    0x080056b9   Thumb Code   258  fmul.o(x$fpl$fmul)
    __fpl_fnaninf                            0x080057bb   Thumb Code   140  fnaninf.o(x$fpl$fnaninf)
    __fpl_fretinf                            0x08005847   Thumb Code    10  fretinf.o(x$fpl$fretinf)
    __aeabi_fsub                             0x08005851   Thumb Code     0  faddsub_clz.o(x$fpl$fsub)
    _fsub                                    0x08005851   Thumb Code   234  faddsub_clz.o(x$fpl$fsub)
    __I$use$fp                               0x0800593a   Number         0  usenofp.o(x$fpl$usenofp)
    err_fail_alloc_mem                       0x0800594e   Data          19  matrix_err.o(.rodata.err_fail_alloc_mem)
    err_matrix_broken                        0x08005961   Data          13  matrix_err.o(.rodata.err_matrix_broken)
    err_rows_and_cols_not_match              0x0800596e   Data          25  matrix_err.o(.rodata.err_rows_and_cols_not_match)
    err_rows_or_cols_less_than_1             0x08005987   Data          23  matrix_err.o(.rodata.err_rows_or_cols_less_than_1)
    err_rows_or_cols_out_of_range            0x0800599e   Data          23  matrix_err.o(.rodata.err_rows_or_cols_out_of_range)
    mavlink_system                           0x080064f0   Data           2  message_system.o(.rodata.mavlink_system)
    oper_create_mat                          0x080064f2   Data          13  matrix_err.o(.rodata.oper_create_mat)
    oper_get_value                           0x080064ff   Data          20  matrix_err.o(.rodata.oper_get_value)
    oper_matrix_add                          0x08006513   Data          13  matrix_err.o(.rodata.oper_matrix_add)
    oper_matrix_minus                        0x08006520   Data          13  matrix_err.o(.rodata.oper_matrix_minus)
    oper_multiply_matrix                     0x0800652d   Data          13  matrix_err.o(.rodata.oper_multiply_matrix)
    Region$$Table$$Base                      0x0800653c   Number         0  anon$$obj.o(Region$$Table)
    Region$$Table$$Limit                     0x0800655c   Number         0  anon$$obj.o(Region$$Table)
    SystemCoreClock                          0x2000000c   Data           4  system_stm32f10x.o(.data.SystemCoreClock)
    __libspace_start                         0x20000210   Data          96  libspace.o(.bss)
    __temporary_stack_top$libspace           0x20000270   Data           0  libspace.o(.bss)



==============================================================================

Memory Map of the image

  Image Entry point : 0x080001b1

  Load Region LR_1 (Base: 0x08000000, Size: 0x0000676c, Max: 0xffffffff, ABSOLUTE, COMPRESSED[0x000065d4])

    Execution Region ER_RO (Exec base: 0x08000000, Load base: 0x08000000, Size: 0x0000655c, Max: 0xffffffff, ABSOLUTE)

    Exec Addr    Load Addr    Size         Type   Attr      Idx    E Section Name        Object

    0x08000000   0x08000000   0x000000ec   Data   RO          857    RESET               startup_stm32f10x_ld.o
    0x080000ec   0x080000ec   0x00000008   Code   RO          958  * !!!main             c_w.l(__main.o)
    0x080000f4   0x080000f4   0x00000034   Code   RO         1228    !!!scatter          c_w.l(__scatter.o)
    0x08000128   0x08000128   0x0000003a   Code   RO         1226    !!dczerorl          c_w.l(__dczerorl.o)
    0x08000162   0x08000162   0x00000002   PAD
    0x08000164   0x08000164   0x0000001c   Code   RO         1230    !!handler_zi        c_w.l(__scatter_zi.o)
    0x08000180   0x08000180   0x00000002   Code   RO         1161    .ARM.Collect$$libinit$$00000000  c_w.l(libinit.o)
    0x08000182   0x08000182   0x00000000   Code   RO         1035    .ARM.Collect$$libinit$$00000002  c_w.l(libinit2.o)
    0x08000182   0x08000182   0x00000000   Code   RO         1037    .ARM.Collect$$libinit$$00000004  c_w.l(libinit2.o)
    0x08000182   0x08000182   0x00000008   Code   RO         1038    .ARM.Collect$$libinit$$00000005  c_w.l(libinit2.o)
    0x0800018a   0x0800018a   0x00000000   Code   RO         1040    .ARM.Collect$$libinit$$0000000A  c_w.l(libinit2.o)
    0x0800018a   0x0800018a   0x00000000   Code   RO         1042    .ARM.Collect$$libinit$$0000000C  c_w.l(libinit2.o)
    0x0800018a   0x0800018a   0x00000000   Code   RO         1044    .ARM.Collect$$libinit$$0000000E  c_w.l(libinit2.o)
    0x0800018a   0x0800018a   0x00000000   Code   RO         1047    .ARM.Collect$$libinit$$00000011  c_w.l(libinit2.o)
    0x0800018a   0x0800018a   0x00000000   Code   RO         1049    .ARM.Collect$$libinit$$00000013  c_w.l(libinit2.o)
    0x0800018a   0x0800018a   0x00000000   Code   RO         1051    .ARM.Collect$$libinit$$00000015  c_w.l(libinit2.o)
    0x0800018a   0x0800018a   0x00000000   Code   RO         1053    .ARM.Collect$$libinit$$00000017  c_w.l(libinit2.o)
    0x0800018a   0x0800018a   0x00000000   Code   RO         1055    .ARM.Collect$$libinit$$00000019  c_w.l(libinit2.o)
    0x0800018a   0x0800018a   0x00000000   Code   RO         1057    .ARM.Collect$$libinit$$0000001B  c_w.l(libinit2.o)
    0x0800018a   0x0800018a   0x00000000   Code   RO         1059    .ARM.Collect$$libinit$$0000001D  c_w.l(libinit2.o)
    0x0800018a   0x0800018a   0x00000000   Code   RO         1061    .ARM.Collect$$libinit$$0000001F  c_w.l(libinit2.o)
    0x0800018a   0x0800018a   0x00000000   Code   RO         1063    .ARM.Collect$$libinit$$00000021  c_w.l(libinit2.o)
    0x0800018a   0x0800018a   0x00000000   Code   RO         1065    .ARM.Collect$$libinit$$00000023  c_w.l(libinit2.o)
    0x0800018a   0x0800018a   0x00000000   Code   RO         1067    .ARM.Collect$$libinit$$00000025  c_w.l(libinit2.o)
    0x0800018a   0x0800018a   0x00000000   Code   RO         1071    .ARM.Collect$$libinit$$0000002C  c_w.l(libinit2.o)
    0x0800018a   0x0800018a   0x00000000   Code   RO         1073    .ARM.Collect$$libinit$$0000002E  c_w.l(libinit2.o)
    0x0800018a   0x0800018a   0x00000000   Code   RO         1075    .ARM.Collect$$libinit$$00000030  c_w.l(libinit2.o)
    0x0800018a   0x0800018a   0x00000000   Code   RO         1077    .ARM.Collect$$libinit$$00000032  c_w.l(libinit2.o)
    0x0800018a   0x0800018a   0x00000002   Code   RO         1078    .ARM.Collect$$libinit$$00000033  c_w.l(libinit2.o)
    0x0800018c   0x0800018c   0x00000002   Code   RO         1223    .ARM.Collect$$libshutdown$$00000000  c_w.l(libshutdown.o)
    0x0800018e   0x0800018e   0x00000000   Code   RO         1177    .ARM.Collect$$libshutdown$$00000002  c_w.l(libshutdown2.o)
    0x0800018e   0x0800018e   0x00000000   Code   RO         1179    .ARM.Collect$$libshutdown$$00000004  c_w.l(libshutdown2.o)
    0x0800018e   0x0800018e   0x00000000   Code   RO         1182    .ARM.Collect$$libshutdown$$00000007  c_w.l(libshutdown2.o)
    0x0800018e   0x0800018e   0x00000000   Code   RO         1185    .ARM.Collect$$libshutdown$$0000000A  c_w.l(libshutdown2.o)
    0x0800018e   0x0800018e   0x00000000   Code   RO         1187    .ARM.Collect$$libshutdown$$0000000C  c_w.l(libshutdown2.o)
    0x0800018e   0x0800018e   0x00000000   Code   RO         1190    .ARM.Collect$$libshutdown$$0000000F  c_w.l(libshutdown2.o)
    0x0800018e   0x0800018e   0x00000002   Code   RO         1191    .ARM.Collect$$libshutdown$$00000010  c_w.l(libshutdown2.o)
    0x08000190   0x08000190   0x00000000   Code   RO         1008    .ARM.Collect$$rtentry$$00000000  c_w.l(__rtentry.o)
    0x08000190   0x08000190   0x00000000   Code   RO         1102    .ARM.Collect$$rtentry$$00000002  c_w.l(__rtentry2.o)
    0x08000190   0x08000190   0x00000006   Code   RO         1114    .ARM.Collect$$rtentry$$00000004  c_w.l(__rtentry4.o)
    0x08000196   0x08000196   0x00000000   Code   RO         1104    .ARM.Collect$$rtentry$$00000009  c_w.l(__rtentry2.o)
    0x08000196   0x08000196   0x00000004   Code   RO         1105    .ARM.Collect$$rtentry$$0000000A  c_w.l(__rtentry2.o)
    0x0800019a   0x0800019a   0x00000000   Code   RO         1107    .ARM.Collect$$rtentry$$0000000C  c_w.l(__rtentry2.o)
    0x0800019a   0x0800019a   0x00000008   Code   RO         1108    .ARM.Collect$$rtentry$$0000000D  c_w.l(__rtentry2.o)
    0x080001a2   0x080001a2   0x00000002   Code   RO         1166    .ARM.Collect$$rtexit$$00000000  c_w.l(rtexit.o)
    0x080001a4   0x080001a4   0x00000000   Code   RO         1197    .ARM.Collect$$rtexit$$00000002  c_w.l(rtexit2.o)
    0x080001a4   0x080001a4   0x00000004   Code   RO         1198    .ARM.Collect$$rtexit$$00000003  c_w.l(rtexit2.o)
    0x080001a8   0x080001a8   0x00000006   Code   RO         1199    .ARM.Collect$$rtexit$$00000004  c_w.l(rtexit2.o)
    0x080001ae   0x080001ae   0x00000002   PAD
    0x080001b0   0x080001b0   0x00000040   Code   RO          858  * .text               startup_stm32f10x_ld.o
    0x080001f0   0x080001f0   0x0000005e   Code   RO          888    .text               c_w.l(h1_alloc.o)
    0x0800024e   0x0800024e   0x0000004e   Code   RO          890    .text               c_w.l(h1_free.o)
    0x0800029c   0x0800029c   0x00000058   Code   RO          946    .text               c_w.l(memcmp.o)
    0x080002f4   0x080002f4   0x0000008a   Code   RO          948    .text               c_w.l(rt_memcpy_v6.o)
    0x0800037e   0x0800037e   0x00000064   Code   RO          950    .text               c_w.l(rt_memcpy_w.o)
    0x080003e2   0x080003e2   0x00000044   Code   RO          952    .text               c_w.l(rt_memclr.o)
    0x08000426   0x08000426   0x0000004e   Code   RO          954    .text               c_w.l(rt_memclr_w.o)
    0x08000474   0x08000474   0x00000006   Code   RO          956    .text               c_w.l(heapauxi.o)
    0x0800047a   0x0800047a   0x00000002   PAD
    0x0800047c   0x0800047c   0x00000008   Code   RO         1012    .text               c_w.l(rt_heap_descriptor_intlibspace.o)
    0x08000484   0x08000484   0x00000004   Code   RO         1014    .text               c_w.l(hguard.o)
    0x08000488   0x08000488   0x0000008a   Code   RO         1016    .text               c_w.l(init_alloc.o)
    0x08000512   0x08000512   0x0000000e   Code   RO         1020    .text               c_w.l(h1_init.o)
    0x08000520   0x08000520   0x00000008   Code   RO         1098    .text               c_w.l(libspace.o)
    0x08000528   0x08000528   0x00000000   Code   RO         1118    .text               c_w.l(maybetermalloc1.o)
    0x08000528   0x08000528   0x00000034   Code   RO         1120    .text               c_w.l(h1_extend.o)
    0x0800055c   0x0800055c   0x0000000e   Code   RO         1124    .text               c_w.l(defsig_rtmem_outer.o)
    0x0800056a   0x0800056a   0x00000002   Code   RO         1137    .text               c_w.l(use_no_semi.o)
    0x0800056c   0x0800056c   0x00000000   Code   RO         1139    .text               c_w.l(indicate_semi.o)
    0x0800056c   0x0800056c   0x0000004a   Code   RO         1140    .text               c_w.l(sys_stackheap_outer.o)
    0x080005b6   0x080005b6   0x00000012   Code   RO         1146    .text               c_w.l(exit.o)
    0x080005c8   0x080005c8   0x0000000a   Code   RO         1148    .text               c_w.l(defsig_exit.o)
    0x080005d2   0x080005d2   0x00000002   PAD
    0x080005d4   0x080005d4   0x00000050   Code   RO         1150    .text               c_w.l(defsig_rtmem_inner.o)
    0x08000624   0x08000624   0x0000000c   Code   RO         1162    .text               c_w.l(sys_exit.o)
    0x08000630   0x08000630   0x00000032   Code   RO         1174    .text               c_w.l(defsig_general.o)
    0x08000662   0x08000662   0x0000000e   Code   RO         1192    .text               c_w.l(sys_wrch.o)
    0x08000670   0x08000670   0x00000420   Code   RO          352    .text.Acc2Local     estimator.o
    0x08000a90   0x08000a90   0x00000044   Code   RO          109    .text.CommandAckSender  message.o
    0x08000ad4   0x08000ad4   0x0000001c   Code   RO           11    .text.Core_Init     core.o
    0x08000af0   0x08000af0   0x00000022   Code   RO           19    .text.Core_Run      core.o
    0x08000b12   0x08000b12   0x00000002   PAD
    0x08000b14   0x08000b14   0x0000003c   Code   RO          348    .text.EstimatorGet  estimator.o
    0x08000b50   0x08000b50   0x000000b8   Code   RO          342    .text.EstimatorInitlize  estimator.o
    0x08000c08   0x08000c08   0x000001a8   Code   RO          338    .text.EstimatorMeasureAlt  estimator.o
    0x08000db0   0x08000db0   0x000001ec   Code   RO          340    .text.EstimatorMeasureLonLat  estimator.o
    0x08000f9c   0x08000f9c   0x0000029a   Code   RO          336    .text.EstimatorPredict  estimator.o
    0x08001236   0x08001236   0x00000002   PAD
    0x08001238   0x08001238   0x0000004e   Code   RO          334    .text.Estimator_Run  estimator.o
    0x08001286   0x08001286   0x00000002   PAD
    0x08001288   0x08001288   0x0000008e   Code   RO           17    .text.GPIO_Configuration  core.o
    0x08001316   0x08001316   0x00000002   PAD
    0x08001318   0x08001318   0x000000b0   Code   RO          486    .text.GPIO_Init     stm32f10x_gpio.o
    0x080013c8   0x080013c8   0x0000007a   Code   RO          512    .text.GPIO_PinRemapConfig  stm32f10x_gpio.o
    0x08001442   0x08001442   0x00000002   PAD
    0x08001444   0x08001444   0x0000000c   Code   RO          502    .text.GPIO_WriteBit  stm32f10x_gpio.o
    0x08001450   0x08001450   0x0000000c   Code   RO           35    .text.GetBootTimeMs  timer.o
    0x0800145c   0x0800145c   0x0000000c   Code   RO          173    .text.GetSystemStatus  message_system.o
    0x08001468   0x08001468   0x000000f0   Code   RO          350    .text.Global2Local  estimator.o
    0x08001558   0x08001558   0x00000076   Code   RO          103    .text.HeartBeatSender  message.o
    0x080015ce   0x080015ce   0x00000002   PAD
    0x080015d0   0x080015d0   0x000000ae   Code   RO          400    .text.MatrixAdd     matrix.o
    0x0800167e   0x0800167e   0x00000002   PAD
    0x08001680   0x08001680   0x00000036   Code   RO          380    .text.MatrixBuildFromArray  matrix.o
    0x080016b6   0x080016b6   0x00000002   PAD
    0x080016b8   0x080016b8   0x00000020   Code   RO          386    .text.MatrixCheck   matrix.o
    0x080016d8   0x080016d8   0x000000d8   Code   RO          408    .text.MatrixCofactor  matrix.o
    0x080017b0   0x080017b0   0x00000064   Code   RO          376    .text.MatrixCreate  matrix.o
    0x08001814   0x08001814   0x00000090   Code   RO          382    .text.MatrixCreateEye  matrix.o
    0x080018a4   0x080018a4   0x0000014e   Code   RO          414    .text.MatrixCrossProduct  matrix.o
    0x080019f2   0x080019f2   0x00000002   PAD
    0x080019f4   0x080019f4   0x00000022   Code   RO          378    .text.MatrixDelete  matrix.o
    0x08001a16   0x08001a16   0x00000002   PAD
    0x08001a18   0x08001a18   0x000000d8   Code   RO          410    .text.MatrixDet     matrix.o
    0x08001af0   0x08001af0   0x0000004c   Code   RO          388    .text.MatrixGetValue  matrix.o
    0x08001b3c   0x08001b3c   0x00000116   Code   RO          412    .text.MatrixInv     matrix.o
    0x08001c52   0x08001c52   0x00000002   PAD
    0x08001c54   0x08001c54   0x000000ae   Code   RO          398    .text.MatrixMinus   matrix.o
    0x08001d02   0x08001d02   0x00000002   PAD
    0x08001d04   0x08001d04   0x0000010e   Code   RO          394    .text.MatrixMultiply  matrix.o
    0x08001e12   0x08001e12   0x00000002   PAD
    0x08001e14   0x08001e14   0x00000002   Code   RO          424    .text.MatrixPrintError  matrix_err.o
    0x08001e16   0x08001e16   0x00000002   PAD
    0x08001e18   0x08001e18   0x00000042   Code   RO          390    .text.MatrixSetValue  matrix.o
    0x08001e5a   0x08001e5a   0x00000002   PAD
    0x08001e5c   0x08001e5c   0x00000010   Code   RO          384    .text.MatrixSetZeros  matrix.o
    0x08001e6c   0x08001e6c   0x00000082   Code   RO          406    .text.MatrixTransfer  matrix.o
    0x08001eee   0x08001eee   0x00000002   PAD
    0x08001ef0   0x08001ef0   0x0000006a   Code   RO          190    .text.MessageAttitudeSender  message_sensor.o
    0x08001f5a   0x08001f5a   0x00000002   PAD
    0x08001f5c   0x08001f5c   0x000000b6   Code   RO          252    .text.MessageEstimatorSender  message_estimator.o
    0x08002012   0x08002012   0x00000002   PAD
    0x08002014   0x08002014   0x000000a6   Code   RO          194    .text.MessageGPSIntSender  message_sensor.o
    0x080020ba   0x080020ba   0x00000002   PAD
    0x080020bc   0x080020bc   0x0000008a   Code   RO          188    .text.MessageIMUSender  message_sensor.o
    0x08002146   0x08002146   0x00000002   PAD
    0x08002148   0x08002148   0x00000014   Code   RO          101    .text.MessageManager_Run  message.o
    0x0800215c   0x0800215c   0x0000007a   Code   RO          192    .text.MessagePressureSender  message_sensor.o
    0x080021d6   0x080021d6   0x00000002   PAD
    0x080021d8   0x080021d8   0x0000001e   Code   RO          196    .text.MessageQuaternionSender  message_sensor.o
    0x080021f6   0x080021f6   0x00000002   PAD
    0x080021f8   0x080021f8   0x00000048   Code   RO          105    .text.MessageReceiver  message.o
    0x08002240   0x08002240   0x00000062   Code   RO          186    .text.MessageSensorSender  message_sensor.o
    0x080022a2   0x080022a2   0x00000002   PAD
    0x080022a4   0x080022a4   0x0000004e   Code   RO           15    .text.NVIC_Configuration  core.o
    0x080022f2   0x080022f2   0x00000002   PAD
    0x080022f4   0x080022f4   0x0000005e   Code   RO          466    .text.NVIC_Init     misc.o
    0x08002352   0x08002352   0x00000002   PAD
    0x08002354   0x08002354   0x00000014   Code   RO          464    .text.NVIC_PriorityGroupConfig  misc.o
    0x08002368   0x08002368   0x00000018   Code   RO          572    .text.RCC_APB1PeriphClockCmd  stm32f10x_rcc.o
    0x08002380   0x08002380   0x00000018   Code   RO          570    .text.RCC_APB2PeriphClockCmd  stm32f10x_rcc.o
    0x08002398   0x08002398   0x00000040   Code   RO           13    .text.RCC_Configuration  core.o
    0x080023d8   0x080023d8   0x000000a0   Code   RO          566    .text.RCC_GetClocksFreq  stm32f10x_rcc.o
    0x08002478   0x08002478   0x00000014   Code   RO          548    .text.RCC_PCLK1Config  stm32f10x_rcc.o
    0x0800248c   0x0800248c   0x0000004e   Code   RO          297    .text.SensorManager_Run  sensor.o
    0x080024da   0x080024da   0x00000002   PAD
    0x080024dc   0x080024dc   0x00000012   Code   RO          309    .text.SensorScaledGet  sensor_status.o
    0x080024ee   0x080024ee   0x00000002   PAD
    0x080024f0   0x080024f0   0x00000516   Code   RO          311    .text.SensorSetFromBuffer  sensor_status.o
    0x08002a06   0x08002a06   0x00000002   PAD
    0x08002a08   0x08002a08   0x00000008   Code   RO          867    .text.SetSysClock   system_stm32f10x.o
    0x08002a10   0x08002a10   0x000000be   Code   RO          871    .text.SetSysClockTo72  system_stm32f10x.o
    0x08002ace   0x08002ace   0x00000002   PAD
    0x08002ad0   0x08002ad0   0x0000000c   Code   RO          175    .text.SetSystemStatus  message_system.o
    0x08002adc   0x08002adc   0x00000056   Code   RO          865    .text.SystemInit    system_stm32f10x.o
    0x08002b32   0x08002b32   0x00000002   PAD
    0x08002b34   0x08002b34   0x00000034   Code   RO           45    .text.TIM2CC4Handler  timer.o
    0x08002b68   0x08002b68   0x000000d2   Code   RO           43    .text.TIM2_IRQHandler  timer.o
    0x08002c3a   0x08002c3a   0x00000002   PAD
    0x08002c3c   0x08002c3c   0x00000108   Code   RO           37    .text.TIMER2_BASE_Configuration  timer.o
    0x08002d44   0x08002d44   0x000000cc   Code   RO           39    .text.TIMER3_BASE_Configuration  timer.o
    0x08002e10   0x08002e10   0x00000014   Code   RO          682    .text.TIM_ARRPreloadConfig  stm32f10x_tim.o
    0x08002e24   0x08002e24   0x00000006   Code   RO          780    .text.TIM_ClearITPendingBit  stm32f10x_tim.o
    0x08002e2a   0x08002e2a   0x00000002   PAD
    0x08002e2c   0x08002e2c   0x00000012   Code   RO          642    .text.TIM_Cmd       stm32f10x_tim.o
    0x08002e3e   0x08002e3e   0x00000002   PAD
    0x08002e40   0x08002e40   0x00000004   Code   RO          762    .text.TIM_GetCapture1  stm32f10x_tim.o
    0x08002e44   0x08002e44   0x00000004   Code   RO          764    .text.TIM_GetCapture2  stm32f10x_tim.o
    0x08002e48   0x08002e48   0x00000004   Code   RO          766    .text.TIM_GetCapture3  stm32f10x_tim.o
    0x08002e4c   0x08002e4c   0x00000006   Code   RO          768    .text.TIM_GetCapture4  stm32f10x_tim.o
    0x08002e52   0x08002e52   0x00000002   PAD
    0x08002e54   0x08002e54   0x00000014   Code   RO          778    .text.TIM_GetITStatus  stm32f10x_tim.o
    0x08002e68   0x08002e68   0x00000010   Code   RO          646    .text.TIM_ITConfig  stm32f10x_tim.o
    0x08002e78   0x08002e78   0x00000070   Code   RO          604    .text.TIM_OC1Init   stm32f10x_tim.o
    0x08002ee8   0x08002ee8   0x0000000c   Code   RO          690    .text.TIM_OC1PreloadConfig  stm32f10x_tim.o
    0x08002ef4   0x08002ef4   0x00000078   Code   RO          606    .text.TIM_OC2Init   stm32f10x_tim.o
    0x08002f6c   0x08002f6c   0x0000000e   Code   RO          692    .text.TIM_OC2PreloadConfig  stm32f10x_tim.o
    0x08002f7a   0x08002f7a   0x00000002   PAD
    0x08002f7c   0x08002f7c   0x00000078   Code   RO          608    .text.TIM_OC3Init   stm32f10x_tim.o
    0x08002ff4   0x08002ff4   0x0000000c   Code   RO          694    .text.TIM_OC3PreloadConfig  stm32f10x_tim.o
    0x08003000   0x08003000   0x0000005e   Code   RO          610    .text.TIM_OC4Init   stm32f10x_tim.o
    0x0800305e   0x0800305e   0x00000002   PAD
    0x08003060   0x08003060   0x0000000e   Code   RO          696    .text.TIM_OC4PreloadConfig  stm32f10x_tim.o
    0x0800306e   0x0800306e   0x00000002   PAD
    0x08003070   0x08003070   0x00000006   Code   RO          668    .text.TIM_PrescalerConfig  stm32f10x_tim.o
    0x08003076   0x08003076   0x00000002   PAD
    0x08003078   0x08003078   0x00000004   Code   RO          752    .text.TIM_SetCompare1  stm32f10x_tim.o
    0x0800307c   0x0800307c   0x00000004   Code   RO          754    .text.TIM_SetCompare2  stm32f10x_tim.o
    0x08003080   0x08003080   0x00000004   Code   RO          756    .text.TIM_SetCompare3  stm32f10x_tim.o
    0x08003084   0x08003084   0x00000006   Code   RO          758    .text.TIM_SetCompare4  stm32f10x_tim.o
    0x0800308a   0x0800308a   0x00000002   PAD
    0x0800308c   0x0800308c   0x000000aa   Code   RO          602    .text.TIM_TimeBaseInit  stm32f10x_tim.o
    0x08003136   0x08003136   0x00000002   PAD
    0x08003138   0x08003138   0x00000088   Code   RO           65    .text.USART1_IRQHandler  usart.o
    0x080031c0   0x080031c0   0x00000088   Code   RO           73    .text.USART2_IRQHandler  usart.o
    0x08003248   0x08003248   0x00000014   Code   RO          800    .text.USART_Cmd     stm32f10x_usart.o
    0x0800325c   0x0800325c   0x0000008e   Code   RO           63    .text.USART_Configuration  usart.o
    0x080032ea   0x080032ea   0x00000002   PAD
    0x080032ec   0x080032ec   0x00000030   Code   RO          844    .text.USART_GetITStatus  stm32f10x_usart.o
    0x0800331c   0x0800331c   0x0000002e   Code   RO          802    .text.USART_ITConfig  stm32f10x_usart.o
    0x0800334a   0x0800334a   0x00000002   PAD
    0x0800334c   0x0800334c   0x000000b6   Code   RO          792    .text.USART_Init    stm32f10x_usart.o
    0x08003402   0x08003402   0x00000002   PAD
    0x08003404   0x08003404   0x00000008   Code   RO          818    .text.USART_ReceiveData  stm32f10x_usart.o
    0x0800340c   0x0800340c   0x00000008   Code   RO          816    .text.USART_SendData  stm32f10x_usart.o
    0x08003414   0x08003414   0x0000001c   Code   RO           69    .text.USARTc_Available  usart.o
    0x08003430   0x08003430   0x0000003e   Code   RO           71    .text.USARTc_ReadByte  usart.o
    0x0800346e   0x0800346e   0x00000002   PAD
    0x08003470   0x08003470   0x00000058   Code   RO           67    .text.USARTc_SendBuffer  usart.o
    0x080034c8   0x080034c8   0x0000001c   Code   RO           77    .text.USARTs_Available  usart.o
    0x080034e4   0x080034e4   0x0000003e   Code   RO           79    .text.USARTs_ReadByte  usart.o
    0x08003522   0x08003522   0x00000002   PAD
    0x08003524   0x08003524   0x00000010   Code   RO          113    .text._mav_parse_error  message.o
    0x08003534   0x08003534   0x0000001c   Code   RO          149    .text._mav_trim_payload  message.o
    0x08003550   0x08003550   0x0000001c   Code   RO          210    .text._mav_trim_payload  message_sensor.o
    0x0800356c   0x0800356c   0x0000001c   Code   RO          266    .text._mav_trim_payload  message_estimator.o
    0x08003588   0x08003588   0x0000001c   Code   RO          125    .text.crc_accumulate  message.o
    0x080035a4   0x080035a4   0x0000001c   Code   RO          216    .text.crc_accumulate  message_sensor.o
    0x080035c0   0x080035c0   0x0000001c   Code   RO          272    .text.crc_accumulate  message_estimator.o
    0x080035dc   0x080035dc   0x00000022   Code   RO          153    .text.crc_accumulate_buffer  message.o
    0x080035fe   0x080035fe   0x00000002   PAD
    0x08003600   0x08003600   0x00000022   Code   RO          214    .text.crc_accumulate_buffer  message_sensor.o
    0x08003622   0x08003622   0x00000002   PAD
    0x08003624   0x08003624   0x00000022   Code   RO          270    .text.crc_accumulate_buffer  message_estimator.o
    0x08003646   0x08003646   0x00000002   PAD
    0x08003648   0x08003648   0x00000030   Code   RO          151    .text.crc_calculate  message.o
    0x08003678   0x08003678   0x00000030   Code   RO          212    .text.crc_calculate  message_sensor.o
    0x080036a8   0x080036a8   0x00000030   Code   RO          268    .text.crc_calculate  message_estimator.o
    0x080036d8   0x080036d8   0x00000008   Code   RO          135    .text.crc_init      message.o
    0x080036e0   0x080036e0   0x00000008   Code   RO          220    .text.crc_init      message_sensor.o
    0x080036e8   0x080036e8   0x00000008   Code   RO          276    .text.crc_init      message_estimator.o
    0x080036f0   0x080036f0   0x0000000c   Code   RO          346    .text.isEstimatorInitlized  estimator.o
    0x080036fc   0x080036fc   0x00000004   Code   RO          319    .text.isSensorAllInitlized  sensor_status.o
    0x08003700   0x08003700   0x00000022   Code   RO          317    .text.isSensorInitlized  sensor_status.o
    0x08003722   0x08003722   0x00000002   PAD
    0x08003724   0x08003724   0x00000016   Code   RO            2    .text.main          main.o
    0x0800373a   0x0800373a   0x00000002   PAD
    0x0800373c   0x0800373c   0x00000014   Code   RO          143    .text.mavlink_finalize_message  message.o
    0x08003750   0x08003750   0x00000014   Code   RO          204    .text.mavlink_finalize_message  message_sensor.o
    0x08003764   0x08003764   0x00000008   Code   RO          260    .text.mavlink_finalize_message  message_estimator.o
    0x0800376c   0x0800376c   0x00000116   Code   RO          147    .text.mavlink_finalize_message_buffer  message.o
    0x08003882   0x08003882   0x00000002   PAD
    0x08003884   0x08003884   0x000000a0   Code   RO          208    .text.mavlink_finalize_message_buffer  message_sensor.o
    0x08003924   0x08003924   0x0000009a   Code   RO          264    .text.mavlink_finalize_message_buffer  message_estimator.o
    0x080039be   0x080039be   0x00000002   PAD
    0x080039c0   0x080039c0   0x00000014   Code   RO          145    .text.mavlink_finalize_message_chan  message.o
    0x080039d4   0x080039d4   0x00000014   Code   RO          206    .text.mavlink_finalize_message_chan  message_sensor.o
    0x080039e8   0x080039e8   0x00000008   Code   RO          262    .text.mavlink_finalize_message_chan  message_estimator.o
    0x080039f0   0x080039f0   0x00000008   Code   RO          111    .text.mavlink_frame_char  message.o
    0x080039f8   0x080039f8   0x00000394   Code   RO          117    .text.mavlink_frame_char_buffer  message.o
    0x08003d8c   0x08003d8c   0x00000048   Code   RO          121    .text.mavlink_get_msg_entry  message.o
    0x08003dd4   0x08003dd4   0x0000002a   Code   RO          234    .text.mavlink_msg_attitude_encode  message_sensor.o
    0x08003dfe   0x08003dfe   0x00000002   PAD
    0x08003e00   0x08003e00   0x00000044   Code   RO          236    .text.mavlink_msg_attitude_pack  message_sensor.o
    0x08003e44   0x08003e44   0x00000028   Code   RO          137    .text.mavlink_msg_command_ack_encode  message.o
    0x08003e6c   0x08003e6c   0x00000042   Code   RO          141    .text.mavlink_msg_command_ack_pack  message.o
    0x08003eae   0x08003eae   0x00000002   PAD
    0x08003eb0   0x08003eb0   0x0000007c   Code   RO          238    .text.mavlink_msg_gps_raw_int_encode  message_sensor.o
    0x08003f2c   0x08003f2c   0x0000007e   Code   RO          240    .text.mavlink_msg_gps_raw_int_pack  message_sensor.o
    0x08003faa   0x08003faa   0x00000002   PAD
    0x08003fac   0x08003fac   0x00000024   Code   RO          157    .text.mavlink_msg_heartbeat_encode  message.o
    0x08003fd0   0x08003fd0   0x0000003e   Code   RO          159    .text.mavlink_msg_heartbeat_pack  message.o
    0x0800400e   0x0800400e   0x00000002   PAD
    0x08004010   0x08004010   0x0000002a   Code   RO          254    .text.mavlink_msg_local_position_ned_encode  message_estimator.o
    0x0800403a   0x0800403a   0x00000002   PAD
    0x0800403c   0x0800403c   0x0000003a   Code   RO          258    .text.mavlink_msg_local_position_ned_pack  message_estimator.o
    0x08004076   0x08004076   0x00000002   PAD
    0x08004078   0x08004078   0x00000050   Code   RO          198    .text.mavlink_msg_scaled_imu_encode  message_sensor.o
    0x080040c8   0x080040c8   0x00000060   Code   RO          202    .text.mavlink_msg_scaled_imu_pack  message_sensor.o
    0x08004128   0x08004128   0x00000026   Code   RO          230    .text.mavlink_msg_scaled_pressure_encode  message_sensor.o
    0x0800414e   0x0800414e   0x00000002   PAD
    0x08004150   0x08004150   0x0000003c   Code   RO          232    .text.mavlink_msg_scaled_pressure_pack  message_sensor.o
    0x0800418c   0x0800418c   0x000000a8   Code   RO          139    .text.mavlink_msg_to_send_buffer  message.o
    0x08004234   0x08004234   0x000000a8   Code   RO          200    .text.mavlink_msg_to_send_buffer  message_sensor.o
    0x080042dc   0x080042dc   0x000000a8   Code   RO          256    .text.mavlink_msg_to_send_buffer  message_estimator.o
    0x08004384   0x08004384   0x00000040   Code   RO          107    .text.mavlink_parse_char  message.o
    0x080043c4   0x080043c4   0x0000016e   Code   RO          133    .text.mavlink_sha256_calc  message.o
    0x08004532   0x08004532   0x00000002   PAD
    0x08004534   0x08004534   0x00000066   Code   RO          131    .text.mavlink_sha256_final_48  message.o
    0x0800459a   0x0800459a   0x00000002   PAD
    0x0800459c   0x0800459c   0x0000005a   Code   RO          127    .text.mavlink_sha256_init  message.o
    0x080045f6   0x080045f6   0x00000002   PAD
    0x080045f8   0x080045f8   0x0000009a   Code   RO          129    .text.mavlink_sha256_update  message.o
    0x08004692   0x08004692   0x00000002   PAD
    0x08004694   0x08004694   0x0000008e   Code   RO          155    .text.mavlink_sign_packet  message.o
    0x08004722   0x08004722   0x00000002   PAD
    0x08004724   0x08004724   0x00000162   Code   RO          123    .text.mavlink_signature_check  message.o
    0x08004886   0x08004886   0x00000002   PAD
    0x08004888   0x08004888   0x00000024   Code   RO          115    .text.mavlink_start_checksum  message.o
    0x080048ac   0x080048ac   0x00000024   Code   RO          119    .text.mavlink_update_checksum  message.o
    0x080048d0   0x080048d0   0x0000000c   Code   RO          344    .text.updateEstimator  estimator.o
    0x080048dc   0x080048dc   0x0000000c   Code   RO           21    .text.updateHeartbeatSend  core.o
    0x080048e8   0x080048e8   0x0000000c   Code   RO           31    .text.updateSecond  timer.o
    0x080048f4   0x080048f4   0x0000000e   Code   RO           33    .text.updateSecondClear  timer.o
    0x08004902   0x08004902   0x00000002   PAD
    0x08004904   0x08004904   0x0000000c   Code   RO          313    .text.updateSensor  sensor_status.o
    0x08004910   0x08004910   0x0000000e   Code   RO          315    .text.updateSensorClear  sensor_status.o
    0x0800491e   0x0800491e   0x00000002   PAD
    0x08004920   0x08004920   0x00000062   Code   RO          960    x$fpl$d2f           fz_ws.l(d2f.o)
    0x08004982   0x08004982   0x00000002   PAD
    0x08004984   0x08004984   0x00000150   Code   RO          962    x$fpl$dadd          fz_ws.l(daddsub_clz.o)
    0x08004ad4   0x08004ad4   0x00000018   Code   RO         1133    x$fpl$dcmpinf       fz_ws.l(dcmpi.o)
    0x08004aec   0x08004aec   0x000002b4   Code   RO          971    x$fpl$ddiv          fz_ws.l(ddiv.o)
    0x08004da0   0x08004da0   0x00000078   Code   RO         1079    x$fpl$deqf          fz_ws.l(deqf.o)
    0x08004e18   0x08004e18   0x0000005e   Code   RO          974    x$fpl$dfix          fz_ws.l(dfix.o)
    0x08004e76   0x08004e76   0x0000002e   Code   RO          979    x$fpl$dflt          fz_ws.l(dflt_clz.o)
    0x08004ea4   0x08004ea4   0x00000026   Code   RO          978    x$fpl$dfltu         fz_ws.l(dflt_clz.o)
    0x08004eca   0x08004eca   0x00000002   PAD
    0x08004ecc   0x08004ecc   0x00000078   Code   RO         1081    x$fpl$dgeqf         fz_ws.l(dgeqf.o)
    0x08004f44   0x08004f44   0x00000078   Code   RO         1083    x$fpl$dleqf         fz_ws.l(dleqf.o)
    0x08004fbc   0x08004fbc   0x00000154   Code   RO          984    x$fpl$dmul          fz_ws.l(dmul.o)
    0x08005110   0x08005110   0x0000009c   Code   RO         1085    x$fpl$dnaninf       fz_ws.l(dnaninf.o)
    0x080051ac   0x080051ac   0x0000000c   Code   RO         1087    x$fpl$dretinf       fz_ws.l(dretinf.o)
    0x080051b8   0x080051b8   0x000001dc   Code   RO          964    x$fpl$dsub          fz_ws.l(daddsub_clz.o)
    0x08005394   0x08005394   0x00000056   Code   RO          986    x$fpl$f2d           fz_ws.l(f2d.o)
    0x080053ea   0x080053ea   0x00000002   PAD
    0x080053ec   0x080053ec   0x000000c4   Code   RO          988    x$fpl$fadd          fz_ws.l(faddsub_clz.o)
    0x080054b0   0x080054b0   0x00000054   Code   RO          968    x$fpl$fcmp          fz_ws.l(dcmp.o)
    0x08005504   0x08005504   0x00000184   Code   RO          995    x$fpl$fdiv          fz_ws.l(fdiv.o)
    0x08005688   0x08005688   0x00000030   Code   RO          999    x$fpl$fflt          fz_ws.l(fflt_clz.o)
    0x080056b8   0x080056b8   0x00000102   Code   RO         1004    x$fpl$fmul          fz_ws.l(fmul.o)
    0x080057ba   0x080057ba   0x0000008c   Code   RO         1089    x$fpl$fnaninf       fz_ws.l(fnaninf.o)
    0x08005846   0x08005846   0x0000000a   Code   RO         1091    x$fpl$fretinf       fz_ws.l(fretinf.o)
    0x08005850   0x08005850   0x000000ea   Code   RO          990    x$fpl$fsub          fz_ws.l(faddsub_clz.o)
    0x0800593a   0x0800593a   0x00000000   Code   RO         1093    x$fpl$usenofp       fz_ws.l(usenofp.o)
    0x0800593a   0x0800593a   0x00000004   Data   RO          591    .rodata.ADCPrescTable  stm32f10x_rcc.o
    0x0800593e   0x0800593e   0x00000010   Data   RO          590    .rodata.APBAHBPrescTable  stm32f10x_rcc.o
    0x0800594e   0x0800594e   0x00000013   Data   RO          426    .rodata.err_fail_alloc_mem  matrix_err.o
    0x08005961   0x08005961   0x0000000d   Data   RO          433    .rodata.err_matrix_broken  matrix_err.o
    0x0800596e   0x0800596e   0x00000019   Data   RO          429    .rodata.err_rows_and_cols_not_match  matrix_err.o
    0x08005987   0x08005987   0x00000017   Data   RO          428    .rodata.err_rows_or_cols_less_than_1  matrix_err.o
    0x0800599e   0x0800599e   0x00000017   Data   RO          431    .rodata.err_rows_or_cols_out_of_range  matrix_err.o
    0x080059b5   0x080059b5   0x00000003   PAD
    0x080059b8   0x080059b8   0x00000a38   Data   RO          161    .rodata.mavlink_get_msg_entry.mavlink_message_crcs  message.o
    0x080063f0   0x080063f0   0x00000100   Data   RO          162    .rodata.mavlink_sha256_constant_256  message.o
    0x080064f0   0x080064f0   0x00000002   Data   RO          177    .rodata.mavlink_system  message_system.o
    0x080064f2   0x080064f2   0x0000000d   Data   RO          427    .rodata.oper_create_mat  matrix_err.o
    0x080064ff   0x080064ff   0x00000014   Data   RO          432    .rodata.oper_get_value  matrix_err.o
    0x08006513   0x08006513   0x0000000d   Data   RO          439    .rodata.oper_matrix_add  matrix_err.o
    0x08006520   0x08006520   0x0000000d   Data   RO          438    .rodata.oper_matrix_minus  matrix_err.o
    0x0800652d   0x0800652d   0x0000000d   Data   RO          430    .rodata.oper_multiply_matrix  matrix_err.o
    0x0800653a   0x0800653a   0x00000002   PAD
    0x0800653c   0x0800653c   0x00000020   Data   RO         1225    Region$$Table       anon$$obj.o


    Execution Region ER_RW (Exec base: 0x20000000, Load base: 0x0800655c, Size: 0x00000210, Max: 0xffffffff, ABSOLUTE, COMPRESSED[0x00000078])

    Exec Addr    Load Addr    Size         Type   Attr      Idx    E Section Name        Object

    0x20000000   COMPRESSED   0x00000002   Data   RW           50    .data.CCR1_Val      timer.o
    0x20000002   COMPRESSED   0x00000002   Data   RW           51    .data.CCR2_Val      timer.o
    0x20000004   COMPRESSED   0x00000002   Data   RW           52    .data.CCR3_Val      timer.o
    0x20000006   COMPRESSED   0x00000002   Data   RW           53    .data.CCR4_Val      timer.o
    0x20000008   COMPRESSED   0x00000001   Data   RW           86    .data.NbrOfDataToTransfer1  usart.o
    0x20000009   COMPRESSED   0x00000001   Data   RW           92    .data.NbrOfDataToTransfer2  usart.o
    0x2000000a   COMPRESSED   0x00000002   PAD
    0x2000000c   COMPRESSED   0x00000004   Data   RW          873    .data.SystemCoreClock  system_stm32f10x.o
    0x20000010   COMPRESSED   0x000000ff   Data   RW           84    .data.TxBuffer1     usart.o
    0x2000010f   COMPRESSED   0x000000ff   Data   RW           90    .data.TxBuffer2     usart.o
    0x2000020e   COMPRESSED   0x00000001   Data   RW          178    .data.global        message_system.o


    Execution Region ER_ZI (Exec base: 0x20000210, Load base: 0x080065d4, Size: 0x00000eb8, Max: 0xffffffff, ABSOLUTE)

    Exec Addr    Load Addr    Size         Type   Attr      Idx    E Section Name        Object

    0x20000210        -       0x00000060   Zero   RW         1099    .bss                c_w.l(libspace.o)
    0x20000270        -       0x00000001   Zero   RW           82    .bss.NbrOfDataToRead1  usart.o
    0x20000271        -       0x00000001   Zero   RW           88    .bss.NbrOfDataToRead2  usart.o
    0x20000272   0x080065d4   0x00000002   PAD
    0x20000274        -       0x00000004   Zero   RW          363    .bss.P              estimator.o
    0x20000278        -       0x00000004   Zero   RW          364    .bss.P_pre          estimator.o
    0x2000027c        -       0x00000002   Zero   RW           49    .bss.PrescalerValue  timer.o
    0x2000027e        -       0x000000fe   Zero   RW           81    .bss.RxBuffer1      usart.o
    0x2000037c        -       0x000000fe   Zero   RW           87    .bss.RxBuffer2      usart.o
    0x2000047a        -       0x00000001   Zero   RW           83    .bss.RxCounter1     usart.o
    0x2000047b        -       0x00000001   Zero   RW           89    .bss.RxCounter2     usart.o
    0x2000047c        -       0x00000010   Zero   RW          299    .bss.SensorManager_Run.ucRxBuffer  sensor.o
    0x2000048c        -       0x00000001   Zero   RW          300    .bss.SensorManager_Run.ucRxCnt  sensor.o
    0x2000048d   0x080065d4   0x00000003   PAD
    0x20000490        -       0x00000004   Zero   RW           54    .bss.TIM2CC4_Count  timer.o
    0x20000494        -       0x00000001   Zero   RW           85    .bss.TxCounter1     usart.o
    0x20000495        -       0x00000001   Zero   RW           91    .bss.TxCounter2     usart.o
    0x20000496   0x080065d4   0x00000002   PAD
    0x20000498        -       0x00000004   Zero   RW           48    .bss.boot_time      timer.o
    0x2000049c        -       0x00000002   Zero   RW          286    .bss.count          message_estimator.o
    0x2000049e        -       0x00000001   Zero   RW           47    .bss.heartBeat      timer.o
    0x2000049f        -       0x0000000b   Zero   RW          323    .bss.initlized      sensor_status.o
    0x200004aa        -       0x00000001   Zero   RW          359    .bss.isAccInit      estimator.o
    0x200004ab        -       0x00000001   Zero   RW           23    .bss.isHeartbeatRequired  core.o
    0x200004ac        -       0x00000001   Zero   RW          358    .bss.isHeightInit   estimator.o
    0x200004ad        -       0x00000001   Zero   RW          355    .bss.isInitlized    estimator.o
    0x200004ae        -       0x00000001   Zero   RW          357    .bss.isLonLatInit   estimator.o
    0x200004af        -       0x00000001   Zero   RW          354    .bss.isUpdate       estimator.o
    0x200004b0        -       0x00000004   Zero   RW          361    .bss.lastAccTime    estimator.o
    0x200004b4        -       0x0000048c   Zero   RW          163    .bss.mavlink_get_channel_buffer.m_mavlink_buffer  message.o
    0x20000940        -       0x00000060   Zero   RW          164    .bss.mavlink_get_channel_status.m_mavlink_status  message.o
    0x200009a0        -       0x00000001   Zero   RW          243    .bss.mavlink_get_channel_status.m_mavlink_status.0.6  message_sensor.o
    0x200009a1   0x080065d4   0x00000001   PAD
    0x200009a2        -       0x00000001   Zero   RW          288    .bss.mavlink_get_channel_status.m_mavlink_status.0.6  message_estimator.o
    0x200009a3   0x080065d4   0x00000001   PAD
    0x200009a4        -       0x00000004   Zero   RW          365    .bss.ori.0          estimator.o
    0x200009a8        -       0x00000004   Zero   RW          366    .bss.ori.1          estimator.o
    0x200009ac        -       0x00000004   Zero   RW          367    .bss.ori.2          estimator.o
    0x200009b0        -       0x00000004   Zero   RW          324    .bss.oriPressure    sensor_status.o
    0x200009b4   0x080065d4   0x00000004   PAD
    0x200009b8        -       0x00000030   Zero   RW          356    .bss.pos_loc        estimator.o
    0x200009e8        -       0x00000058   Zero   RW          321    .bss.rawSensorStatus  sensor_status.o
    0x20000a40        -       0x00000078   Zero   RW          322    .bss.scaledSensorStatus  sensor_status.o
    0x20000ab8        -       0x00000001   Zero   RW          325    .bss.sensorRefreshed  sensor_status.o
    0x20000ab9   0x080065d4   0x00000003   PAD
    0x20000abc        -       0x00000004   Zero   RW          360    .bss.x              estimator.o
    0x20000ac0        -       0x00000004   Zero   RW          362    .bss.x_pre          estimator.o
    0x20000ac4   0x080065d4   0x00000004   PAD
    0x20000ac8        -       0x00000200   Zero   RW          856    HEAP                startup_stm32f10x_ld.o
    0x20000cc8        -       0x00000400   Zero   RW          855    STACK               startup_stm32f10x_ld.o


==============================================================================

Image component sizes


      Code (inc. data)   RO Data    RW Data    ZI Data      Debug   Object Name

       358          0          0          0          1       3620   core.o
      3224          0          0          0         85      10534   estimator.o
        22          0          0          0          0        416   main.o
      2314          0          0          0          0      13145   matrix.o
         2          0        175          0          0       1345   matrix_err.o
      3470         32       2872          0       1260      20957   message.o
       766          0          0          0          3      11992   message_estimator.o
      1808         10          0          0          1      18442   message_sensor.o
        24          0          2          1          0        983   message_system.o
       114          0          0          0          0       3624   misc.o
        78          0          0          0         17        669   sensor.o
      1384         22          0          0        224       4316   sensor_status.o
        64         26        236          0       1536        864   startup_stm32f10x_ld.o
       310          0          0          0          0       6190   stm32f10x_gpio.o
       228          0         20          0          0       8076   stm32f10x_rcc.o
       790          0          0          0          0      25646   stm32f10x_tim.o
       312          0          0          0          0       8669   stm32f10x_usart.o
       284          0          0          4          0       2903   system_stm32f10x.o
       768          0          0          8         11       4197   timer.o
       682          0          0        512        514       3690   usart.o

    ----------------------------------------------------------------------
     17136         90       3342        528       3672     150278   Object Totals
         0          0         32          0          0          0   (incl. Generated)
       134          0          5          3         20          0   (incl. Padding)

    ----------------------------------------------------------------------

      Code (inc. data)   RO Data    RW Data    ZI Data      Debug   Library Member Name

        58          0          0          0          0          0   __dczerorl.o
         8          0          0          0          0         68   __main.o
         0          0          0          0          0          0   __rtentry.o
        12          0          0          0          0          0   __rtentry2.o
         6          0          0          0          0          0   __rtentry4.o
        52          8          0          0          0          0   __scatter.o
        28          0          0          0          0          0   __scatter_zi.o
        10          0          0          0          0         68   defsig_exit.o
        50          0          0          0          0         88   defsig_general.o
        80         58          0          0          0         76   defsig_rtmem_inner.o
        14          0          0          0          0         80   defsig_rtmem_outer.o
        18          0          0          0          0         80   exit.o
        94          0          0          0          0         80   h1_alloc.o
        52          0          0          0          0         68   h1_extend.o
        78          0          0          0          0         80   h1_free.o
        14          0          0          0          0         84   h1_init.o
         6          0          0          0          0        152   heapauxi.o
         4          0          0          0          0        136   hguard.o
         0          0          0          0          0          0   indicate_semi.o
       138          0          0          0          0        168   init_alloc.o
         2          0          0          0          0          0   libinit.o
        10          0          0          0          0          0   libinit2.o
         2          0          0          0          0          0   libshutdown.o
         2          0          0          0          0          0   libshutdown2.o
         8          4          0          0         96         68   libspace.o
         0          0          0          0          0          0   maybetermalloc1.o
        88          0          0          0          0         76   memcmp.o
         8          4          0          0          0         68   rt_heap_descriptor_intlibspace.o
        68          0          0          0          0         68   rt_memclr.o
        78          0          0          0          0         80   rt_memclr_w.o
       138          0          0          0          0         68   rt_memcpy_v6.o
       100          0          0          0          0         80   rt_memcpy_w.o
         2          0          0          0          0          0   rtexit.o
        10          0          0          0          0          0   rtexit2.o
        12          4          0          0          0         68   sys_exit.o
        74          0          0          0          0         80   sys_stackheap_outer.o
        14          0          0          0          0         76   sys_wrch.o
         2          0          0          0          0         68   use_no_semi.o
        98          4          0          0          0         92   d2f.o
       812         16          0          0          0        296   daddsub_clz.o
        84          0          0          0          0        196   dcmp.o
        24          0          0          0          0         68   dcmpi.o
       692        140          0          0          0        216   ddiv.o
       120          4          0          0          0         92   deqf.o
        94          4          0          0          0         92   dfix.o
        84          0          0          0          0        136   dflt_clz.o
       120          4          0          0          0         92   dgeqf.o
       120          4          0          0          0         92   dleqf.o
       340         12          0          0          0        104   dmul.o
       156          4          0          0          0         92   dnaninf.o
        12          0          0          0          0         68   dretinf.o
        86          4          0          0          0         84   f2d.o
       430          8          0          0          0        168   faddsub_clz.o
       388         76          0          0          0         96   fdiv.o
        48          0          0          0          0         68   fflt_clz.o
       258          4          0          0          0         84   fmul.o
       140          4          0          0          0         84   fnaninf.o
        10          0          0          0          0         68   fretinf.o
         0          0          0          0          0          0   usenofp.o

    ----------------------------------------------------------------------
      5470        366          0          0         96       4316   Library Totals
        14          0          0          0          0          0   (incl. Padding)

    ----------------------------------------------------------------------

      Code (inc. data)   RO Data    RW Data    ZI Data      Debug   Library Name

      1340         78          0          0         96       2028   c_w.l
      4116        288          0          0          0       2288   fz_ws.l

    ----------------------------------------------------------------------
      5470        366          0          0         96       4316   Library Totals

    ----------------------------------------------------------------------

==============================================================================


      Code (inc. data)   RO Data    RW Data    ZI Data      Debug   

     22606        456       3342        528       3768     151994   Grand Totals
     22606        456       3342        120       3768     151994   ELF Image Totals (compressed)
     22606        456       3342        120          0          0   ROM Totals

==============================================================================

    Total RO  Size (Code + RO Data)                25948 (  25.34kB)
    Total RW  Size (RW Data + ZI Data)              4296 (   4.20kB)
    Total ROM Size (Code + RO Data + RW Data)      26068 (  25.46kB)

==============================================================================

