Component: ARM Compiler 6.16 Tool: armlink [5dfeaa00]

==============================================================================

Section Cross References

    main.o(.text.main) refers to core.o(.text.CORE_Configuration) for CORE_Configuration
    main.o(.text.main) refers to core.o(.text.CORE_Loop) for CORE_Loop
    main.o(.text.main) refers to message.o(.text.MessageManager) for MessageManager
    main.o(.text.main) refers to sensor.o(.text.SensorManager) for SensorManager
    main.o(.ARM.exidx.text.main) refers to main.o(.text.main) for [Anonymous Symbol]
    core.o(.text.CORE_Configuration) refers to core.o(.text.RCC_Configuration) for RCC_Configuration
    core.o(.text.CORE_Configuration) refers to core.o(.text.NVIC_Configuration) for NVIC_Configuration
    core.o(.text.CORE_Configuration) refers to core.o(.text.GPIO_Configuration) for GPIO_Configuration
    core.o(.text.CORE_Configuration) refers to timer.o(.text.TIMER_BASE_Configuration) for TIMER_BASE_Configuration
    core.o(.text.CORE_Configuration) refers to usart.o(.text.USART_Configuration) for USART_Configuration
    core.o(.ARM.exidx.text.CORE_Configuration) refers to core.o(.text.CORE_Configuration) for [Anonymous Symbol]
    core.o(.text.RCC_Configuration) refers to stm32f10x_rcc.o(.text.RCC_PCLK1Config) for RCC_PCLK1Config
    core.o(.text.RCC_Configuration) refers to stm32f10x_rcc.o(.text.RCC_APB1PeriphClockCmd) for RCC_APB1PeriphClockCmd
    core.o(.text.RCC_Configuration) refers to stm32f10x_rcc.o(.text.RCC_APB2PeriphClockCmd) for RCC_APB2PeriphClockCmd
    core.o(.ARM.exidx.text.RCC_Configuration) refers to core.o(.text.RCC_Configuration) for [Anonymous Symbol]
    core.o(.text.NVIC_Configuration) refers to misc.o(.text.NVIC_PriorityGroupConfig) for NVIC_PriorityGroupConfig
    core.o(.text.NVIC_Configuration) refers to misc.o(.text.NVIC_Init) for NVIC_Init
    core.o(.ARM.exidx.text.NVIC_Configuration) refers to core.o(.text.NVIC_Configuration) for [Anonymous Symbol]
    core.o(.text.GPIO_Configuration) refers to stm32f10x_gpio.o(.text.GPIO_Init) for GPIO_Init
    core.o(.text.GPIO_Configuration) refers to stm32f10x_gpio.o(.text.GPIO_PinRemapConfig) for GPIO_PinRemapConfig
    core.o(.ARM.exidx.text.GPIO_Configuration) refers to core.o(.text.GPIO_Configuration) for [Anonymous Symbol]
    core.o(.ARM.exidx.text.CORE_Loop) refers to core.o(.text.CORE_Loop) for [Anonymous Symbol]
    timer.o(.text.isHeartBeatRequired) refers to timer.o(.bss.heartBeat) for heartBeat
    timer.o(.ARM.exidx.text.isHeartBeatRequired) refers to timer.o(.text.isHeartBeatRequired) for [Anonymous Symbol]
    timer.o(.text.HeartBeatSended) refers to timer.o(.bss.heartBeat) for heartBeat
    timer.o(.ARM.exidx.text.HeartBeatSended) refers to timer.o(.text.HeartBeatSended) for [Anonymous Symbol]
    timer.o(.text.GetBootTimeMs) refers to timer.o(.bss.boot_time) for boot_time
    timer.o(.ARM.exidx.text.GetBootTimeMs) refers to timer.o(.text.GetBootTimeMs) for [Anonymous Symbol]
    timer.o(.text.TIMER_BASE_Configuration) refers to system_stm32f10x.o(.data.SystemCoreClock) for SystemCoreClock
    timer.o(.text.TIMER_BASE_Configuration) refers to timer.o(.bss.PrescalerValue) for PrescalerValue
    timer.o(.text.TIMER_BASE_Configuration) refers to stm32f10x_tim.o(.text.TIM_TimeBaseInit) for TIM_TimeBaseInit
    timer.o(.text.TIMER_BASE_Configuration) refers to stm32f10x_tim.o(.text.TIM_PrescalerConfig) for TIM_PrescalerConfig
    timer.o(.text.TIMER_BASE_Configuration) refers to timer.o(.data.CCR1_Val) for CCR1_Val
    timer.o(.text.TIMER_BASE_Configuration) refers to stm32f10x_tim.o(.text.TIM_OC1Init) for TIM_OC1Init
    timer.o(.text.TIMER_BASE_Configuration) refers to stm32f10x_tim.o(.text.TIM_OC1PreloadConfig) for TIM_OC1PreloadConfig
    timer.o(.text.TIMER_BASE_Configuration) refers to timer.o(.data.CCR2_Val) for CCR2_Val
    timer.o(.text.TIMER_BASE_Configuration) refers to stm32f10x_tim.o(.text.TIM_OC2Init) for TIM_OC2Init
    timer.o(.text.TIMER_BASE_Configuration) refers to stm32f10x_tim.o(.text.TIM_OC2PreloadConfig) for TIM_OC2PreloadConfig
    timer.o(.text.TIMER_BASE_Configuration) refers to timer.o(.data.CCR3_Val) for CCR3_Val
    timer.o(.text.TIMER_BASE_Configuration) refers to stm32f10x_tim.o(.text.TIM_OC3Init) for TIM_OC3Init
    timer.o(.text.TIMER_BASE_Configuration) refers to stm32f10x_tim.o(.text.TIM_OC3PreloadConfig) for TIM_OC3PreloadConfig
    timer.o(.text.TIMER_BASE_Configuration) refers to timer.o(.data.CCR4_Val) for CCR4_Val
    timer.o(.text.TIMER_BASE_Configuration) refers to stm32f10x_tim.o(.text.TIM_OC4Init) for TIM_OC4Init
    timer.o(.text.TIMER_BASE_Configuration) refers to stm32f10x_tim.o(.text.TIM_OC4PreloadConfig) for TIM_OC4PreloadConfig
    timer.o(.text.TIMER_BASE_Configuration) refers to stm32f10x_tim.o(.text.TIM_ITConfig) for TIM_ITConfig
    timer.o(.text.TIMER_BASE_Configuration) refers to stm32f10x_tim.o(.text.TIM_Cmd) for TIM_Cmd
[...]
    NVIC_Configuration                       0x08000c75   Thumb Code    90  core.o(.text.NVIC_Configuration)
    [Anonymous Symbol]                       0x08000c74   Section        0  core.o(.text.NVIC_Configuration)
    [Anonymous Symbol]                       0x08000cd0   Section        0  misc.o(.text.NVIC_Init)
    [Anonymous Symbol]                       0x08000d7c   Section        0  misc.o(.text.NVIC_PriorityGroupConfig)
    [Anonymous Symbol]                       0x08000d98   Section        0  stm32f10x_rcc.o(.text.RCC_APB1PeriphClockCmd)
    [Anonymous Symbol]                       0x08000dd0   Section        0  stm32f10x_rcc.o(.text.RCC_APB2PeriphClockCmd)
    RCC_Configuration                        0x08000e09   Thumb Code    54  core.o(.text.RCC_Configuration)
    [Anonymous Symbol]                       0x08000e08   Section        0  core.o(.text.RCC_Configuration)
    [Anonymous Symbol]                       0x08000e40   Section        0  stm32f10x_rcc.o(.text.RCC_GetClocksFreq)
    [Anonymous Symbol]                       0x08000fb4   Section        0  stm32f10x_rcc.o(.text.RCC_PCLK1Config)
    [Anonymous Symbol]                       0x08000fe0   Section        0  sensor.o(.text.SensorManager)
    [Anonymous Symbol]                       0x08001054   Section        0  sensor_status.o(.text.SensorReaded)
    [Anonymous Symbol]                       0x08001064   Section        0  sensor_status.o(.text.SensorRefreshed)
    [Anonymous Symbol]                       0x08001070   Section        0  sensor_status.o(.text.SensorScaledGet)
    [Anonymous Symbol]                       0x0800108c   Section        0  sensor_status.o(.text.SensorSetFromBuffer)
    SetSysClock                              0x0800164d   Thumb Code     8  system_stm32f10x.o(.text.SetSysClock)
    [Anonymous Symbol]                       0x0800164c   Section        0  system_stm32f10x.o(.text.SetSysClock)
    SetSysClockTo72                          0x08001655   Thumb Code   290  system_stm32f10x.o(.text.SetSysClockTo72)
    [Anonymous Symbol]                       0x08001654   Section        0  system_stm32f10x.o(.text.SetSysClockTo72)
    [Anonymous Symbol]                       0x08001778   Section        0  system_stm32f10x.o(.text.SystemInit)
    TIM2CC1Handler                           0x080017e1   Thumb Code     2  timer.o(.text.TIM2CC1Handler)
    [Anonymous Symbol]                       0x080017e0   Section        0  timer.o(.text.TIM2CC1Handler)
    TIM2CC2Handler                           0x080017e5   Thumb Code     2  timer.o(.text.TIM2CC2Handler)
    [Anonymous Symbol]                       0x080017e4   Section        0  timer.o(.text.TIM2CC2Handler)
    TIM2CC3Handler                           0x080017e9   Thumb Code     2  timer.o(.text.TIM2CC3Handler)
    [Anonymous Symbol]                       0x080017e8   Section        0  timer.o(.text.TIM2CC3Handler)
    TIM2CC4Handler                           0x080017ed   Thumb Code    66  timer.o(.text.TIM2CC4Handler)
    [Anonymous Symbol]                       0x080017ec   Section        0  timer.o(.text.TIM2CC4Handler)
    [Anonymous Symbol]                       0x08001830   Section        0  timer.o(.text.TIM2_IRQHandler)
    [Anonymous Symbol]                       0x08001950   Section        0  timer.o(.text.TIMER_BASE_Configuration)
    [Anonymous Symbol]                       0x08001a64   Section        0  stm32f10x_tim.o(.text.TIM_ClearITPendingBit)
    [Anonymous Symbol]                       0x08001a7c   Section        0  stm32f10x_tim.o(.text.TIM_Cmd)
    [Anonymous Symbol]                       0x08001aa8   Section        0  stm32f10x_tim.o(.text.TIM_GetCapture1)
    [Anonymous Symbol]                       0x08001ab4   Section        0  stm32f10x_tim.o(.text.TIM_GetCapture2)
    [Anonymous Symbol]                       0x08001ac0   Section        0  stm32f10x_tim.o(.text.TIM_GetCapture3)
    [Anonymous Symbol]                       0x08001acc   Section        0  stm32f10x_tim.o(.text.TIM_GetCapture4)
    [Anonymous Symbol]                       0x08001adc   Section        0  stm32f10x_tim.o(.text.TIM_GetITStatus)
    [Anonymous Symbol]                       0x08001b38   Section        0  stm32f10x_tim.o(.text.TIM_ITConfig)
    [Anonymous Symbol]                       0x08001b6c   Section        0  stm32f10x_tim.o(.text.TIM_OC1Init)
    [Anonymous Symbol]                       0x08001cd0   Section        0  stm32f10x_tim.o(.text.TIM_OC1PreloadConfig)
    [Anonymous Symbol]                       0x08001d0c   Section        0  stm32f10x_tim.o(.text.TIM_OC2Init)
    [Anonymous Symbol]                       0x08001e4c   Section        0  stm32f10x_tim.o(.text.TIM_OC2PreloadConfig)
    [Anonymous Symbol]                       0x08001e8c   Section        0  stm32f10x_tim.o(.text.TIM_OC3Init)
    [Anonymous Symbol]                       0x08001fcc   Section        0  stm32f10x_tim.o(.text.TIM_OC3PreloadConfig)
    [Anonymous Symbol]                       0x08002008   Section        0  stm32f10x_tim.o(.text.TIM_OC4Init)
    [Anonymous Symbol]                       0x080020f8   Section        0  stm32f10x_tim.o(.text.TIM_OC4PreloadConfig)
    [Anonymous Symbol]                       0x08002138   Section        0  stm32f10x_tim.o(.text.TIM_PrescalerConfig)
    [Anonymous Symbol]                       0x08002158   Section        0  stm32f10x_tim.o(.text.TIM_SetCompare1)
    [Anonymous Symbol]                       0x0800216c   Section        0  stm32f10x_tim.o(.text.TIM_SetCompare2)
    [Anonymous Symbol]                       0x08002180   Section        0  stm32f10x_tim.o(.text.TIM_SetCompare3)
    [Anonymous Symbol]                       0x08002194   Section        0  stm32f10x_tim.o(.text.TIM_SetCompare4)
    [Anonymous Symbol]                       0x080021ac   Section        0  stm32f10x_tim.o(.text.TIM_TimeBaseInit)
    [Anonymous Symbol]                       0x080022f0   Section        0  usart.o(.text.USART1_IRQHandler)
    [Anonymous Symbol]                       0x080023ac   Section        0  usart.o(.text.USART2_IRQHandler)
    [Anonymous Symbol]                       0x08002468   Section        0  stm32f10x_usart.o(.text.USART_Cmd)
    [Anonymous Symbol]                       0x08002494   Section        0  usart.o(.text.USART_Configuration)
    [Anonymous Symbol]                       0x08002540   Section        0  stm32f10x_usart.o(.text.USART_GetITStatus)
    [Anonymous Symbol]                       0x080025f0   Section        0  stm32f10x_usart.o(.text.USART_ITConfig)
    [Anonymous Symbol]                       0x08002684   Section        0  stm32f10x_usart.o(.text.USART_Init)
    [Anonymous Symbol]                       0x080027e0   Section        0  stm32f10x_usart.o(.text.USART_ReceiveData)
    [Anonymous Symbol]                       0x080027f0   Section        0  stm32f10x_usart.o(.text.USART_SendData)
    [Anonymous Symbol]                       0x08002808   Section        0  usart.o(.text.USARTc_Available)
    [Anonymous Symbol]                       0x0800283c   Section        0  usart.o(.text.USARTc_ReadByte)
    [Anonymous Symbol]                       0x08002888   Section        0  usart.o(.text.USARTc_SendBuffer)
    [Anonymous Symbol]                       0x08002900   Section        0  usart.o(.text.USARTs_Available)
    [Anonymous Symbol]                       0x08002934   Section        0  usart.o(.text.USARTs_ReadByte)
    _mav_parse_error                         0x08002981   Thumb Code    16  message.o(.text._mav_parse_error)
    [Anonymous Symbol]                       0x08002980   Section        0  message.o(.text._mav_parse_error)
    _mav_trim_payload                        0x08002991   Thumb Code    74  message.o(.text._mav_trim_payload)
    [Anonymous Symbol]                       0x08002990   Section        0  message.o(.text._mav_trim_payload)
    _mav_trim_payload                        0x080029dd   Thumb Code    74  message_sensor.o(.text._mav_trim_payload)
    [Anonymous Symbol]                       0x080029dc   Section        0  message_sensor.o(.text._mav_trim_payload)
    crc_accumulate                           0x08002a29   Thumb Code    60  message.o(.text.crc_accumulate)
    [Anonymous Symbol]                       0x08002a28   Section        0  message.o(.text.crc_accumulate)
    crc_accumulate                           0x08002a65   Thumb Code    60  message_sensor.o(.text.crc_accumulate)
    [Anonymous Symbol]                       0x08002a64   Section        0  message_sensor.o(.text.crc_accumulate)
    crc_accumulate_buffer                    0x08002aa1   Thumb Code    52  message.o(.text.crc_accumulate_buffer)
    [Anonymous Symbol]                       0x08002aa0   Section        0  message.o(.text.crc_accumulate_buffer)
    crc_accumulate_buffer                    0x08002ad5   Thumb Code    52  message_sensor.o(.text.crc_accumulate_buffer)
    [Anonymous Symbol]                       0x08002ad4   Section        0  message_sensor.o(.text.crc_accumulate_buffer)
    crc_calculate                            0x08002b09   Thumb Code    56  message.o(.text.crc_calculate)
    [Anonymous Symbol]                       0x08002b08   Section        0  message.o(.text.crc_calculate)
    crc_calculate                            0x08002b41   Thumb Code    56  message_sensor.o(.text.crc_calculate)
    [Anonymous Symbol]                       0x08002b40   Section        0  message_sensor.o(.text.crc_calculate)
    crc_init                                 0x08002b79   Thumb Code    16  message.o(.text.crc_init)
    [Anonymous Symbol]                       0x08002b78   Section        0  message.o(.text.crc_init)
    crc_init                                 0x08002b89   Thumb Code    16  message_sensor.o(.text.crc_init)
    [Anonymous Symbol]                       0x08002b88   Section        0  message_sensor.o(.text.crc_init)
    [Anonymous Symbol]                       0x08002b98   Section        0  timer.o(.text.isHeartBeatRequired)
    [Anonymous Symbol]                       0x08002ba8   Section        0  sensor_status.o(.text.isSensorInitlized)
    [Anonymous Symbol]                       0x08002bf0   Section        0  main.o(.text.main)
    mavlink_finalize_message                 0x08002c0d   Thumb Code    82  message.o(.text.mavlink_finalize_message)
    [Anonymous Symbol]                       0x08002c0c   Section        0  message.o(.text.mavlink_finalize_message)
    mavlink_finalize_message                 0x08002c61   Thumb Code    82  message_sensor.o(.text.mavlink_finalize_message)
    [Anonymous Symbol]                       0x08002c60   Section        0  message_sensor.o(.text.mavlink_finalize_message)
    mavlink_finalize_message_buffer          0x08002cb5   Thumb Code   558  message.o(.text.mavlink_finalize_message_buffer)
    [Anonymous Symbol]                       0x08002cb4   Section        0  message.o(.text.mavlink_finalize_message_buffer)
    mavlink_finalize_message_buffer          0x08002ee5   Thumb Code   558  message_sensor.o(.text.mavlink_finalize_message_buffer)
    [Anonymous Symbol]                       0x08002ee4   Section        0  message_sensor.o(.text.mavlink_finalize_message_buffer)
    mavlink_finalize_message_chan            0x08003115   Thumb Code    98  message.o(.text.mavlink_finalize_message_chan)
    [Anonymous Symbol]                       0x08003114   Section        0  message.o(.text.mavlink_finalize_message_chan)
    mavlink_finalize_message_chan            0x08003179   Thumb Code    98  message_sensor.o(.text.mavlink_finalize_message_chan)
    [Anonymous Symbol]                       0x08003178   Section        0  message_sensor.o(.text.mavlink_finalize_message_chan)
    mavlink_frame_char                       0x080031dd   Thumb Code    62  message.o(.text.mavlink_frame_char)
    [Anonymous Symbol]                       0x080031dc   Section        0  message.o(.text.mavlink_frame_char)
    mavlink_frame_char_buffer                0x0800321d   Thumb Code  1320  message.o(.text.mavlink_frame_char_buffer)
    [Anonymous Symbol]                       0x0800321c   Section        0  message.o(.text.mavlink_frame_char_buffer)
    mavlink_get_channel_buffer               0x08003745   Thumb Code    30  message.o(.text.mavlink_get_channel_buffer)
    [Anonymous Symbol]                       0x08003744   Section        0  message.o(.text.mavlink_get_channel_buffer)
    mavlink_get_channel_status               0x08003765   Thumb Code    30  message.o(.text.mavlink_get_channel_status)
    [Anonymous Symbol]                       0x08003764   Section        0  message.o(.text.mavlink_get_channel_status)
    mavlink_get_channel_status               0x08003785   Thumb Code    30  message_sensor.o(.text.mavlink_get_channel_status)
    [Anonymous Symbol]                       0x08003784   Section        0  message_sensor.o(.text.mavlink_get_channel_status)
    mavlink_get_msg_entry                    0x080037a5   Thumb Code   168  message.o(.text.mavlink_get_msg_entry)
    [Anonymous Symbol]                       0x080037a4   Section        0  message.o(.text.mavlink_get_msg_entry)
    mavlink_msg_attitude_encode              0x0800384d   Thumb Code    96  message_sensor.o(.text.mavlink_msg_attitude_encode)
    [Anonymous Symbol]                       0x0800384c   Section        0  message_sensor.o(.text.mavlink_msg_attitude_encode)
    mavlink_msg_attitude_pack                0x080038ad   Thumb Code   128  message_sensor.o(.text.mavlink_msg_attitude_pack)
    [Anonymous Symbol]                       0x080038ac   Section        0  message_sensor.o(.text.mavlink_msg_attitude_pack)
    mavlink_msg_command_ack_encode           0x0800392d   Thumb Code    84  message.o(.text.mavlink_msg_command_ack_encode)
    [Anonymous Symbol]                       0x0800392c   Section        0  message.o(.text.mavlink_msg_command_ack_encode)
    mavlink_msg_command_ack_pack             0x08003981   Thumb Code   160  message.o(.text.mavlink_msg_command_ack_pack)
    [Anonymous Symbol]                       0x08003980   Section        0  message.o(.text.mavlink_msg_command_ack_pack)
    mavlink_msg_gps_raw_int_encode           0x08003a21   Thumb Code   206  message_sensor.o(.text.mavlink_msg_gps_raw_int_encode)
    [Anonymous Symbol]                       0x08003a20   Section        0  message_sensor.o(.text.mavlink_msg_gps_raw_int_encode)
    mavlink_msg_gps_raw_int_pack             0x08003af1   Thumb Code   260  message_sensor.o(.text.mavlink_msg_gps_raw_int_pack)
    [Anonymous Symbol]                       0x08003af0   Section        0  message_sensor.o(.text.mavlink_msg_gps_raw_int_pack)
    mavlink_msg_heartbeat_encode             0x08003bf5   Thumb Code    76  message.o(.text.mavlink_msg_heartbeat_encode)
    [Anonymous Symbol]                       0x08003bf4   Section        0  message.o(.text.mavlink_msg_heartbeat_encode)
    mavlink_msg_heartbeat_pack               0x08003c41   Thumb Code   146  message.o(.text.mavlink_msg_heartbeat_pack)
    [Anonymous Symbol]                       0x08003c40   Section        0  message.o(.text.mavlink_msg_heartbeat_pack)
    mavlink_msg_scaled_imu_encode            0x08003cd5   Thumb Code   128  message_sensor.o(.text.mavlink_msg_scaled_imu_encode)
    [Anonymous Symbol]                       0x08003cd4   Section        0  message_sensor.o(.text.mavlink_msg_scaled_imu_encode)
    mavlink_msg_scaled_imu_pack              0x08003d55   Thumb Code   246  message_sensor.o(.text.mavlink_msg_scaled_imu_pack)
    [Anonymous Symbol]                       0x08003d54   Section        0  message_sensor.o(.text.mavlink_msg_scaled_imu_pack)
    mavlink_msg_scaled_pressure_encode       0x08003e4d   Thumb Code    76  message_sensor.o(.text.mavlink_msg_scaled_pressure_encode)
    [Anonymous Symbol]                       0x08003e4c   Section        0  message_sensor.o(.text.mavlink_msg_scaled_pressure_encode)
    mavlink_msg_scaled_pressure_pack         0x08003e99   Thumb Code   132  message_sensor.o(.text.mavlink_msg_scaled_pressure_pack)
    [Anonymous Symbol]                       0x08003e98   Section        0  message_sensor.o(.text.mavlink_msg_scaled_pressure_pack)
    mavlink_msg_to_send_buffer               0x08003f1d   Thumb Code   350  message.o(.text.mavlink_msg_to_send_buffer)
    [Anonymous Symbol]                       0x08003f1c   Section        0  message.o(.text.mavlink_msg_to_send_buffer)
    mavlink_msg_to_send_buffer               0x0800407d   Thumb Code   350  message_sensor.o(.text.mavlink_msg_to_send_buffer)
    [Anonymous Symbol]                       0x0800407c   Section        0  message_sensor.o(.text.mavlink_msg_to_send_buffer)
    mavlink_parse_char                       0x080041dd   Thumb Code   150  message.o(.text.mavlink_parse_char)
    [Anonymous Symbol]                       0x080041dc   Section        0  message.o(.text.mavlink_parse_char)
    mavlink_sha256_calc                      0x08004275   Thumb Code   420  message.o(.text.mavlink_sha256_calc)
    [Anonymous Symbol]                       0x08004274   Section        0  message.o(.text.mavlink_sha256_calc)
    mavlink_sha256_calc                      0x08004419   Thumb Code   420  message_sensor.o(.text.mavlink_sha256_calc)
    [Anonymous Symbol]                       0x08004418   Section        0  message_sensor.o(.text.mavlink_sha256_calc)
    mavlink_sha256_final_48                  0x080045bd   Thumb Code   202  message.o(.text.mavlink_sha256_final_48)
    [Anonymous Symbol]                       0x080045bc   Section        0  message.o(.text.mavlink_sha256_final_48)
    mavlink_sha256_final_48                  0x08004689   Thumb Code   202  message_sensor.o(.text.mavlink_sha256_final_48)
    [Anonymous Symbol]                       0x08004688   Section        0  message_sensor.o(.text.mavlink_sha256_final_48)
    mavlink_sha256_init                      0x08004755   Thumb Code   114  message.o(.text.mavlink_sha256_init)
    [Anonymous Symbol]                       0x08004754   Section        0  message.o(.text.mavlink_sha256_init)
    mavlink_sha256_init                      0x080047c9   Thumb Code   114  message_sensor.o(.text.mavlink_sha256_init)
    [Anonymous Symbol]                       0x080047c8   Section        0  message_sensor.o(.text.mavlink_sha256_init)
    mavlink_sha256_update                    0x0800483d   Thumb Code   246  message.o(.text.mavlink_sha256_update)
    [Anonymous Symbol]                       0x0800483c   Section        0  message.o(.text.mavlink_sha256_update)
    mavlink_sha256_update                    0x08004935   Thumb Code   246  message_sensor.o(.text.mavlink_sha256_update)
    [Anonymous Symbol]                       0x08004934   Section        0  message_sensor.o(.text.mavlink_sha256_update)
    mavlink_sign_packet                      0x08004a2d   Thumb Code   194  message.o(.text.mavlink_sign_packet)
    [Anonymous Symbol]                       0x08004a2c   Section        0  message.o(.text.mavlink_sign_packet)
    mavlink_sign_packet                      0x08004af1   Thumb Code   194  message_sensor.o(.text.mavlink_sign_packet)
    [Anonymous Symbol]                       0x08004af0   Section        0  message_sensor.o(.text.mavlink_sign_packet)
    mavlink_signature_check                  0x08004bb5   Thumb Code   570  message.o(.text.mavlink_signature_check)
    [Anonymous Symbol]                       0x08004bb4   Section        0  message.o(.text.mavlink_signature_check)
    mavlink_start_checksum                   0x08004df1   Thumb Code    32  message.o(.text.mavlink_start_checksum)
    [Anonymous Symbol]                       0x08004df0   Section        0  message.o(.text.mavlink_start_checksum)
    mavlink_update_checksum                  0x08004e11   Thumb Code    40  message.o(.text.mavlink_update_checksum)
    [Anonymous Symbol]                       0x08004e10   Section        0  message.o(.text.mavlink_update_checksum)
    x$fpl$d2f                                0x08004e38   Section       98  d2f.o(x$fpl$d2f)
    x$fpl$ddiv                               0x08004e9c   Section      692  ddiv.o(x$fpl$ddiv)
    ddiv_entry                               0x08004ea3   Thumb Code     0  ddiv.o(x$fpl$ddiv)
    x$fpl$dfix                               0x08005150   Section       94  dfix.o(x$fpl$dfix)
    x$fpl$dflt                               0x080051ae   Section       46  dflt_clz.o(x$fpl$dflt)
    x$fpl$dmul                               0x080051dc   Section      340  dmul.o(x$fpl$dmul)
    x$fpl$dnaninf                            0x08005330   Section      156  dnaninf.o(x$fpl$dnaninf)
    x$fpl$dretinf                            0x080053cc   Section       12  dretinf.o(x$fpl$dretinf)
    x$fpl$fadd                               0x080053d8   Section      196  faddsub_clz.o(x$fpl$fadd)
    _fadd1                                   0x080053e7   Thumb Code     0  faddsub_clz.o(x$fpl$fadd)
    _fdiv1                                   0x0800549d   Thumb Code     0  fdiv.o(x$fpl$fdiv)
    x$fpl$fdiv                               0x0800549c   Section      388  fdiv.o(x$fpl$fdiv)
    x$fpl$fflt                               0x08005620   Section       48  fflt_clz.o(x$fpl$fflt)
    x$fpl$fmul                               0x08005650   Section      258  fmul.o(x$fpl$fmul)
    x$fpl$fnaninf                            0x08005752   Section      140  fnaninf.o(x$fpl$fnaninf)
    x$fpl$fretinf                            0x080057de   Section       10  fretinf.o(x$fpl$fretinf)
    x$fpl$fsub                               0x080057e8   Section      234  faddsub_clz.o(x$fpl$fsub)
    _fsub1                                   0x080057f7   Thumb Code     0  faddsub_clz.o(x$fpl$fsub)
    ADCPrescTable                            0x080058d2   Data           4  stm32f10x_rcc.o(.rodata.ADCPrescTable)
    [Anonymous Symbol]                       0x080058d2   Section        0  stm32f10x_rcc.o(.rodata.ADCPrescTable)
    x$fpl$usenofp                            0x080058d2   Section        0  usenofp.o(x$fpl$usenofp)
    APBAHBPrescTable                         0x080058d6   Data          16  stm32f10x_rcc.o(.rodata.APBAHBPrescTable)
    [Anonymous Symbol]                       0x080058d6   Section        0  stm32f10x_rcc.o(.rodata.APBAHBPrescTable)
    mavlink_get_msg_entry.mavlink_message_crcs 0x080058e8   Data        2616  message.o(.rodata.mavlink_get_msg_entry.mavlink_message_crcs)
    [Anonymous Symbol]                       0x080058e8   Section        0  message.o(.rodata.mavlink_get_msg_entry.mavlink_message_crcs)
    mavlink_sha256_constant_256              0x08006320   Data         256  message.o(.rodata.mavlink_sha256_constant_256)
    [Anonymous Symbol]                       0x08006320   Section        0  message.o(.rodata.mavlink_sha256_constant_256)
    mavlink_sha256_constant_256              0x08006420   Data         256  message_sensor.o(.rodata.mavlink_sha256_constant_256)
    [Anonymous Symbol]                       0x08006420   Section        0  message_sensor.o(.rodata.mavlink_sha256_constant_256)
    CCR1_Val                                 0x20000000   Data           2  timer.o(.data.CCR1_Val)
    [Anonymous Symbol]                       0x20000000   Section        0  timer.o(.data.CCR1_Val)
    CCR2_Val                                 0x20000002   Data           2  timer.o(.data.CCR2_Val)
    [Anonymous Symbol]                       0x20000002   Section        0  timer.o(.data.CCR2_Val)
    CCR3_Val                                 0x20000004   Data           2  timer.o(.data.CCR3_Val)
    [Anonymous Symbol]                       0x20000004   Section        0  timer.o(.data.CCR3_Val)
    CCR4_Val                                 0x20000006   Data           2  timer.o(.data.CCR4_Val)
    [Anonymous Symbol]                       0x20000006   Section        0  timer.o(.data.CCR4_Val)
    NbrOfDataToTransfer1                     0x20000008   Data           1  usart.o(.data.NbrOfDataToTransfer1)
    [Anonymous Symbol]                       0x20000008   Section        0  usart.o(.data.NbrOfDataToTransfer1)
    NbrOfDataToTransfer2                     0x20000009   Data           1  usart.o(.data.NbrOfDataToTransfer2)
    [Anonymous Symbol]                       0x20000009   Section        0  usart.o(.data.NbrOfDataToTransfer2)
    TxBuffer1                                0x20000010   Data         255  usart.o(.data.TxBuffer1)
    [Anonymous Symbol]                       0x20000010   Section        0  usart.o(.data.TxBuffer1)
    TxBuffer2                                0x2000010f   Data         255  usart.o(.data.TxBuffer2)
    [Anonymous Symbol]                       0x2000010f   Section        0  usart.o(.data.TxBuffer2)
    .bss                                     0x20000210   Section       96  libspace.o(.bss)
    NbrOfDataToRead1                         0x20000270   Data           1  usart.o(.bss.NbrOfDataToRead1)
    [Anonymous Symbol]                       0x20000270   Section        0  usart.o(.bss.NbrOfDataToRead1)
    NbrOfDataToRead2                         0x20000271   Data           1  usart.o(.bss.NbrOfDataToRead2)
    [Anonymous Symbol]                       0x20000271   Section        0  usart.o(.bss.NbrOfDataToRead2)
    PrescalerValue                           0x20000272   Data           2  timer.o(.bss.PrescalerValue)
    [Anonymous Symbol]                       0x20000272   Section        0  timer.o(.bss.PrescalerValue)
    RxBuffer1                                0x20000274   Data         254  usart.o(.bss.RxBuffer1)
    [Anonymous Symbol]                       0x20000274   Section        0  usart.o(.bss.RxBuffer1)
    RxBuffer2                                0x20000372   Data         254  usart.o(.bss.RxBuffer2)
    [Anonymous Symbol]                       0x20000372   Section        0  usart.o(.bss.RxBuffer2)
    RxCounter1                               0x20000470   Data           1  usart.o(.bss.RxCounter1)
    [Anonymous Symbol]                       0x20000470   Section        0  usart.o(.bss.RxCounter1)
    RxCounter2                               0x20000471   Data           1  usart.o(.bss.RxCounter2)
    [Anonymous Symbol]                       0x20000471   Section        0  usart.o(.bss.RxCounter2)
    SensorManager.ucRxBuffer                 0x20000472   Data          16  sensor.o(.bss.SensorManager.ucRxBuffer)
    [Anonymous Symbol]                       0x20000472   Section        0  sensor.o(.bss.SensorManager.ucRxBuffer)
    SensorManager.ucRxCnt                    0x20000482   Data           1  sensor.o(.bss.SensorManager.ucRxCnt)
    [Anonymous Symbol]                       0x20000482   Section        0  sensor.o(.bss.SensorManager.ucRxCnt)
    TIM2CC4_Count                            0x20000484   Data           4  timer.o(.bss.TIM2CC4_Count)
    [Anonymous Symbol]                       0x20000484   Section        0  timer.o(.bss.TIM2CC4_Count)
    TxCounter1                               0x20000488   Data           1  usart.o(.bss.TxCounter1)
    [Anonymous Symbol]                       0x20000488   Section        0  usart.o(.bss.TxCounter1)
    TxCounter2                               0x20000489   Data           1  usart.o(.bss.TxCounter2)
    [Anonymous Symbol]                       0x20000489   Section        0  usart.o(.bss.TxCounter2)
    boot_time                                0x2000048c   Data           4  timer.o(.bss.boot_time)
    [Anonymous Symbol]                       0x2000048c   Section        0  timer.o(.bss.boot_time)
    capture                                  0x20000490   Data           2  timer.o(.bss.capture)
    [Anonymous Symbol]                       0x20000490   Section        0  timer.o(.bss.capture)
    heartBeat                                0x20000492   Data           1  timer.o(.bss.heartBeat)
    [Anonymous Symbol]                       0x20000492   Section        0  timer.o(.bss.heartBeat)
    initlized                                0x20000493   Data          11  sensor_status.o(.bss.initlized)
    [Anonymous Symbol]                       0x20000493   Section        0  sensor_status.o(.bss.initlized)
    mavlink_get_channel_buffer.m_mavlink_buffer 0x2000049e   Data        1164  message.o(.bss.mavlink_get_channel_buffer.m_mavlink_buffer)
    [Anonymous Symbol]                       0x2000049e   Section        0  message.o(.bss.mavlink_get_channel_buffer.m_mavlink_buffer)
    mavlink_get_channel_status.m_mavlink_status 0x2000092c   Data          96  message.o(.bss.mavlink_get_channel_status.m_mavlink_status)
    [Anonymous Symbol]                       0x2000092c   Section        0  message.o(.bss.mavlink_get_channel_status.m_mavlink_status)
    mavlink_get_channel_status.m_mavlink_status 0x2000098c   Data          96  message_sensor.o(.bss.mavlink_get_channel_status.m_mavlink_status)
    [Anonymous Symbol]                       0x2000098c   Section        0  message_sensor.o(.bss.mavlink_get_channel_status.m_mavlink_status)
    oriPressure                              0x200009ec   Data           4  sensor_status.o(.bss.oriPressure)
    [Anonymous Symbol]                       0x200009ec   Section        0  sensor_status.o(.bss.oriPressure)
    rawSensorStatus                          0x200009f0   Data          88  sensor_status.o(.bss.rawSensorStatus)
    [Anonymous Symbol]                       0x200009f0   Section        0  sensor_status.o(.bss.rawSensorStatus)
    scaledSensorStatus                       0x20000a48   Data         116  sensor_status.o(.bss.scaledSensorStatus)
    [Anonymous Symbol]                       0x20000a48   Section        0  sensor_status.o(.bss.scaledSensorStatus)
    sensorRefreshed                          0x20000abc   Data           1  sensor_status.o(.bss.sensorRefreshed)
    [Anonymous Symbol]                       0x20000abc   Section        0  sensor_status.o(.bss.sensorRefreshed)
    Heap_Mem                                 0x20000ac0   Data         512  startup_stm32f10x_ld.o(HEAP)
    HEAP                                     0x20000ac0   Section      512  startup_stm32f10x_ld.o(HEAP)
    Stack_Mem                                0x20000cc0   Data        1024  startup_stm32f10x_ld.o(STACK)
    STACK                                    0x20000cc0   Section     1024  startup_stm32f10x_ld.o(STACK)
    __initial_sp                             0x200010c0   Data           0  startup_stm32f10x_ld.o(STACK)

    Global Symbols

    Symbol Name                              Value     Ov Type        Size  Object(Section)

    BuildAttributes$$THM_ISAv4$P$D$K$B$S$PE$A:L22UL41UL21$X:L11$S22US41US21$IEEE1$IW$~IW$USESV6$~STKCKD$USESV7$~SHL$OSPACE$ROPI$EBA8$UX$STANDARDLIB$REQ8$PRES8$EABIv2 0x00000000   Number         0  anon$$obj.o ABSOLUTE
    __fp_init_empty                          0x00000000   Number         0  fpinit_empty.o ABSOLUTE
    __ARM_exceptions_init                     - Undefined Weak Reference
    __alloca_initialize                       - Undefined Weak Reference
    __arm_preinit_                            - Undefined Weak Reference
    __cpp_initialize__aeabi_                  - Undefined Weak Reference
    __cxa_finalize                            - Undefined Weak Reference
    __rt_locale                               - Undefined Weak Reference
    __sigvec_lookup                           - Undefined Weak Reference
    _atexit_init                              - Undefined Weak Reference
    _call_atexit_fns                          - Undefined Weak Reference
    _clock_init                               - Undefined Weak Reference
    _fp_trap_init                             - Undefined Weak Reference
    _fp_trap_shutdown                         - Undefined Weak Reference
    _get_lc_collate                           - Undefined Weak Reference
    _get_lc_ctype                             - Undefined Weak Reference
    _get_lc_monetary                          - Undefined Weak Reference
    _get_lc_numeric                           - Undefined Weak Reference
    _get_lc_time                              - Undefined Weak Reference
    _getenv_init                              - Undefined Weak Reference
    _handle_redirection                       - Undefined Weak Reference
    _init_alloc                               - Undefined Weak Reference
    _init_user_alloc                          - Undefined Weak Reference
    _initio                                   - Undefined Weak Reference
    _rand_init                                - Undefined Weak Reference
    _signal_finish                            - Undefined Weak Reference
    _signal_init                              - Undefined Weak Reference
    _terminate_alloc                          - Undefined Weak Reference
    _terminate_user_alloc                     - Undefined Weak Reference
    _terminateio                              - Undefined Weak Reference
    __Vectors_Size                           0x000000ec   Number         0  startup_stm32f10x_ld.o ABSOLUTE
    __Vectors                                0x08000000   Data           4  startup_stm32f10x_ld.o(RESET)
    __Vectors_End                            0x080000ec   Data           0  startup_stm32f10x_ld.o(RESET)
    __main                                   0x080000ed   Thumb Code     8  __main.o(!!!main)
    __scatterload                            0x080000f5   Thumb Code     0  __scatter.o(!!!scatter)
    __scatterload_rt2                        0x080000f5   Thumb Code    44  __scatter.o(!!!scatter)
    __scatterload_rt2_thumb_only             0x080000f5   Thumb Code     0  __scatter.o(!!!scatter)
    __scatterload_null                       0x08000103   Thumb Code     0  __scatter.o(!!!scatter)
    __decompress                             0x08000129   Thumb Code    58  __dczerorl.o(!!dczerorl)
    __decompress0                            0x08000129   Thumb Code     0  __dczerorl.o(!!dczerorl)
    __scatterload_zeroinit                   0x08000165   Thumb Code    28  __scatter_zi.o(!!handler_zi)
    __rt_lib_init                            0x08000181   Thumb Code     0  libinit.o(.ARM.Collect$$libinit$$00000000)
    __rt_lib_init_alloca_1                   0x08000183   Thumb Code     0  libinit2.o(.ARM.Collect$$libinit$$0000002E)
    __rt_lib_init_argv_1                     0x08000183   Thumb Code     0  libinit2.o(.ARM.Collect$$libinit$$0000002C)
    __rt_lib_init_atexit_1                   0x08000183   Thumb Code     0  libinit2.o(.ARM.Collect$$libinit$$0000001B)
    __rt_lib_init_clock_1                    0x08000183   Thumb Code     0  libinit2.o(.ARM.Collect$$libinit$$00000021)
    __rt_lib_init_cpp_1                      0x08000183   Thumb Code     0  libinit2.o(.ARM.Collect$$libinit$$00000032)
    __rt_lib_init_exceptions_1               0x08000183   Thumb Code     0  libinit2.o(.ARM.Collect$$libinit$$00000030)
    __rt_lib_init_fp_1                       0x08000183   Thumb Code     0  libinit2.o(.ARM.Collect$$libinit$$00000002)
    __rt_lib_init_fp_trap_1                  0x08000183   Thumb Code     0  libinit2.o(.ARM.Collect$$libinit$$0000001F)
    __rt_lib_init_getenv_1                   0x08000183   Thumb Code     0  libinit2.o(.ARM.Collect$$libinit$$00000023)
    __rt_lib_init_heap_1                     0x08000183   Thumb Code     0  libinit2.o(.ARM.Collect$$libinit$$0000000A)
    __rt_lib_init_lc_collate_1               0x08000183   Thumb Code     0  libinit2.o(.ARM.Collect$$libinit$$00000011)
    __rt_lib_init_lc_ctype_1                 0x08000183   Thumb Code     0  libinit2.o(.ARM.Collect$$libinit$$00000013)
    __rt_lib_init_lc_monetary_1              0x08000183   Thumb Code     0  libinit2.o(.ARM.Collect$$libinit$$00000015)
    __rt_lib_init_lc_numeric_1               0x08000183   Thumb Code     0  libinit2.o(.ARM.Collect$$libinit$$00000017)
    __rt_lib_init_lc_time_1                  0x08000183   Thumb Code     0  libinit2.o(.ARM.Collect$$libinit$$00000019)
    __rt_lib_init_preinit_1                  0x08000183   Thumb Code     0  libinit2.o(.ARM.Collect$$libinit$$00000004)
    __rt_lib_init_rand_1                     0x08000183   Thumb Code     0  libinit2.o(.ARM.Collect$$libinit$$0000000E)
    __rt_lib_init_return                     0x08000183   Thumb Code     0  libinit2.o(.ARM.Collect$$libinit$$00000033)
    __rt_lib_init_signal_1                   0x08000183   Thumb Code     0  libinit2.o(.ARM.Collect$$libinit$$0000001D)
    __rt_lib_init_stdio_1                    0x08000183   Thumb Code     0  libinit2.o(.ARM.Collect$$libinit$$00000025)
    __rt_lib_init_user_alloc_1               0x08000183   Thumb Code     0  libinit2.o(.ARM.Collect$$libinit$$0000000C)
    __rt_lib_shutdown                        0x08000185   Thumb Code     0  libshutdown.o(.ARM.Collect$$libshutdown$$00000000)
    __rt_lib_shutdown_cpp_1                  0x08000187   Thumb Code     0  libshutdown2.o(.ARM.Collect$$libshutdown$$00000002)
    __rt_lib_shutdown_fp_trap_1              0x08000187   Thumb Code     0  libshutdown2.o(.ARM.Collect$$libshutdown$$00000007)
    __rt_lib_shutdown_heap_1                 0x08000187   Thumb Code     0  libshutdown2.o(.ARM.Collect$$libshutdown$$0000000F)
    __rt_lib_shutdown_return                 0x08000187   Thumb Code     0  libshutdown2.o(.ARM.Collect$$libshutdown$$00000010)
    __rt_lib_shutdown_signal_1               0x08000187   Thumb Code     0  libshutdown2.o(.ARM.Collect$$libshutdown$$0000000A)
    __rt_lib_shutdown_stdio_1                0x08000187   Thumb Code     0  libshutdown2.o(.ARM.Collect$$libshutdown$$00000004)
    __rt_lib_shutdown_user_alloc_1           0x08000187   Thumb Code     0  libshutdown2.o(.ARM.Collect$$libshutdown$$0000000C)
    __rt_entry                               0x08000189   Thumb Code     0  __rtentry.o(.ARM.Collect$$rtentry$$00000000)
    __rt_entry_presh_1                       0x08000189   Thumb Code     0  __rtentry2.o(.ARM.Collect$$rtentry$$00000002)
    __rt_entry_sh                            0x08000189   Thumb Code     0  __rtentry4.o(.ARM.Collect$$rtentry$$00000004)
    __rt_entry_li                            0x0800018f   Thumb Code     0  __rtentry2.o(.ARM.Collect$$rtentry$$0000000A)
    __rt_entry_postsh_1                      0x0800018f   Thumb Code     0  __rtentry2.o(.ARM.Collect$$rtentry$$00000009)
    __rt_entry_main                          0x08000193   Thumb Code     0  __rtentry2.o(.ARM.Collect$$rtentry$$0000000D)
    __rt_entry_postli_1                      0x08000193   Thumb Code     0  __rtentry2.o(.ARM.Collect$$rtentry$$0000000C)
    __rt_exit                                0x0800019b   Thumb Code     0  rtexit.o(.ARM.Collect$$rtexit$$00000000)
    __rt_exit_ls                             0x0800019d   Thumb Code     0  rtexit2.o(.ARM.Collect$$rtexit$$00000003)
    __rt_exit_prels_1                        0x0800019d   Thumb Code     0  rtexit2.o(.ARM.Collect$$rtexit$$00000002)
    __rt_exit_exit                           0x080001a1   Thumb Code     0  rtexit2.o(.ARM.Collect$$rtexit$$00000004)
    Reset_Handler                            0x080001a9   Thumb Code     8  startup_stm32f10x_ld.o(.text)
    NMI_Handler                              0x080001b1   Thumb Code     2  startup_stm32f10x_ld.o(.text)
    HardFault_Handler                        0x080001b3   Thumb Code     2  startup_stm32f10x_ld.o(.text)
    MemManage_Handler                        0x080001b5   Thumb Code     2  startup_stm32f10x_ld.o(.text)
    BusFault_Handler                         0x080001b7   Thumb Code     2  startup_stm32f10x_ld.o(.text)
    UsageFault_Handler                       0x080001b9   Thumb Code     2  startup_stm32f10x_ld.o(.text)
    SVC_Handler                              0x080001bb   Thumb Code     2  startup_stm32f10x_ld.o(.text)
    DebugMon_Handler                         0x080001bd   Thumb Code     2  startup_stm32f10x_ld.o(.text)
    PendSV_Handler                           0x080001bf   Thumb Code     2  startup_stm32f10x_ld.o(.text)
    SysTick_Handler                          0x080001c1   Thumb Code     2  startup_stm32f10x_ld.o(.text)
    ADC1_2_IRQHandler                        0x080001c3   Thumb Code     0  startup_stm32f10x_ld.o(.text)
    CAN1_RX1_IRQHandler                      0x080001c3   Thumb Code     0  startup_stm32f10x_ld.o(.text)
    CAN1_SCE_IRQHandler                      0x080001c3   Thumb Code     0  startup_stm32f10x_ld.o(.text)
    DMA1_Channel1_IRQHandler                 0x080001c3   Thumb Code     0  startup_stm32f10x_ld.o(.text)
    DMA1_Channel2_IRQHandler                 0x080001c3   Thumb Code     0  startup_stm32f10x_ld.o(.text)
    DMA1_Channel3_IRQHandler                 0x080001c3   Thumb Code     0  startup_stm32f10x_ld.o(.text)
    DMA1_Channel4_IRQHandler                 0x080001c3   Thumb Code     0  startup_stm32f10x_ld.o(.text)
    DMA1_Channel5_IRQHandler                 0x080001c3   Thumb Code     0  startup_stm32f10x_ld.o(.text)
    DMA1_Channel6_IRQHandler                 0x080001c3   Thumb Code     0  startup_stm32f10x_ld.o(.text)
    DMA1_Channel7_IRQHandler                 0x080001c3   Thumb Code     0  startup_stm32f10x_ld.o(.text)
    EXTI0_IRQHandler                         0x080001c3   Thumb Code     0  startup_stm32f10x_ld.o(.text)
    EXTI15_10_IRQHandler                     0x080001c3   Thumb Code     0  startup_stm32f10x_ld.o(.text)
    EXTI1_IRQHandler                         0x080001c3   Thumb Code     0  startup_stm32f10x_ld.o(.text)
    EXTI2_IRQHandler                         0x080001c3   Thumb Code     0  startup_stm32f10x_ld.o(.text)
    EXTI3_IRQHandler                         0x080001c3   Thumb Code     0  startup_stm32f10x_ld.o(.text)
    EXTI4_IRQHandler                         0x080001c3   Thumb Code     0  startup_stm32f10x_ld.o(.text)
    EXTI9_5_IRQHandler                       0x080001c3   Thumb Code     0  startup_stm32f10x_ld.o(.text)
    FLASH_IRQHandler                         0x080001c3   Thumb Code     0  startup_stm32f10x_ld.o(.text)
    I2C1_ER_IRQHandler                       0x080001c3   Thumb Code     0  startup_stm32f10x_ld.o(.text)
    I2C1_EV_IRQHandler                       0x080001c3   Thumb Code     0  startup_stm32f10x_ld.o(.text)
    PVD_IRQHandler                           0x080001c3   Thumb Code     0  startup_stm32f10x_ld.o(.text)
    RCC_IRQHandler                           0x080001c3   Thumb Code     0  startup_stm32f10x_ld.o(.text)
    RTCAlarm_IRQHandler                      0x080001c3   Thumb Code     0  startup_stm32f10x_ld.o(.text)
    RTC_IRQHandler                           0x080001c3   Thumb Code     0  startup_stm32f10x_ld.o(.text)
    SPI1_IRQHandler                          0x080001c3   Thumb Code     0  startup_stm32f10x_ld.o(.text)
    TAMPER_IRQHandler                        0x080001c3   Thumb Code     0  startup_stm32f10x_ld.o(.text)
    TIM1_BRK_IRQHandler                      0x080001c3   Thumb Code     0  startup_stm32f10x_ld.o(.text)
    TIM1_CC_IRQHandler                       0x080001c3   Thumb Code     0  startup_stm32f10x_ld.o(.text)
    TIM1_TRG_COM_IRQHandler                  0x080001c3   Thumb Code     0  startup_stm32f10x_ld.o(.text)
    TIM1_UP_IRQHandler                       0x080001c3   Thumb Code     0  startup_stm32f10x_ld.o(.text)
    TIM3_IRQHandler                          0x080001c3   Thumb Code     0  startup_stm32f10x_ld.o(.text)
    USBWakeUp_IRQHandler                     0x080001c3   Thumb Code     0  startup_stm32f10x_ld.o(.text)
    USB_HP_CAN1_TX_IRQHandler                0x080001c3   Thumb Code     0  startup_stm32f10x_ld.o(.text)
    USB_LP_CAN1_RX0_IRQHandler               0x080001c3   Thumb Code     0  startup_stm32f10x_ld.o(.text)
    WWDG_IRQHandler                          0x080001c3   Thumb Code     0  startup_stm32f10x_ld.o(.text)
    __user_initial_stackheap                 0x080001c5   Thumb Code     0  startup_stm32f10x_ld.o(.text)
    memcmp                                   0x080001e9   Thumb Code    88  memcmp.o(.text)
    __aeabi_memcpy                           0x08000241   Thumb Code     0  rt_memcpy_v6.o(.text)
    __rt_memcpy                              0x08000241   Thumb Code   138  rt_memcpy_v6.o(.text)
    _memcpy_lastbytes                        0x080002a7   Thumb Code     0  rt_memcpy_v6.o(.text)
    __aeabi_memcpy4                          0x080002cb   Thumb Code     0  rt_memcpy_w.o(.text)
    __aeabi_memcpy8                          0x080002cb   Thumb Code     0  rt_memcpy_w.o(.text)
    __rt_memcpy_w                            0x080002cb   Thumb Code   100  rt_memcpy_w.o(.text)
    _memcpy_lastbytes_aligned                0x08000313   Thumb Code     0  rt_memcpy_w.o(.text)
    __aeabi_memclr                           0x0800032f   Thumb Code     0  rt_memclr.o(.text)
    __rt_memclr                              0x0800032f   Thumb Code     0  rt_memclr.o(.text)
    _memset                                  0x08000333   Thumb Code    64  rt_memclr.o(.text)
    __use_two_region_memory                  0x08000373   Thumb Code     2  heapauxi.o(.text)
    __rt_heap_escrow$2region                 0x08000375   Thumb Code     2  heapauxi.o(.text)
    __rt_heap_expand$2region                 0x08000377   Thumb Code     2  heapauxi.o(.text)
    __aeabi_memclr4                          0x08000379   Thumb Code     0  rt_memclr_w.o(.text)
    __aeabi_memclr8                          0x08000379   Thumb Code     0  rt_memclr_w.o(.text)
    __rt_memclr_w                            0x08000379   Thumb Code     0  rt_memclr_w.o(.text)
    _memset_w                                0x0800037d   Thumb Code    74  rt_memclr_w.o(.text)
    __user_setup_stackheap                   0x080003c7   Thumb Code    74  sys_stackheap_outer.o(.text)
    exit                                     0x08000411   Thumb Code    18  exit.o(.text)
    __user_libspace                          0x08000425   Thumb Code     8  libspace.o(.text)
    __user_perproc_libspace                  0x08000425   Thumb Code     0  libspace.o(.text)
    __user_perthread_libspace                0x08000425   Thumb Code     0  libspace.o(.text)
    _sys_exit                                0x0800042d   Thumb Code     8  sys_exit.o(.text)
    __I$use$semihosting                      0x08000439   Thumb Code     0  use_no_semi.o(.text)
    __use_no_semihosting_swi                 0x08000439   Thumb Code     2  use_no_semi.o(.text)
    __semihosting_library_function           0x0800043b   Thumb Code     0  indicate_semi.o(.text)
    CORE_Configuration                       0x0800043d   Thumb Code    24  core.o(.text.CORE_Configuration)
    CORE_Loop                                0x08000455   Thumb Code     2  core.o(.text.CORE_Loop)
    GPIO_Init                                0x08000545   Thumb Code   390  stm32f10x_gpio.o(.text.GPIO_Init)
    GPIO_PinRemapConfig                      0x080006cd   Thumb Code   250  stm32f10x_gpio.o(.text.GPIO_PinRemapConfig)
    GPIO_WriteBit                            0x080007c9   Thumb Code    44  stm32f10x_gpio.o(.text.GPIO_WriteBit)
    GetBootTimeMs                            0x080007f5   Thumb Code    12  timer.o(.text.GetBootTimeMs)
    HeartBeatSended                          0x08000801   Thumb Code    14  timer.o(.text.HeartBeatSended)
    MessageManager                           0x08000a99   Thumb Code    16  message.o(.text.MessageManager)
    MessageSensorSender                      0x08000bed   Thumb Code   134  message_sensor.o(.text.MessageSensorSender)
    NVIC_Init                                0x08000cd1   Thumb Code   170  misc.o(.text.NVIC_Init)
    NVIC_PriorityGroupConfig                 0x08000d7d   Thumb Code    28  misc.o(.text.NVIC_PriorityGroupConfig)
    RCC_APB1PeriphClockCmd                   0x08000d99   Thumb Code    56  stm32f10x_rcc.o(.text.RCC_APB1PeriphClockCmd)
    RCC_APB2PeriphClockCmd                   0x08000dd1   Thumb Code    56  stm32f10x_rcc.o(.text.RCC_APB2PeriphClockCmd)
    RCC_GetClocksFreq                        0x08000e41   Thumb Code   370  stm32f10x_rcc.o(.text.RCC_GetClocksFreq)
    RCC_PCLK1Config                          0x08000fb5   Thumb Code    44  stm32f10x_rcc.o(.text.RCC_PCLK1Config)
    SensorManager                            0x08000fe1   Thumb Code   116  sensor.o(.text.SensorManager)
    SensorReaded                             0x08001055   Thumb Code    14  sensor_status.o(.text.SensorReaded)
    SensorRefreshed                          0x08001065   Thumb Code    12  sensor_status.o(.text.SensorRefreshed)
    SensorScaledGet                          0x08001071   Thumb Code    26  sensor_status.o(.text.SensorScaledGet)
    SensorSetFromBuffer                      0x0800108d   Thumb Code  1470  sensor_status.o(.text.SensorSetFromBuffer)
    SystemInit                               0x08001779   Thumb Code   102  system_stm32f10x.o(.text.SystemInit)
    TIM2_IRQHandler                          0x08001831   Thumb Code   286  timer.o(.text.TIM2_IRQHandler)
    TIMER_BASE_Configuration                 0x08001951   Thumb Code   274  timer.o(.text.TIMER_BASE_Configuration)
    TIM_ClearITPendingBit                    0x08001a65   Thumb Code    22  stm32f10x_tim.o(.text.TIM_ClearITPendingBit)
    TIM_Cmd                                  0x08001a7d   Thumb Code    44  stm32f10x_tim.o(.text.TIM_Cmd)
    TIM_GetCapture1                          0x08001aa9   Thumb Code    12  stm32f10x_tim.o(.text.TIM_GetCapture1)
    TIM_GetCapture2                          0x08001ab5   Thumb Code    12  stm32f10x_tim.o(.text.TIM_GetCapture2)
    TIM_GetCapture3                          0x08001ac1   Thumb Code    12  stm32f10x_tim.o(.text.TIM_GetCapture3)
    TIM_GetCapture4                          0x08001acd   Thumb Code    14  stm32f10x_tim.o(.text.TIM_GetCapture4)
    TIM_GetITStatus                          0x08001add   Thumb Code    90  stm32f10x_tim.o(.text.TIM_GetITStatus)
    TIM_ITConfig                             0x08001b39   Thumb Code    52  stm32f10x_tim.o(.text.TIM_ITConfig)
    TIM_OC1Init                              0x08001b6d   Thumb Code   354  stm32f10x_tim.o(.text.TIM_OC1Init)
    TIM_OC1PreloadConfig                     0x08001cd1   Thumb Code    60  stm32f10x_tim.o(.text.TIM_OC1PreloadConfig)
    TIM_OC2Init                              0x08001d0d   Thumb Code   320  stm32f10x_tim.o(.text.TIM_OC2Init)
    TIM_OC2PreloadConfig                     0x08001e4d   Thumb Code    62  stm32f10x_tim.o(.text.TIM_OC2PreloadConfig)
    TIM_OC3Init                              0x08001e8d   Thumb Code   318  stm32f10x_tim.o(.text.TIM_OC3Init)
    TIM_OC3PreloadConfig                     0x08001fcd   Thumb Code    60  stm32f10x_tim.o(.text.TIM_OC3PreloadConfig)
    TIM_OC4Init                              0x08002009   Thumb Code   238  stm32f10x_tim.o(.text.TIM_OC4Init)
    TIM_OC4PreloadConfig                     0x080020f9   Thumb Code    62  stm32f10x_tim.o(.text.TIM_OC4PreloadConfig)
    TIM_PrescalerConfig                      0x08002139   Thumb Code    32  stm32f10x_tim.o(.text.TIM_PrescalerConfig)
    TIM_SetCompare1                          0x08002159   Thumb Code    20  stm32f10x_tim.o(.text.TIM_SetCompare1)
    TIM_SetCompare2                          0x0800216d   Thumb Code    20  stm32f10x_tim.o(.text.TIM_SetCompare2)
    TIM_SetCompare3                          0x08002181   Thumb Code    20  stm32f10x_tim.o(.text.TIM_SetCompare3)
    TIM_SetCompare4                          0x08002195   Thumb Code    22  stm32f10x_tim.o(.text.TIM_SetCompare4)
    TIM_TimeBaseInit                         0x080021ad   Thumb Code   322  stm32f10x_tim.o(.text.TIM_TimeBaseInit)
    USART1_IRQHandler                        0x080022f1   Thumb Code   186  usart.o(.text.USART1_IRQHandler)
    USART2_IRQHandler                        0x080023ad   Thumb Code   186  usart.o(.text.USART2_IRQHandler)
    USART_Cmd                                0x08002469   Thumb Code    44  stm32f10x_usart.o(.text.USART_Cmd)
    USART_Configuration                      0x08002495   Thumb Code   172  usart.o(.text.USART_Configuration)
    USART_GetITStatus                        0x08002541   Thumb Code   176  stm32f10x_usart.o(.text.USART_GetITStatus)
    USART_ITConfig                           0x080025f1   Thumb Code   146  stm32f10x_usart.o(.text.USART_ITConfig)
    USART_Init                               0x08002685   Thumb Code   348  stm32f10x_usart.o(.text.USART_Init)
    USART_ReceiveData                        0x080027e1   Thumb Code    16  stm32f10x_usart.o(.text.USART_ReceiveData)
    USART_SendData                           0x080027f1   Thumb Code    24  stm32f10x_usart.o(.text.USART_SendData)
    USARTc_Available                         0x08002809   Thumb Code    52  usart.o(.text.USARTc_Available)
    USARTc_ReadByte                          0x0800283d   Thumb Code    76  usart.o(.text.USARTc_ReadByte)
    USARTc_SendBuffer                        0x08002889   Thumb Code   118  usart.o(.text.USARTc_SendBuffer)
    USARTs_Available                         0x08002901   Thumb Code    52  usart.o(.text.USARTs_Available)
    USARTs_ReadByte                          0x08002935   Thumb Code    76  usart.o(.text.USARTs_ReadByte)
    isHeartBeatRequired                      0x08002b99   Thumb Code    16  timer.o(.text.isHeartBeatRequired)
    isSensorInitlized                        0x08002ba9   Thumb Code    70  sensor_status.o(.text.isSensorInitlized)
    main                                     0x08002bf1   Thumb Code    28  main.o(.text.main)
    __aeabi_d2f                              0x08004e39   Thumb Code     0  d2f.o(x$fpl$d2f)
    _d2f                                     0x08004e39   Thumb Code    98  d2f.o(x$fpl$d2f)
    __aeabi_ddiv                             0x08004e9d   Thumb Code     0  ddiv.o(x$fpl$ddiv)
    _ddiv                                    0x08004e9d   Thumb Code   556  ddiv.o(x$fpl$ddiv)
    __aeabi_d2iz                             0x08005151   Thumb Code     0  dfix.o(x$fpl$dfix)
    _dfix                                    0x08005151   Thumb Code    94  dfix.o(x$fpl$dfix)
    __aeabi_i2d                              0x080051af   Thumb Code     0  dflt_clz.o(x$fpl$dflt)
    _dflt                                    0x080051af   Thumb Code    46  dflt_clz.o(x$fpl$dflt)
    __aeabi_dmul                             0x080051dd   Thumb Code     0  dmul.o(x$fpl$dmul)
    _dmul                                    0x080051dd   Thumb Code   332  dmul.o(x$fpl$dmul)
    __fpl_dnaninf                            0x08005331   Thumb Code   156  dnaninf.o(x$fpl$dnaninf)
    __fpl_dretinf                            0x080053cd   Thumb Code    12  dretinf.o(x$fpl$dretinf)
    __aeabi_fadd                             0x080053d9   Thumb Code     0  faddsub_clz.o(x$fpl$fadd)
    _fadd                                    0x080053d9   Thumb Code   196  faddsub_clz.o(x$fpl$fadd)
    __aeabi_fdiv                             0x0800549d   Thumb Code     0  fdiv.o(x$fpl$fdiv)
    _fdiv                                    0x0800549d   Thumb Code   384  fdiv.o(x$fpl$fdiv)
    __aeabi_i2f                              0x08005621   Thumb Code     0  fflt_clz.o(x$fpl$fflt)
    _fflt                                    0x08005621   Thumb Code    48  fflt_clz.o(x$fpl$fflt)
    __aeabi_fmul                             0x08005651   Thumb Code     0  fmul.o(x$fpl$fmul)
    _fmul                                    0x08005651   Thumb Code   258  fmul.o(x$fpl$fmul)
    __fpl_fnaninf                            0x08005753   Thumb Code   140  fnaninf.o(x$fpl$fnaninf)
    __fpl_fretinf                            0x080057df   Thumb Code    10  fretinf.o(x$fpl$fretinf)
    __aeabi_fsub                             0x080057e9   Thumb Code     0  faddsub_clz.o(x$fpl$fsub)
    _fsub                                    0x080057e9   Thumb Code   234  faddsub_clz.o(x$fpl$fsub)
    __I$use$fp                               0x080058d2   Number         0  usenofp.o(x$fpl$usenofp)
    mavlink_system                           0x08006520   Data           2  message_system.o(.rodata.mavlink_system)
    Region$$Table$$Base                      0x08006524   Number         0  anon$$obj.o(Region$$Table)
    Region$$Table$$Limit                     0x08006544   Number         0  anon$$obj.o(Region$$Table)
    SystemCoreClock                          0x2000000c   Data           4  system_stm32f10x.o(.data.SystemCoreClock)
    __libspace_start                         0x20000210   Data          96  libspace.o(.bss)
    __temporary_stack_top$libspace           0x20000270   Data           0  libspace.o(.bss)



==============================================================================

Memory Map of the image

  Image Entry point : 0x080001a9

  Load Region LR_1 (Base: 0x08000000, Size: 0x00006754, Max: 0xffffffff, ABSOLUTE, COMPRESSED[0x000065b8])

    Execution Region ER_RO (Exec base: 0x08000000, Load base: 0x08000000, Size: 0x00006544, Max: 0xffffffff, ABSOLUTE)

    Exec Addr    Load Addr    Size         Type   Attr      Idx    E Section Name        Object

    0x08000000   0x08000000   0x000000ec   Data   RO          669    RESET               startup_stm32f10x_ld.o
    0x080000ec   0x080000ec   0x00000008   Code   RO          705  * !!!main             c_w.l(__main.o)
    0x080000f4   0x080000f4   0x00000034   Code   RO          917    !!!scatter          c_w.l(__scatter.o)
    0x08000128   0x08000128   0x0000003a   Code   RO          915    !!dczerorl          c_w.l(__dczerorl.o)
    0x08000162   0x08000162   0x00000002   PAD
    0x08000164   0x08000164   0x0000001c   Code   RO          919    !!handler_zi        c_w.l(__scatter_zi.o)
    0x08000180   0x08000180   0x00000002   Code   RO          779    .ARM.Collect$$libinit$$00000000  c_w.l(libinit.o)
    0x08000182   0x08000182   0x00000000   Code   RO          786    .ARM.Collect$$libinit$$00000002  c_w.l(libinit2.o)
    0x08000182   0x08000182   0x00000000   Code   RO          788    .ARM.Collect$$libinit$$00000004  c_w.l(libinit2.o)
    0x08000182   0x08000182   0x00000000   Code   RO          791    .ARM.Collect$$libinit$$0000000A  c_w.l(libinit2.o)
    0x08000182   0x08000182   0x00000000   Code   RO          793    .ARM.Collect$$libinit$$0000000C  c_w.l(libinit2.o)
    0x08000182   0x08000182   0x00000000   Code   RO          795    .ARM.Collect$$libinit$$0000000E  c_w.l(libinit2.o)
    0x08000182   0x08000182   0x00000000   Code   RO          798    .ARM.Collect$$libinit$$00000011  c_w.l(libinit2.o)
    0x08000182   0x08000182   0x00000000   Code   RO          800    .ARM.Collect$$libinit$$00000013  c_w.l(libinit2.o)
    0x08000182   0x08000182   0x00000000   Code   RO          802    .ARM.Collect$$libinit$$00000015  c_w.l(libinit2.o)
    0x08000182   0x08000182   0x00000000   Code   RO          804    .ARM.Collect$$libinit$$00000017  c_w.l(libinit2.o)
    0x08000182   0x08000182   0x00000000   Code   RO          806    .ARM.Collect$$libinit$$00000019  c_w.l(libinit2.o)
    0x08000182   0x08000182   0x00000000   Code   RO          808    .ARM.Collect$$libinit$$0000001B  c_w.l(libinit2.o)
    0x08000182   0x08000182   0x00000000   Code   RO          810    .ARM.Collect$$libinit$$0000001D  c_w.l(libinit2.o)
    0x08000182   0x08000182   0x00000000   Code   RO          812    .ARM.Collect$$libinit$$0000001F  c_w.l(libinit2.o)
    0x08000182   0x08000182   0x00000000   Code   RO          814    .ARM.Collect$$libinit$$00000021  c_w.l(libinit2.o)
    0x08000182   0x08000182   0x00000000   Code   RO          816    .ARM.Collect$$libinit$$00000023  c_w.l(libinit2.o)
    0x08000182   0x08000182   0x00000000   Code   RO          818    .ARM.Collect$$libinit$$00000025  c_w.l(libinit2.o)
    0x08000182   0x08000182   0x00000000   Code   RO          822    .ARM.Collect$$libinit$$0000002C  c_w.l(libinit2.o)
    0x08000182   0x08000182   0x00000000   Code   RO          824    .ARM.Collect$$libinit$$0000002E  c_w.l(libinit2.o)
    0x08000182   0x08000182   0x00000000   Code   RO          826    .ARM.Collect$$libinit$$00000030  c_w.l(libinit2.o)
    0x08000182   0x08000182   0x00000000   Code   RO          828    .ARM.Collect$$libinit$$00000032  c_w.l(libinit2.o)
    0x08000182   0x08000182   0x00000002   Code   RO          829    .ARM.Collect$$libinit$$00000033  c_w.l(libinit2.o)
    0x08000184   0x08000184   0x00000002   Code   RO          851    .ARM.Collect$$libshutdown$$00000000  c_w.l(libshutdown.o)
    0x08000186   0x08000186   0x00000000   Code   RO          866    .ARM.Collect$$libshutdown$$00000002  c_w.l(libshutdown2.o)
    0x08000186   0x08000186   0x00000000   Code   RO          868    .ARM.Collect$$libshutdown$$00000004  c_w.l(libshutdown2.o)
    0x08000186   0x08000186   0x00000000   Code   RO          871    .ARM.Collect$$libshutdown$$00000007  c_w.l(libshutdown2.o)
    0x08000186   0x08000186   0x00000000   Code   RO          874    .ARM.Collect$$libshutdown$$0000000A  c_w.l(libshutdown2.o)
    0x08000186   0x08000186   0x00000000   Code   RO          876    .ARM.Collect$$libshutdown$$0000000C  c_w.l(libshutdown2.o)
    0x08000186   0x08000186   0x00000000   Code   RO          879    .ARM.Collect$$libshutdown$$0000000F  c_w.l(libshutdown2.o)
    0x08000186   0x08000186   0x00000002   Code   RO          880    .ARM.Collect$$libshutdown$$00000010  c_w.l(libshutdown2.o)
    0x08000188   0x08000188   0x00000000   Code   RO          743    .ARM.Collect$$rtentry$$00000000  c_w.l(__rtentry.o)
    0x08000188   0x08000188   0x00000000   Code   RO          756    .ARM.Collect$$rtentry$$00000002  c_w.l(__rtentry2.o)
    0x08000188   0x08000188   0x00000006   Code   RO          768    .ARM.Collect$$rtentry$$00000004  c_w.l(__rtentry4.o)
    0x0800018e   0x0800018e   0x00000000   Code   RO          758    .ARM.Collect$$rtentry$$00000009  c_w.l(__rtentry2.o)
    0x0800018e   0x0800018e   0x00000004   Code   RO          759    .ARM.Collect$$rtentry$$0000000A  c_w.l(__rtentry2.o)
    0x08000192   0x08000192   0x00000000   Code   RO          761    .ARM.Collect$$rtentry$$0000000C  c_w.l(__rtentry2.o)
    0x08000192   0x08000192   0x00000008   Code   RO          762    .ARM.Collect$$rtentry$$0000000D  c_w.l(__rtentry2.o)
    0x0800019a   0x0800019a   0x00000002   Code   RO          783    .ARM.Collect$$rtexit$$00000000  c_w.l(rtexit.o)
    0x0800019c   0x0800019c   0x00000000   Code   RO          831    .ARM.Collect$$rtexit$$00000002  c_w.l(rtexit2.o)
    0x0800019c   0x0800019c   0x00000004   Code   RO          832    .ARM.Collect$$rtexit$$00000003  c_w.l(rtexit2.o)
    0x080001a0   0x080001a0   0x00000006   Code   RO          833    .ARM.Collect$$rtexit$$00000004  c_w.l(rtexit2.o)
    0x080001a6   0x080001a6   0x00000002   PAD
    0x080001a8   0x080001a8   0x00000040   Code   RO          670  * .text               startup_stm32f10x_ld.o
    0x080001e8   0x080001e8   0x00000058   Code   RO          695    .text               c_w.l(memcmp.o)
    0x08000240   0x08000240   0x0000008a   Code   RO          697    .text               c_w.l(rt_memcpy_v6.o)
    0x080002ca   0x080002ca   0x00000064   Code   RO          699    .text               c_w.l(rt_memcpy_w.o)
    0x0800032e   0x0800032e   0x00000044   Code   RO          701    .text               c_w.l(rt_memclr.o)
    0x08000372   0x08000372   0x00000006   Code   RO          703    .text               c_w.l(heapauxi.o)
    0x08000378   0x08000378   0x0000004e   Code   RO          744    .text               c_w.l(rt_memclr_w.o)
    0x080003c6   0x080003c6   0x0000004a   Code   RO          770    .text               c_w.l(sys_stackheap_outer.o)
    0x08000410   0x08000410   0x00000012   Code   RO          772    .text               c_w.l(exit.o)
    0x08000422   0x08000422   0x00000002   PAD
    0x08000424   0x08000424   0x00000008   Code   RO          780    .text               c_w.l(libspace.o)
    0x0800042c   0x0800042c   0x0000000c   Code   RO          841    .text               c_w.l(sys_exit.o)
    0x08000438   0x08000438   0x00000002   Code   RO          856    .text               c_w.l(use_no_semi.o)
    0x0800043a   0x0800043a   0x00000000   Code   RO          858    .text               c_w.l(indicate_semi.o)
    0x0800043a   0x0800043a   0x00000002   PAD
    0x0800043c   0x0800043c   0x00000018   Code   RO           11    .text.CORE_Configuration  core.o
    0x08000454   0x08000454   0x00000002   Code   RO           19    .text.CORE_Loop     core.o
    0x08000456   0x08000456   0x00000002   PAD
    0x08000458   0x08000458   0x00000056   Code   RO          107    .text.CommandAckSender  message.o
    0x080004ae   0x080004ae   0x00000002   PAD
    0x080004b0   0x080004b0   0x00000092   Code   RO           17    .text.GPIO_Configuration  core.o
    0x08000542   0x08000542   0x00000002   PAD
    0x08000544   0x08000544   0x00000186   Code   RO          302    .text.GPIO_Init     stm32f10x_gpio.o
    0x080006ca   0x080006ca   0x00000002   PAD
    0x080006cc   0x080006cc   0x000000fa   Code   RO          328    .text.GPIO_PinRemapConfig  stm32f10x_gpio.o
    0x080007c6   0x080007c6   0x00000002   PAD
    0x080007c8   0x080007c8   0x0000002c   Code   RO          318    .text.GPIO_WriteBit  stm32f10x_gpio.o
    0x080007f4   0x080007f4   0x0000000c   Code   RO           32    .text.GetBootTimeMs  timer.o
    0x08000800   0x08000800   0x0000000e   Code   RO           30    .text.HeartBeatSended  timer.o
    0x0800080e   0x0800080e   0x00000002   PAD
    0x08000810   0x08000810   0x0000008a   Code   RO          101    .text.HeartBeatSender  message.o
    0x0800089a   0x0800089a   0x00000002   PAD
    0x0800089c   0x0800089c   0x00000078   Code   RO          178    .text.MessageAttitudeSender  message_sensor.o
    0x08000914   0x08000914   0x000000c4   Code   RO          182    .text.MessageGPSIntSender  message_sensor.o
    0x080009d8   0x080009d8   0x000000c0   Code   RO          176    .text.MessageIMUSender  message_sensor.o
    0x08000a98   0x08000a98   0x00000010   Code   RO           99    .text.MessageManager  message.o
    0x08000aa8   0x08000aa8   0x00000088   Code   RO          180    .text.MessagePressureSender  message_sensor.o
    0x08000b30   0x08000b30   0x00000054   Code   RO          184    .text.MessageQuaternionSender  message_sensor.o
    0x08000b84   0x08000b84   0x00000068   Code   RO          103    .text.MessageReceiver  message.o
    0x08000bec   0x08000bec   0x00000086   Code   RO          174    .text.MessageSensorSender  message_sensor.o
    0x08000c72   0x08000c72   0x00000002   PAD
    0x08000c74   0x08000c74   0x0000005a   Code   RO           15    .text.NVIC_Configuration  core.o
    0x08000cce   0x08000cce   0x00000002   PAD
    0x08000cd0   0x08000cd0   0x000000aa   Code   RO          283    .text.NVIC_Init     misc.o
    0x08000d7a   0x08000d7a   0x00000002   PAD
    0x08000d7c   0x08000d7c   0x0000001c   Code   RO          281    .text.NVIC_PriorityGroupConfig  misc.o
    0x08000d98   0x08000d98   0x00000038   Code   RO          387    .text.RCC_APB1PeriphClockCmd  stm32f10x_rcc.o
    0x08000dd0   0x08000dd0   0x00000038   Code   RO          385    .text.RCC_APB2PeriphClockCmd  stm32f10x_rcc.o
    0x08000e08   0x08000e08   0x00000036   Code   RO           13    .text.RCC_Configuration  core.o
    0x08000e3e   0x08000e3e   0x00000002   PAD
    0x08000e40   0x08000e40   0x00000172   Code   RO          381    .text.RCC_GetClocksFreq  stm32f10x_rcc.o
    0x08000fb2   0x08000fb2   0x00000002   PAD
    0x08000fb4   0x08000fb4   0x0000002c   Code   RO          363    .text.RCC_PCLK1Config  stm32f10x_rcc.o
    0x08000fe0   0x08000fe0   0x00000074   Code   RO          247    .text.SensorManager  sensor.o
    0x08001054   0x08001054   0x0000000e   Code   RO          265    .text.SensorReaded  sensor_status.o
    0x08001062   0x08001062   0x00000002   PAD
    0x08001064   0x08001064   0x0000000c   Code   RO          263    .text.SensorRefreshed  sensor_status.o
    0x08001070   0x08001070   0x0000001a   Code   RO          259    .text.SensorScaledGet  sensor_status.o
    0x0800108a   0x0800108a   0x00000002   PAD
    0x0800108c   0x0800108c   0x000005be   Code   RO          261    .text.SensorSetFromBuffer  sensor_status.o
    0x0800164a   0x0800164a   0x00000002   PAD
    0x0800164c   0x0800164c   0x00000008   Code   RO          679    .text.SetSysClock   system_stm32f10x.o
    0x08001654   0x08001654   0x00000122   Code   RO          683    .text.SetSysClockTo72  system_stm32f10x.o
    0x08001776   0x08001776   0x00000002   PAD
    0x08001778   0x08001778   0x00000066   Code   RO          677    .text.SystemInit    system_stm32f10x.o
    0x080017de   0x080017de   0x00000002   PAD
    0x080017e0   0x080017e0   0x00000002   Code   RO           38    .text.TIM2CC1Handler  timer.o
    0x080017e2   0x080017e2   0x00000002   PAD
    0x080017e4   0x080017e4   0x00000002   Code   RO           40    .text.TIM2CC2Handler  timer.o
    0x080017e6   0x080017e6   0x00000002   PAD
    0x080017e8   0x080017e8   0x00000002   Code   RO           42    .text.TIM2CC3Handler  timer.o
    0x080017ea   0x080017ea   0x00000002   PAD
    0x080017ec   0x080017ec   0x00000042   Code   RO           44    .text.TIM2CC4Handler  timer.o
    0x0800182e   0x0800182e   0x00000002   PAD
    0x08001830   0x08001830   0x0000011e   Code   RO           36    .text.TIM2_IRQHandler  timer.o
    0x0800194e   0x0800194e   0x00000002   PAD
    0x08001950   0x08001950   0x00000112   Code   RO           34    .text.TIMER_BASE_Configuration  timer.o
    0x08001a62   0x08001a62   0x00000002   PAD
    0x08001a64   0x08001a64   0x00000016   Code   RO          594    .text.TIM_ClearITPendingBit  stm32f10x_tim.o
    0x08001a7a   0x08001a7a   0x00000002   PAD
    0x08001a7c   0x08001a7c   0x0000002c   Code   RO          456    .text.TIM_Cmd       stm32f10x_tim.o
    0x08001aa8   0x08001aa8   0x0000000c   Code   RO          576    .text.TIM_GetCapture1  stm32f10x_tim.o
    0x08001ab4   0x08001ab4   0x0000000c   Code   RO          578    .text.TIM_GetCapture2  stm32f10x_tim.o
    0x08001ac0   0x08001ac0   0x0000000c   Code   RO          580    .text.TIM_GetCapture3  stm32f10x_tim.o
    0x08001acc   0x08001acc   0x0000000e   Code   RO          582    .text.TIM_GetCapture4  stm32f10x_tim.o
    0x08001ada   0x08001ada   0x00000002   PAD
    0x08001adc   0x08001adc   0x0000005a   Code   RO          592    .text.TIM_GetITStatus  stm32f10x_tim.o
    0x08001b36   0x08001b36   0x00000002   PAD
    0x08001b38   0x08001b38   0x00000034   Code   RO          460    .text.TIM_ITConfig  stm32f10x_tim.o
    0x08001b6c   0x08001b6c   0x00000162   Code   RO          418    .text.TIM_OC1Init   stm32f10x_tim.o
    0x08001cce   0x08001cce   0x00000002   PAD
    0x08001cd0   0x08001cd0   0x0000003c   Code   RO          504    .text.TIM_OC1PreloadConfig  stm32f10x_tim.o
    0x08001d0c   0x08001d0c   0x00000140   Code   RO          420    .text.TIM_OC2Init   stm32f10x_tim.o
    0x08001e4c   0x08001e4c   0x0000003e   Code   RO          506    .text.TIM_OC2PreloadConfig  stm32f10x_tim.o
    0x08001e8a   0x08001e8a   0x00000002   PAD
    0x08001e8c   0x08001e8c   0x0000013e   Code   RO          422    .text.TIM_OC3Init   stm32f10x_tim.o
    0x08001fca   0x08001fca   0x00000002   PAD
    0x08001fcc   0x08001fcc   0x0000003c   Code   RO          508    .text.TIM_OC3PreloadConfig  stm32f10x_tim.o
    0x08002008   0x08002008   0x000000ee   Code   RO          424    .text.TIM_OC4Init   stm32f10x_tim.o
    0x080020f6   0x080020f6   0x00000002   PAD
    0x080020f8   0x080020f8   0x0000003e   Code   RO          510    .text.TIM_OC4PreloadConfig  stm32f10x_tim.o
    0x08002136   0x08002136   0x00000002   PAD
    0x08002138   0x08002138   0x00000020   Code   RO          482    .text.TIM_PrescalerConfig  stm32f10x_tim.o
    0x08002158   0x08002158   0x00000014   Code   RO          566    .text.TIM_SetCompare1  stm32f10x_tim.o
    0x0800216c   0x0800216c   0x00000014   Code   RO          568    .text.TIM_SetCompare2  stm32f10x_tim.o
    0x08002180   0x08002180   0x00000014   Code   RO          570    .text.TIM_SetCompare3  stm32f10x_tim.o
    0x08002194   0x08002194   0x00000016   Code   RO          572    .text.TIM_SetCompare4  stm32f10x_tim.o
    0x080021aa   0x080021aa   0x00000002   PAD
    0x080021ac   0x080021ac   0x00000142   Code   RO          416    .text.TIM_TimeBaseInit  stm32f10x_tim.o
    0x080022ee   0x080022ee   0x00000002   PAD
    0x080022f0   0x080022f0   0x000000ba   Code   RO           64    .text.USART1_IRQHandler  usart.o
    0x080023aa   0x080023aa   0x00000002   PAD
    0x080023ac   0x080023ac   0x000000ba   Code   RO           72    .text.USART2_IRQHandler  usart.o
    0x08002466   0x08002466   0x00000002   PAD
    0x08002468   0x08002468   0x0000002c   Code   RO          613    .text.USART_Cmd     stm32f10x_usart.o
    0x08002494   0x08002494   0x000000ac   Code   RO           62    .text.USART_Configuration  usart.o
    0x08002540   0x08002540   0x000000b0   Code   RO          657    .text.USART_GetITStatus  stm32f10x_usart.o
    0x080025f0   0x080025f0   0x00000092   Code   RO          615    .text.USART_ITConfig  stm32f10x_usart.o
    0x08002682   0x08002682   0x00000002   PAD
    0x08002684   0x08002684   0x0000015c   Code   RO          605    .text.USART_Init    stm32f10x_usart.o
    0x080027e0   0x080027e0   0x00000010   Code   RO          631    .text.USART_ReceiveData  stm32f10x_usart.o
    0x080027f0   0x080027f0   0x00000018   Code   RO          629    .text.USART_SendData  stm32f10x_usart.o
    0x08002808   0x08002808   0x00000034   Code   RO           68    .text.USARTc_Available  usart.o
    0x0800283c   0x0800283c   0x0000004c   Code   RO           70    .text.USARTc_ReadByte  usart.o
    0x08002888   0x08002888   0x00000076   Code   RO           66    .text.USARTc_SendBuffer  usart.o
    0x080028fe   0x080028fe   0x00000002   PAD
    0x08002900   0x08002900   0x00000034   Code   RO           76    .text.USARTs_Available  usart.o
    0x08002934   0x08002934   0x0000004c   Code   RO           78    .text.USARTs_ReadByte  usart.o
    0x08002980   0x08002980   0x00000010   Code   RO          115    .text._mav_parse_error  message.o
    0x08002990   0x08002990   0x0000004a   Code   RO          151    .text._mav_trim_payload  message.o
    0x080029da   0x080029da   0x00000002   PAD
    0x080029dc   0x080029dc   0x0000004a   Code   RO          200    .text._mav_trim_payload  message_sensor.o
    0x08002a26   0x08002a26   0x00000002   PAD
    0x08002a28   0x08002a28   0x0000003c   Code   RO          127    .text.crc_accumulate  message.o
    0x08002a64   0x08002a64   0x0000003c   Code   RO          206    .text.crc_accumulate  message_sensor.o
    0x08002aa0   0x08002aa0   0x00000034   Code   RO          155    .text.crc_accumulate_buffer  message.o
    0x08002ad4   0x08002ad4   0x00000034   Code   RO          204    .text.crc_accumulate_buffer  message_sensor.o
    0x08002b08   0x08002b08   0x00000038   Code   RO          153    .text.crc_calculate  message.o
    0x08002b40   0x08002b40   0x00000038   Code   RO          202    .text.crc_calculate  message_sensor.o
    0x08002b78   0x08002b78   0x00000010   Code   RO          137    .text.crc_init      message.o
    0x08002b88   0x08002b88   0x00000010   Code   RO          210    .text.crc_init      message_sensor.o
    0x08002b98   0x08002b98   0x00000010   Code   RO           28    .text.isHeartBeatRequired  timer.o
    0x08002ba8   0x08002ba8   0x00000046   Code   RO          267    .text.isSensorInitlized  sensor_status.o
    0x08002bee   0x08002bee   0x00000002   PAD
    0x08002bf0   0x08002bf0   0x0000001c   Code   RO            2    .text.main          main.o
    0x08002c0c   0x08002c0c   0x00000052   Code   RO          145    .text.mavlink_finalize_message  message.o
    0x08002c5e   0x08002c5e   0x00000002   PAD
    0x08002c60   0x08002c60   0x00000052   Code   RO          192    .text.mavlink_finalize_message  message_sensor.o
    0x08002cb2   0x08002cb2   0x00000002   PAD
    0x08002cb4   0x08002cb4   0x0000022e   Code   RO          149    .text.mavlink_finalize_message_buffer  message.o
    0x08002ee2   0x08002ee2   0x00000002   PAD
    0x08002ee4   0x08002ee4   0x0000022e   Code   RO          198    .text.mavlink_finalize_message_buffer  message_sensor.o
    0x08003112   0x08003112   0x00000002   PAD
    0x08003114   0x08003114   0x00000062   Code   RO          147    .text.mavlink_finalize_message_chan  message.o
    0x08003176   0x08003176   0x00000002   PAD
    0x08003178   0x08003178   0x00000062   Code   RO          194    .text.mavlink_finalize_message_chan  message_sensor.o
    0x080031da   0x080031da   0x00000002   PAD
    0x080031dc   0x080031dc   0x0000003e   Code   RO          109    .text.mavlink_frame_char  message.o
    0x0800321a   0x0800321a   0x00000002   PAD
    0x0800321c   0x0800321c   0x00000528   Code   RO          119    .text.mavlink_frame_char_buffer  message.o
    0x08003744   0x08003744   0x0000001e   Code   RO          111    .text.mavlink_get_channel_buffer  message.o
    0x08003762   0x08003762   0x00000002   PAD
    0x08003764   0x08003764   0x0000001e   Code   RO          113    .text.mavlink_get_channel_status  message.o
    0x08003782   0x08003782   0x00000002   PAD
    0x08003784   0x08003784   0x0000001e   Code   RO          196    .text.mavlink_get_channel_status  message_sensor.o
    0x080037a2   0x080037a2   0x00000002   PAD
    0x080037a4   0x080037a4   0x000000a8   Code   RO          123    .text.mavlink_get_msg_entry  message.o
    0x0800384c   0x0800384c   0x00000060   Code   RO          224    .text.mavlink_msg_attitude_encode  message_sensor.o
    0x080038ac   0x080038ac   0x00000080   Code   RO          226    .text.mavlink_msg_attitude_pack  message_sensor.o
    0x0800392c   0x0800392c   0x00000054   Code   RO          139    .text.mavlink_msg_command_ack_encode  message.o
    0x08003980   0x08003980   0x000000a0   Code   RO          143    .text.mavlink_msg_command_ack_pack  message.o
    0x08003a20   0x08003a20   0x000000ce   Code   RO          228    .text.mavlink_msg_gps_raw_int_encode  message_sensor.o
    0x08003aee   0x08003aee   0x00000002   PAD
    0x08003af0   0x08003af0   0x00000104   Code   RO          230    .text.mavlink_msg_gps_raw_int_pack  message_sensor.o
    0x08003bf4   0x08003bf4   0x0000004c   Code   RO          159    .text.mavlink_msg_heartbeat_encode  message.o
    0x08003c40   0x08003c40   0x00000092   Code   RO          161    .text.mavlink_msg_heartbeat_pack  message.o
    0x08003cd2   0x08003cd2   0x00000002   PAD
    0x08003cd4   0x08003cd4   0x00000080   Code   RO          186    .text.mavlink_msg_scaled_imu_encode  message_sensor.o
    0x08003d54   0x08003d54   0x000000f6   Code   RO          190    .text.mavlink_msg_scaled_imu_pack  message_sensor.o
    0x08003e4a   0x08003e4a   0x00000002   PAD
    0x08003e4c   0x08003e4c   0x0000004c   Code   RO          220    .text.mavlink_msg_scaled_pressure_encode  message_sensor.o
    0x08003e98   0x08003e98   0x00000084   Code   RO          222    .text.mavlink_msg_scaled_pressure_pack  message_sensor.o
    0x08003f1c   0x08003f1c   0x0000015e   Code   RO          141    .text.mavlink_msg_to_send_buffer  message.o
    0x0800407a   0x0800407a   0x00000002   PAD
    0x0800407c   0x0800407c   0x0000015e   Code   RO          188    .text.mavlink_msg_to_send_buffer  message_sensor.o
    0x080041da   0x080041da   0x00000002   PAD
    0x080041dc   0x080041dc   0x00000096   Code   RO          105    .text.mavlink_parse_char  message.o
    0x08004272   0x08004272   0x00000002   PAD
    0x08004274   0x08004274   0x000001a4   Code   RO          135    .text.mavlink_sha256_calc  message.o
    0x08004418   0x08004418   0x000001a4   Code   RO          218    .text.mavlink_sha256_calc  message_sensor.o
    0x080045bc   0x080045bc   0x000000ca   Code   RO          133    .text.mavlink_sha256_final_48  message.o
    0x08004686   0x08004686   0x00000002   PAD
    0x08004688   0x08004688   0x000000ca   Code   RO          216    .text.mavlink_sha256_final_48  message_sensor.o
    0x08004752   0x08004752   0x00000002   PAD
    0x08004754   0x08004754   0x00000072   Code   RO          129    .text.mavlink_sha256_init  message.o
    0x080047c6   0x080047c6   0x00000002   PAD
    0x080047c8   0x080047c8   0x00000072   Code   RO          212    .text.mavlink_sha256_init  message_sensor.o
    0x0800483a   0x0800483a   0x00000002   PAD
    0x0800483c   0x0800483c   0x000000f6   Code   RO          131    .text.mavlink_sha256_update  message.o
    0x08004932   0x08004932   0x00000002   PAD
    0x08004934   0x08004934   0x000000f6   Code   RO          214    .text.mavlink_sha256_update  message_sensor.o
    0x08004a2a   0x08004a2a   0x00000002   PAD
    0x08004a2c   0x08004a2c   0x000000c2   Code   RO          157    .text.mavlink_sign_packet  message.o
    0x08004aee   0x08004aee   0x00000002   PAD
    0x08004af0   0x08004af0   0x000000c2   Code   RO          208    .text.mavlink_sign_packet  message_sensor.o
    0x08004bb2   0x08004bb2   0x00000002   PAD
    0x08004bb4   0x08004bb4   0x0000023a   Code   RO          125    .text.mavlink_signature_check  message.o
    0x08004dee   0x08004dee   0x00000002   PAD
    0x08004df0   0x08004df0   0x00000020   Code   RO          117    .text.mavlink_start_checksum  message.o
    0x08004e10   0x08004e10   0x00000028   Code   RO          121    .text.mavlink_update_checksum  message.o
    0x08004e38   0x08004e38   0x00000062   Code   RO          707    x$fpl$d2f           fz_ws.l(d2f.o)
    0x08004e9a   0x08004e9a   0x00000002   PAD
    0x08004e9c   0x08004e9c   0x000002b4   Code   RO          710    x$fpl$ddiv          fz_ws.l(ddiv.o)
    0x08005150   0x08005150   0x0000005e   Code   RO          713    x$fpl$dfix          fz_ws.l(dfix.o)
    0x080051ae   0x080051ae   0x0000002e   Code   RO          718    x$fpl$dflt          fz_ws.l(dflt_clz.o)
    0x080051dc   0x080051dc   0x00000154   Code   RO          723    x$fpl$dmul          fz_ws.l(dmul.o)
    0x08005330   0x08005330   0x0000009c   Code   RO          746    x$fpl$dnaninf       fz_ws.l(dnaninf.o)
    0x080053cc   0x080053cc   0x0000000c   Code   RO          748    x$fpl$dretinf       fz_ws.l(dretinf.o)
    0x080053d8   0x080053d8   0x000000c4   Code   RO          725    x$fpl$fadd          fz_ws.l(faddsub_clz.o)
    0x0800549c   0x0800549c   0x00000184   Code   RO          732    x$fpl$fdiv          fz_ws.l(fdiv.o)
    0x08005620   0x08005620   0x00000030   Code   RO          736    x$fpl$fflt          fz_ws.l(fflt_clz.o)
    0x08005650   0x08005650   0x00000102   Code   RO          741    x$fpl$fmul          fz_ws.l(fmul.o)
    0x08005752   0x08005752   0x0000008c   Code   RO          750    x$fpl$fnaninf       fz_ws.l(fnaninf.o)
    0x080057de   0x080057de   0x0000000a   Code   RO          752    x$fpl$fretinf       fz_ws.l(fretinf.o)
    0x080057e8   0x080057e8   0x000000ea   Code   RO          727    x$fpl$fsub          fz_ws.l(faddsub_clz.o)
    0x080058d2   0x080058d2   0x00000000   Code   RO          754    x$fpl$usenofp       fz_ws.l(usenofp.o)
    0x080058d2   0x080058d2   0x00000004   Data   RO          406    .rodata.ADCPrescTable  stm32f10x_rcc.o
    0x080058d6   0x080058d6   0x00000010   Data   RO          405    .rodata.APBAHBPrescTable  stm32f10x_rcc.o
    0x080058e6   0x080058e6   0x00000002   PAD
    0x080058e8   0x080058e8   0x00000a38   Data   RO          163    .rodata.mavlink_get_msg_entry.mavlink_message_crcs  message.o
    0x08006320   0x08006320   0x00000100   Data   RO          164    .rodata.mavlink_sha256_constant_256  message.o
    0x08006420   0x08006420   0x00000100   Data   RO          233    .rodata.mavlink_sha256_constant_256  message_sensor.o
    0x08006520   0x08006520   0x00000002   Data   RO          241    .rodata.mavlink_system  message_system.o
    0x08006522   0x08006522   0x00000002   PAD
    0x08006524   0x08006524   0x00000020   Data   RO          914    Region$$Table       anon$$obj.o


    Execution Region ER_RW (Exec base: 0x20000000, Load base: 0x08006544, Size: 0x00000210, Max: 0xffffffff, ABSOLUTE, COMPRESSED[0x00000074])

    Exec Addr    Load Addr    Size         Type   Attr      Idx    E Section Name        Object

    0x20000000   COMPRESSED   0x00000002   Data   RW           49    .data.CCR1_Val      timer.o
    0x20000002   COMPRESSED   0x00000002   Data   RW           50    .data.CCR2_Val      timer.o
    0x20000004   COMPRESSED   0x00000002   Data   RW           51    .data.CCR3_Val      timer.o
    0x20000006   COMPRESSED   0x00000002   Data   RW           52    .data.CCR4_Val      timer.o
    0x20000008   COMPRESSED   0x00000001   Data   RW           85    .data.NbrOfDataToTransfer1  usart.o
    0x20000009   COMPRESSED   0x00000001   Data   RW           91    .data.NbrOfDataToTransfer2  usart.o
    0x2000000a   COMPRESSED   0x00000002   PAD
    0x2000000c   COMPRESSED   0x00000004   Data   RW          685    .data.SystemCoreClock  system_stm32f10x.o
    0x20000010   COMPRESSED   0x000000ff   Data   RW           83    .data.TxBuffer1     usart.o
    0x2000010f   COMPRESSED   0x000000ff   Data   RW           89    .data.TxBuffer2     usart.o


    Execution Region ER_ZI (Exec base: 0x20000210, Load base: 0x080065b8, Size: 0x00000eb0, Max: 0xffffffff, ABSOLUTE)

    Exec Addr    Load Addr    Size         Type   Attr      Idx    E Section Name        Object

    0x20000210        -       0x00000060   Zero   RW          781    .bss                c_w.l(libspace.o)
    0x20000270        -       0x00000001   Zero   RW           81    .bss.NbrOfDataToRead1  usart.o
    0x20000271        -       0x00000001   Zero   RW           87    .bss.NbrOfDataToRead2  usart.o
    0x20000272        -       0x00000002   Zero   RW           48    .bss.PrescalerValue  timer.o
    0x20000274        -       0x000000fe   Zero   RW           80    .bss.RxBuffer1      usart.o
    0x20000372        -       0x000000fe   Zero   RW           86    .bss.RxBuffer2      usart.o
    0x20000470        -       0x00000001   Zero   RW           82    .bss.RxCounter1     usart.o
    0x20000471        -       0x00000001   Zero   RW           88    .bss.RxCounter2     usart.o
    0x20000472        -       0x00000010   Zero   RW          249    .bss.SensorManager.ucRxBuffer  sensor.o
    0x20000482        -       0x00000001   Zero   RW          250    .bss.SensorManager.ucRxCnt  sensor.o
    0x20000483   0x080065b8   0x00000001   PAD
    0x20000484        -       0x00000004   Zero   RW           54    .bss.TIM2CC4_Count  timer.o
    0x20000488        -       0x00000001   Zero   RW           84    .bss.TxCounter1     usart.o
    0x20000489        -       0x00000001   Zero   RW           90    .bss.TxCounter2     usart.o
    0x2000048a   0x080065b8   0x00000002   PAD
    0x2000048c        -       0x00000004   Zero   RW           47    .bss.boot_time      timer.o
    0x20000490        -       0x00000002   Zero   RW           53    .bss.capture        timer.o
    0x20000492        -       0x00000001   Zero   RW           46    .bss.heartBeat      timer.o
    0x20000493        -       0x0000000b   Zero   RW          271    .bss.initlized      sensor_status.o
    0x2000049e        -       0x0000048c   Zero   RW          165    .bss.mavlink_get_channel_buffer.m_mavlink_buffer  message.o
    0x2000092a   0x080065b8   0x00000002   PAD
    0x2000092c        -       0x00000060   Zero   RW          166    .bss.mavlink_get_channel_status.m_mavlink_status  message.o
    0x2000098c        -       0x00000060   Zero   RW          232    .bss.mavlink_get_channel_status.m_mavlink_status  message_sensor.o
    0x200009ec        -       0x00000004   Zero   RW          272    .bss.oriPressure    sensor_status.o
    0x200009f0        -       0x00000058   Zero   RW          269    .bss.rawSensorStatus  sensor_status.o
    0x20000a48        -       0x00000074   Zero   RW          270    .bss.scaledSensorStatus  sensor_status.o
    0x20000abc        -       0x00000001   Zero   RW          273    .bss.sensorRefreshed  sensor_status.o
    0x20000abd   0x080065b8   0x00000003   PAD
    0x20000ac0        -       0x00000200   Zero   RW          668    HEAP                startup_stm32f10x_ld.o
    0x20000cc0        -       0x00000400   Zero   RW          667    STACK               startup_stm32f10x_ld.o


==============================================================================

Image component sizes


      Code (inc. data)   RO Data    RW Data    ZI Data      Debug   Object Name

       316          0          0          0          0       3335   core.o
        28          0          0          0          0        425   main.o
      5750         32       2872          0       1260      19023   message.o
      4686         10        256          0         96      15957   message_sensor.o
         0          0          2          0          0        651   message_system.o
       198          0          0          0          0       3287   misc.o
       116          0          0          0         17        634   sensor.o
      1592         22          0          0        220       4088   sensor_status.o
        64         26        236          0       1536        864   startup_stm32f10x_ld.o
       684          0          0          0          0       5703   stm32f10x_gpio.o
       526          0         20          0          0       7022   stm32f10x_rcc.o
      2168          0          0          0          0      20335   stm32f10x_tim.o
       754          0          0          0          0       7492   stm32f10x_usart.o
       400          0          0          4          0       2902   system_stm32f10x.o
       674          0          0          8         13       3662   timer.o
       918          0          0        512        514       3513   usart.o

    ----------------------------------------------------------------------
     19004         90       3422        528       3664      98893   Object Totals
         0          0         32          0          0          0   (incl. Generated)
       130          0          4          4          8          0   (incl. Padding)

    ----------------------------------------------------------------------

      Code (inc. data)   RO Data    RW Data    ZI Data      Debug   Library Member Name

        58          0          0          0          0          0   __dczerorl.o
         8          0          0          0          0         68   __main.o
         0          0          0          0          0          0   __rtentry.o
        12          0          0          0          0          0   __rtentry2.o
         6          0          0          0          0          0   __rtentry4.o
        52          8          0          0          0          0   __scatter.o
        28          0          0          0          0          0   __scatter_zi.o
        18          0          0          0          0         80   exit.o
         6          0          0          0          0        152   heapauxi.o
         0          0          0          0          0          0   indicate_semi.o
         2          0          0          0          0          0   libinit.o
         2          0          0          0          0          0   libinit2.o
         2          0          0          0          0          0   libshutdown.o
         2          0          0          0          0          0   libshutdown2.o
         8          4          0          0         96         68   libspace.o
        88          0          0          0          0         76   memcmp.o
        68          0          0          0          0         68   rt_memclr.o
        78          0          0          0          0         80   rt_memclr_w.o
       138          0          0          0          0         68   rt_memcpy_v6.o
       100          0          0          0          0         80   rt_memcpy_w.o
         2          0          0          0          0          0   rtexit.o
        10          0          0          0          0          0   rtexit2.o
        12          4          0          0          0         68   sys_exit.o
        74          0          0          0          0         80   sys_stackheap_outer.o
         2          0          0          0          0         68   use_no_semi.o
        98          4          0          0          0         92   d2f.o
       692        140          0          0          0        216   ddiv.o
        94          4          0          0          0         92   dfix.o
        46          0          0          0          0         68   dflt_clz.o
       340         12          0          0          0        104   dmul.o
       156          4          0          0          0         92   dnaninf.o
        12          0          0          0          0         68   dretinf.o
       430          8          0          0          0        168   faddsub_clz.o
       388         76          0          0          0         96   fdiv.o
        48          0          0          0          0         68   fflt_clz.o
       258          4          0          0          0         84   fmul.o
       140          4          0          0          0         84   fnaninf.o
        10          0          0          0          0         68   fretinf.o
         0          0          0          0          0          0   usenofp.o

    ----------------------------------------------------------------------
      3498        272          0          0         96       2256   Library Totals
        10          0          0          0          0          0   (incl. Padding)

    ----------------------------------------------------------------------

      Code (inc. data)   RO Data    RW Data    ZI Data      Debug   Library Name

       776         16          0          0         96        956   c_w.l
      2712        256          0          0          0       1300   fz_ws.l

    ----------------------------------------------------------------------
      3498        272          0          0         96       2256   Library Totals

    ----------------------------------------------------------------------

==============================================================================


      Code (inc. data)   RO Data    RW Data    ZI Data      Debug   

     22502        362       3422        528       3760      99793   Grand Totals
     22502        362       3422        116       3760      99793   ELF Image Totals (compressed)
     22502        362       3422        116          0          0   ROM Totals

==============================================================================

    Total RO  Size (Code + RO Data)                25924 (  25.32kB)
    Total RW  Size (RW Data + ZI Data)              4288 (   4.19kB)
    Total ROM Size (Code + RO Data + RW Data)      26040 (  25.43kB)

==============================================================================

